
D:\code\AntiGravity\pdftoolskit-main\components\tools\ChatTool.tsx
  230:73  error  `'` can be escaped with `&apos;`, `&lsquo;`, `&#39;`, `&rsquo;`  react/no-unescaped-entities

D:\code\AntiGravity\pdftoolskit-main\public\pdf-lib.js
      2:5    error  Expected an assignment or function call and instead saw an expression      @typescript-eslint/no-unused-expressions
      3:37   error  'define' is not defined                                                    no-undef
      3:50   error  'define' is not defined                                                    no-undef
     26:54   error  Do not access Object.prototype method 'hasOwnProperty' from target object  no-prototype-builtins
     52:29   error  'p' is already defined                                                     no-redeclare
     64:37   error  Expected an assignment or function call and instead saw an expression      @typescript-eslint/no-unused-expressions
     99:39   error  'i' is already defined                                                     no-redeclare
    168:48   error  Unnecessary escape character: \/                                           no-useless-escape
    168:50   error  Unnecessary escape character: \+                                           no-useless-escape
    223:50   error  Unexpected control character(s) in regular expression: \x0b                no-control-regex
    224:57   error  Unexpected control character(s) in regular expression: \x0b                no-control-regex
    226:29   error  Unexpected control character(s) in regular expression: \x0b                no-control-regex
    353:18   error  'idx' is already defined                                                   no-redeclare
    373:18   error  'idx' is already defined                                                   no-redeclare
    373:27   error  'len' is already defined                                                   no-redeclare
    566:21   error  'byte1' is already defined                                                 no-redeclare
    573:21   error  'byte1' is already defined                                                 no-redeclare
    574:21   error  'byte2' is already defined                                                 no-redeclare
    581:21   error  'byte1' is already defined                                                 no-redeclare
    582:21   error  'byte2' is already defined                                                 no-redeclare
    583:21   error  'byte3' is already defined                                                 no-redeclare
    854:17   error  'e' is already defined                                                     no-redeclare
    889:4    error  Mixed spaces and tabs                                                      no-mixed-spaces-and-tabs
    890:4    error  Mixed spaces and tabs                                                      no-mixed-spaces-and-tabs
    891:4    error  Mixed spaces and tabs                                                      no-mixed-spaces-and-tabs
    892:4    error  Mixed spaces and tabs                                                      no-mixed-spaces-and-tabs
    895:4    error  Mixed spaces and tabs                                                      no-mixed-spaces-and-tabs
    899:4    error  Mixed spaces and tabs                                                      no-mixed-spaces-and-tabs
   2231:4    error  Mixed spaces and tabs                                                      no-mixed-spaces-and-tabs
   2232:4    error  Mixed spaces and tabs                                                      no-mixed-spaces-and-tabs
   2233:4    error  Mixed spaces and tabs                                                      no-mixed-spaces-and-tabs
   2234:4    error  Mixed spaces and tabs                                                      no-mixed-spaces-and-tabs
   2235:4    error  Mixed spaces and tabs                                                      no-mixed-spaces-and-tabs
   4251:4    error  Mixed spaces and tabs                                                      no-mixed-spaces-and-tabs
   4252:4    error  Mixed spaces and tabs                                                      no-mixed-spaces-and-tabs
   4253:4    error  Mixed spaces and tabs                                                      no-mixed-spaces-and-tabs
   4254:4    error  Mixed spaces and tabs                                                      no-mixed-spaces-and-tabs
   4255:4    error  Mixed spaces and tabs                                                      no-mixed-spaces-and-tabs
   4256:4    error  Mixed spaces and tabs                                                      no-mixed-spaces-and-tabs
   4257:4    error  Mixed spaces and tabs                                                      no-mixed-spaces-and-tabs
   4258:4    error  Mixed spaces and tabs                                                      no-mixed-spaces-and-tabs
   4259:4    error  Mixed spaces and tabs                                                      no-mixed-spaces-and-tabs
   4444:4    error  Mixed spaces and tabs                                                      no-mixed-spaces-and-tabs
   4445:4    error  Mixed spaces and tabs                                                      no-mixed-spaces-and-tabs
   4446:4    error  Mixed spaces and tabs                                                      no-mixed-spaces-and-tabs
   4447:4    error  Mixed spaces and tabs                                                      no-mixed-spaces-and-tabs
   4448:4    error  Mixed spaces and tabs                                                      no-mixed-spaces-and-tabs
   4890:4    error  Mixed spaces and tabs                                                      no-mixed-spaces-and-tabs
   4891:4    error  Mixed spaces and tabs                                                      no-mixed-spaces-and-tabs
   4892:4    error  Mixed spaces and tabs                                                      no-mixed-spaces-and-tabs
   4893:4    error  Mixed spaces and tabs                                                      no-mixed-spaces-and-tabs
   7135:4    error  Mixed spaces and tabs                                                      no-mixed-spaces-and-tabs
   7136:4    error  Mixed spaces and tabs                                                      no-mixed-spaces-and-tabs
   7137:4    error  Mixed spaces and tabs                                                      no-mixed-spaces-and-tabs
   7138:4    error  Mixed spaces and tabs                                                      no-mixed-spaces-and-tabs
   7139:4    error  Mixed spaces and tabs                                                      no-mixed-spaces-and-tabs
   7140:4    error  Mixed spaces and tabs                                                      no-mixed-spaces-and-tabs
   7141:4    error  Mixed spaces and tabs                                                      no-mixed-spaces-and-tabs
   7142:4    error  Mixed spaces and tabs                                                      no-mixed-spaces-and-tabs
   7143:4    error  Mixed spaces and tabs                                                      no-mixed-spaces-and-tabs
   7144:4    error  Mixed spaces and tabs                                                      no-mixed-spaces-and-tabs
   7685:4    error  Mixed spaces and tabs                                                      no-mixed-spaces-and-tabs
   7686:4    error  Mixed spaces and tabs                                                      no-mixed-spaces-and-tabs
   7687:4    error  Mixed spaces and tabs                                                      no-mixed-spaces-and-tabs
   7688:4    error  Mixed spaces and tabs                                                      no-mixed-spaces-and-tabs
   7830:17   error  Unexpected aliasing of 'this' to local variable                            @typescript-eslint/no-this-alias
   7868:17   error  Unexpected aliasing of 'this' to local variable                            @typescript-eslint/no-this-alias
   8170:17   error  Unexpected aliasing of 'this' to local variable                            @typescript-eslint/no-this-alias
   8180:17   error  Unexpected aliasing of 'this' to local variable                            @typescript-eslint/no-this-alias
   8190:17   error  Unexpected aliasing of 'this' to local variable                            @typescript-eslint/no-this-alias
   8205:17   error  Unexpected aliasing of 'this' to local variable                            @typescript-eslint/no-this-alias
   8215:17   error  Unexpected aliasing of 'this' to local variable                            @typescript-eslint/no-this-alias
   8225:17   error  Unexpected aliasing of 'this' to local variable                            @typescript-eslint/no-this-alias
   8235:17   error  Unexpected aliasing of 'this' to local variable                            @typescript-eslint/no-this-alias
   8246:17   error  Unexpected aliasing of 'this' to local variable                            @typescript-eslint/no-this-alias
   8257:17   error  Unexpected aliasing of 'this' to local variable                            @typescript-eslint/no-this-alias
   8267:17   error  Unexpected aliasing of 'this' to local variable                            @typescript-eslint/no-this-alias
   8277:17   error  Unexpected aliasing of 'this' to local variable                            @typescript-eslint/no-this-alias
   8287:17   error  Unexpected aliasing of 'this' to local variable                            @typescript-eslint/no-this-alias
   8297:17   error  Unexpected aliasing of 'this' to local variable                            @typescript-eslint/no-this-alias
   8307:17   error  Unexpected aliasing of 'this' to local variable                            @typescript-eslint/no-this-alias
   8317:17   error  Unexpected aliasing of 'this' to local variable                            @typescript-eslint/no-this-alias
   8327:17   error  Unexpected aliasing of 'this' to local variable                            @typescript-eslint/no-this-alias
   8337:17   error  Unexpected aliasing of 'this' to local variable                            @typescript-eslint/no-this-alias
   8347:17   error  Unexpected aliasing of 'this' to local variable                            @typescript-eslint/no-this-alias
   8357:17   error  Unexpected aliasing of 'this' to local variable                            @typescript-eslint/no-this-alias
   8368:17   error  Unexpected aliasing of 'this' to local variable                            @typescript-eslint/no-this-alias
   8379:17   error  Unexpected aliasing of 'this' to local variable                            @typescript-eslint/no-this-alias
   8389:17   error  Unexpected aliasing of 'this' to local variable                            @typescript-eslint/no-this-alias
   8399:17   error  Unexpected aliasing of 'this' to local variable                            @typescript-eslint/no-this-alias
   8409:17   error  Unexpected aliasing of 'this' to local variable                            @typescript-eslint/no-this-alias
   8419:17   error  Unexpected aliasing of 'this' to local variable                            @typescript-eslint/no-this-alias
   8429:17   error  Unexpected aliasing of 'this' to local variable                            @typescript-eslint/no-this-alias
   8439:17   error  Unexpected aliasing of 'this' to local variable                            @typescript-eslint/no-this-alias
   8449:17   error  Unexpected aliasing of 'this' to local variable                            @typescript-eslint/no-this-alias
   9849:4    error  Mixed spaces and tabs                                                      no-mixed-spaces-and-tabs
   9850:4    error  Mixed spaces and tabs                                                      no-mixed-spaces-and-tabs
   9851:4    error  Mixed spaces and tabs                                                      no-mixed-spaces-and-tabs
   9852:4    error  Mixed spaces and tabs                                                      no-mixed-spaces-and-tabs
   9853:4    error  Mixed spaces and tabs                                                      no-mixed-spaces-and-tabs
  11869:4    error  Mixed spaces and tabs                                                      no-mixed-spaces-and-tabs
  11870:4    error  Mixed spaces and tabs                                                      no-mixed-spaces-and-tabs
  11871:4    error  Mixed spaces and tabs                                                      no-mixed-spaces-and-tabs
  11872:4    error  Mixed spaces and tabs                                                      no-mixed-spaces-and-tabs
  11873:4    error  Mixed spaces and tabs                                                      no-mixed-spaces-and-tabs
  11874:4    error  Mixed spaces and tabs                                                      no-mixed-spaces-and-tabs
  11875:4    error  Mixed spaces and tabs                                                      no-mixed-spaces-and-tabs
  11876:4    error  Mixed spaces and tabs                                                      no-mixed-spaces-and-tabs
  11877:4    error  Mixed spaces and tabs                                                      no-mixed-spaces-and-tabs
  12062:4    error  Mixed spaces and tabs                                                      no-mixed-spaces-and-tabs
  12063:4    error  Mixed spaces and tabs                                                      no-mixed-spaces-and-tabs
  12064:4    error  Mixed spaces and tabs                                                      no-mixed-spaces-and-tabs
  12065:4    error  Mixed spaces and tabs                                                      no-mixed-spaces-and-tabs
  12066:4    error  Mixed spaces and tabs                                                      no-mixed-spaces-and-tabs
  12508:4    error  Mixed spaces and tabs                                                      no-mixed-spaces-and-tabs
  12509:4    error  Mixed spaces and tabs                                                      no-mixed-spaces-and-tabs
  12510:4    error  Mixed spaces and tabs                                                      no-mixed-spaces-and-tabs
  12511:4    error  Mixed spaces and tabs                                                      no-mixed-spaces-and-tabs
  14753:4    error  Mixed spaces and tabs                                                      no-mixed-spaces-and-tabs
  14754:4    error  Mixed spaces and tabs                                                      no-mixed-spaces-and-tabs
  14755:4    error  Mixed spaces and tabs                                                      no-mixed-spaces-and-tabs
  14756:4    error  Mixed spaces and tabs                                                      no-mixed-spaces-and-tabs
  14757:4    error  Mixed spaces and tabs                                                      no-mixed-spaces-and-tabs
  14758:4    error  Mixed spaces and tabs                                                      no-mixed-spaces-and-tabs
  14759:4    error  Mixed spaces and tabs                                                      no-mixed-spaces-and-tabs
  14760:4    error  Mixed spaces and tabs                                                      no-mixed-spaces-and-tabs
  14761:4    error  Mixed spaces and tabs                                                      no-mixed-spaces-and-tabs
  14762:4    error  Mixed spaces and tabs                                                      no-mixed-spaces-and-tabs
  15303:4    error  Mixed spaces and tabs                                                      no-mixed-spaces-and-tabs
  15304:4    error  Mixed spaces and tabs                                                      no-mixed-spaces-and-tabs
  15305:4    error  Mixed spaces and tabs                                                      no-mixed-spaces-and-tabs
  15306:4    error  Mixed spaces and tabs                                                      no-mixed-spaces-and-tabs
  15520:17   error  Unexpected aliasing of 'this' to local variable                            @typescript-eslint/no-this-alias
  15600:17   error  Unexpected aliasing of 'this' to local variable                            @typescript-eslint/no-this-alias
  15973:17   error  Unexpected aliasing of 'this' to local variable                            @typescript-eslint/no-this-alias
  16192:17   error  Unexpected aliasing of 'this' to local variable                            @typescript-eslint/no-this-alias
  16359:26   error  'idx' is already defined                                                   no-redeclare
  16359:35   error  'len' is already defined                                                   no-redeclare
  16644:17   error  Unexpected aliasing of 'this' to local variable                            @typescript-eslint/no-this-alias
  16981:17   error  Unexpected aliasing of 'this' to local variable                            @typescript-eslint/no-this-alias
  16997:29   error  Expected an assignment or function call and instead saw an expression      @typescript-eslint/no-unused-expressions
  17003:29   error  Expected an assignment or function call and instead saw an expression      @typescript-eslint/no-unused-expressions
  17005:25   error  Expected a 'break' statement before 'case'                                 no-fallthrough
  17007:29   error  Expected an assignment or function call and instead saw an expression      @typescript-eslint/no-unused-expressions
  17034:25   error  Expected a 'break' statement before 'case'                                 no-fallthrough
  17078:29   error  Expected an assignment or function call and instead saw an expression      @typescript-eslint/no-unused-expressions
  17080:25   error  Expected a 'break' statement before 'case'                                 no-fallthrough
  17091:25   error  Expected a 'break' statement before 'case'                                 no-fallthrough
  17186:29   error  'type' is already defined                                                  no-redeclare
  17186:71   error  'ref' is already defined                                                   no-redeclare
  17190:29   error  'type' is already defined                                                  no-redeclare
  17245:17   error  Unexpected aliasing of 'this' to local variable                            @typescript-eslint/no-this-alias
  17260:26   error  'idx' is already defined                                                   no-redeclare
  17263:26   error  'idx' is already defined                                                   no-redeclare
  17282:26   error  'idx' is already defined                                                   no-redeclare
  17285:26   error  'idx' is already defined                                                   no-redeclare
  17327:218  error  'idx' is already defined                                                   no-redeclare
  17327:223  error  'len' is already defined                                                   no-redeclare
  17327:228  error  'chunk' is already defined                                                 no-redeclare
  17327:235  error  'ref' is already defined                                                   no-redeclare
  17339:29   error  Expected an assignment or function call and instead saw an expression      @typescript-eslint/no-unused-expressions
  17341:25   error  Expected a 'break' statement before 'case'                                 no-fallthrough
  17344:29   error  Expected an assignment or function call and instead saw an expression      @typescript-eslint/no-unused-expressions
  17358:25   error  Expected a 'break' statement before 'case'                                 no-fallthrough
  17371:25   error  Expected a 'break' statement before 'case'                                 no-fallthrough
  17375:29   error  Expected an assignment or function call and instead saw an expression      @typescript-eslint/no-unused-expressions
  17377:25   error  Expected a 'break' statement before 'case'                                 no-fallthrough
  17390:25   error  Expected a 'break' statement before 'case'                                 no-fallthrough
  17762:17   error  Unexpected aliasing of 'this' to local variable                            @typescript-eslint/no-this-alias
  17905:29   error  Expected an assignment or function call and instead saw an expression      @typescript-eslint/no-unused-expressions
  17906:29   error  Expected an assignment or function call and instead saw an expression      @typescript-eslint/no-unused-expressions
  18033:17   error  Unexpected aliasing of 'this' to local variable                            @typescript-eslint/no-this-alias
  18071:21   error  Expected an assignment or function call and instead saw an expression      @typescript-eslint/no-unused-expressions
  19538:4    error  Mixed spaces and tabs                                                      no-mixed-spaces-and-tabs
  19539:4    error  Mixed spaces and tabs                                                      no-mixed-spaces-and-tabs
  19540:4    error  Mixed spaces and tabs                                                      no-mixed-spaces-and-tabs
  19541:4    error  Mixed spaces and tabs                                                      no-mixed-spaces-and-tabs
  19542:4    error  Mixed spaces and tabs                                                      no-mixed-spaces-and-tabs
  21558:4    error  Mixed spaces and tabs                                                      no-mixed-spaces-and-tabs
  21559:4    error  Mixed spaces and tabs                                                      no-mixed-spaces-and-tabs
  21560:4    error  Mixed spaces and tabs                                                      no-mixed-spaces-and-tabs
  21561:4    error  Mixed spaces and tabs                                                      no-mixed-spaces-and-tabs
  21562:4    error  Mixed spaces and tabs                                                      no-mixed-spaces-and-tabs
  21563:4    error  Mixed spaces and tabs                                                      no-mixed-spaces-and-tabs
  21564:4    error  Mixed spaces and tabs                                                      no-mixed-spaces-and-tabs
  21565:4    error  Mixed spaces and tabs                                                      no-mixed-spaces-and-tabs
  21566:4    error  Mixed spaces and tabs                                                      no-mixed-spaces-and-tabs
  21751:4    error  Mixed spaces and tabs                                                      no-mixed-spaces-and-tabs
  21752:4    error  Mixed spaces and tabs                                                      no-mixed-spaces-and-tabs
  21753:4    error  Mixed spaces and tabs                                                      no-mixed-spaces-and-tabs
  21754:4    error  Mixed spaces and tabs                                                      no-mixed-spaces-and-tabs
  21755:4    error  Mixed spaces and tabs                                                      no-mixed-spaces-and-tabs
  22197:4    error  Mixed spaces and tabs                                                      no-mixed-spaces-and-tabs
  22198:4    error  Mixed spaces and tabs                                                      no-mixed-spaces-and-tabs
  22199:4    error  Mixed spaces and tabs                                                      no-mixed-spaces-and-tabs
  22200:4    error  Mixed spaces and tabs                                                      no-mixed-spaces-and-tabs
  24442:4    error  Mixed spaces and tabs                                                      no-mixed-spaces-and-tabs
  24443:4    error  Mixed spaces and tabs                                                      no-mixed-spaces-and-tabs
  24444:4    error  Mixed spaces and tabs                                                      no-mixed-spaces-and-tabs
  24445:4    error  Mixed spaces and tabs                                                      no-mixed-spaces-and-tabs
  24446:4    error  Mixed spaces and tabs                                                      no-mixed-spaces-and-tabs
  24447:4    error  Mixed spaces and tabs                                                      no-mixed-spaces-and-tabs
  24448:4    error  Mixed spaces and tabs                                                      no-mixed-spaces-and-tabs
  24449:4    error  Mixed spaces and tabs                                                      no-mixed-spaces-and-tabs
  24450:4    error  Mixed spaces and tabs                                                      no-mixed-spaces-and-tabs
  24451:4    error  Mixed spaces and tabs                                                      no-mixed-spaces-and-tabs
  24992:4    error  Mixed spaces and tabs                                                      no-mixed-spaces-and-tabs
  24993:4    error  Mixed spaces and tabs                                                      no-mixed-spaces-and-tabs
  24994:4    error  Mixed spaces and tabs                                                      no-mixed-spaces-and-tabs
  24995:4    error  Mixed spaces and tabs                                                      no-mixed-spaces-and-tabs
  25012:4    error  Mixed spaces and tabs                                                      no-mixed-spaces-and-tabs
  25016:4    error  Mixed spaces and tabs                                                      no-mixed-spaces-and-tabs
  25017:4    error  Mixed spaces and tabs                                                      no-mixed-spaces-and-tabs
  25018:4    error  Mixed spaces and tabs                                                      no-mixed-spaces-and-tabs
  25019:4    error  Mixed spaces and tabs                                                      no-mixed-spaces-and-tabs
  25020:4    error  Mixed spaces and tabs                                                      no-mixed-spaces-and-tabs
  25021:4    error  Mixed spaces and tabs                                                      no-mixed-spaces-and-tabs
  25022:4    error  Mixed spaces and tabs                                                      no-mixed-spaces-and-tabs
  25023:4    error  Mixed spaces and tabs                                                      no-mixed-spaces-and-tabs
  25024:4    error  Mixed spaces and tabs                                                      no-mixed-spaces-and-tabs
  25025:4    error  Mixed spaces and tabs                                                      no-mixed-spaces-and-tabs
  25026:4    error  Mixed spaces and tabs                                                      no-mixed-spaces-and-tabs
  25027:4    error  Mixed spaces and tabs                                                      no-mixed-spaces-and-tabs
  25028:4    error  Mixed spaces and tabs                                                      no-mixed-spaces-and-tabs
  25029:4    error  Mixed spaces and tabs                                                      no-mixed-spaces-and-tabs
  25030:4    error  Mixed spaces and tabs                                                      no-mixed-spaces-and-tabs
  25031:4    error  Mixed spaces and tabs                                                      no-mixed-spaces-and-tabs
  25032:4    error  Mixed spaces and tabs                                                      no-mixed-spaces-and-tabs
  25033:4    error  Mixed spaces and tabs                                                      no-mixed-spaces-and-tabs
  25034:4    error  Mixed spaces and tabs                                                      no-mixed-spaces-and-tabs
  25035:4    error  Mixed spaces and tabs                                                      no-mixed-spaces-and-tabs
  25036:4    error  Mixed spaces and tabs                                                      no-mixed-spaces-and-tabs
  25037:4    error  Mixed spaces and tabs                                                      no-mixed-spaces-and-tabs
  25038:4    error  Mixed spaces and tabs                                                      no-mixed-spaces-and-tabs
  25038:39   error  'j' is already defined                                                     no-redeclare
  25039:4    error  Mixed spaces and tabs                                                      no-mixed-spaces-and-tabs
  25040:4    error  Mixed spaces and tabs                                                      no-mixed-spaces-and-tabs
  25044:4    error  Mixed spaces and tabs                                                      no-mixed-spaces-and-tabs
  25045:4    error  Mixed spaces and tabs                                                      no-mixed-spaces-and-tabs
  25047:4    error  Mixed spaces and tabs                                                      no-mixed-spaces-and-tabs
  25048:4    error  Mixed spaces and tabs                                                      no-mixed-spaces-and-tabs
  25049:4    error  Mixed spaces and tabs                                                      no-mixed-spaces-and-tabs
  25051:4    error  Mixed spaces and tabs                                                      no-mixed-spaces-and-tabs
  25052:4    error  Mixed spaces and tabs                                                      no-mixed-spaces-and-tabs
  25053:4    error  Mixed spaces and tabs                                                      no-mixed-spaces-and-tabs
  25054:4    error  Mixed spaces and tabs                                                      no-mixed-spaces-and-tabs
  25054:29   error  'i' is already defined                                                     no-redeclare
  25055:4    error  Mixed spaces and tabs                                                      no-mixed-spaces-and-tabs
  25056:4    error  Mixed spaces and tabs                                                      no-mixed-spaces-and-tabs
  25057:4    error  Mixed spaces and tabs                                                      no-mixed-spaces-and-tabs
  25058:4    error  Mixed spaces and tabs                                                      no-mixed-spaces-and-tabs
  25059:4    error  Mixed spaces and tabs                                                      no-mixed-spaces-and-tabs
  25059:30   error  'i' is already defined                                                     no-redeclare
  25060:4    error  Mixed spaces and tabs                                                      no-mixed-spaces-and-tabs
  25060:30   error  'i' is already defined                                                     no-redeclare
  25060:55   error  'ti' is already defined                                                    no-redeclare
  25061:4    error  Mixed spaces and tabs                                                      no-mixed-spaces-and-tabs
  25062:4    error  Mixed spaces and tabs                                                      no-mixed-spaces-and-tabs
  25063:4    error  Mixed spaces and tabs                                                      no-mixed-spaces-and-tabs
  25063:30   error  'i' is already defined                                                     no-redeclare
  25063:64   error  'ti' is already defined                                                    no-redeclare
  25064:4    error  Mixed spaces and tabs                                                      no-mixed-spaces-and-tabs
  25065:4    error  Mixed spaces and tabs                                                      no-mixed-spaces-and-tabs
  25065:30   error  'i' is already defined                                                     no-redeclare
  25065:55   error  'qi' is already defined                                                    no-redeclare
  25065:64   error  'ti' is already defined                                                    no-redeclare
  25066:4    error  Mixed spaces and tabs                                                      no-mixed-spaces-and-tabs
  25067:4    error  Mixed spaces and tabs                                                      no-mixed-spaces-and-tabs
  25068:4    error  Mixed spaces and tabs                                                      no-mixed-spaces-and-tabs
  25069:4    error  Mixed spaces and tabs                                                      no-mixed-spaces-and-tabs
  25070:4    error  Mixed spaces and tabs                                                      no-mixed-spaces-and-tabs
  25071:4    error  Mixed spaces and tabs                                                      no-mixed-spaces-and-tabs
  25072:4    error  Mixed spaces and tabs                                                      no-mixed-spaces-and-tabs
  25073:4    error  Mixed spaces and tabs                                                      no-mixed-spaces-and-tabs
  25073:16   error  'i' is already defined                                                     no-redeclare
  25073:37   error  'qi' is already defined                                                    no-redeclare
  25074:4    error  Mixed spaces and tabs                                                      no-mixed-spaces-and-tabs
  25075:4    error  Mixed spaces and tabs                                                      no-mixed-spaces-and-tabs
  25075:28   error  'y' is already defined                                                     no-redeclare
  25075:50   error  's0' is already defined                                                    no-redeclare
  25075:62   error  't0' is already defined                                                    no-redeclare
  25076:4    error  Mixed spaces and tabs                                                      no-mixed-spaces-and-tabs
  25076:16   error  'i' is already defined                                                     no-redeclare
  25076:37   error  'qi' is already defined                                                    no-redeclare
  25076:51   error  'j' is already defined                                                     no-redeclare
  25076:93   error  'cj' is already defined                                                    no-redeclare
  25077:4    error  Mixed spaces and tabs                                                      no-mixed-spaces-and-tabs
  25078:4    error  Mixed spaces and tabs                                                      no-mixed-spaces-and-tabs
  25078:28   error  'y' is already defined                                                     no-redeclare
  25078:50   error  's0' is already defined                                                    no-redeclare
  25078:62   error  't0' is already defined                                                    no-redeclare
  25079:4    error  Mixed spaces and tabs                                                      no-mixed-spaces-and-tabs
  25079:16   error  'i' is already defined                                                     no-redeclare
  25079:37   error  'qi' is already defined                                                    no-redeclare
  25079:51   error  'j' is already defined                                                     no-redeclare
  25079:93   error  'cj' is already defined                                                    no-redeclare
  25080:4    error  Mixed spaces and tabs                                                      no-mixed-spaces-and-tabs
  25081:4    error  Mixed spaces and tabs                                                      no-mixed-spaces-and-tabs
  25081:28   error  'i' is already defined                                                     no-redeclare
  25081:54   error  'qi' is already defined                                                    no-redeclare
  25081:63   error  'j' is already defined                                                     no-redeclare
  25081:96   error  'cj' is already defined                                                    no-redeclare
  25082:4    error  Mixed spaces and tabs                                                      no-mixed-spaces-and-tabs
  25083:4    error  Mixed spaces and tabs                                                      no-mixed-spaces-and-tabs
  25084:4    error  Mixed spaces and tabs                                                      no-mixed-spaces-and-tabs
  25084:30   error  'i' is already defined                                                     no-redeclare
  25084:55   error  'qi' is already defined                                                    no-redeclare
  25085:4    error  Mixed spaces and tabs                                                      no-mixed-spaces-and-tabs
  25085:30   error  'i' is already defined                                                     no-redeclare
  25085:55   error  'qi' is already defined                                                    no-redeclare
  25085:64   error  'di' is already defined                                                    no-redeclare
  25085:73   error  'gr' is already defined                                                    no-redeclare
  25086:4    error  Mixed spaces and tabs                                                      no-mixed-spaces-and-tabs
  25087:4    error  Mixed spaces and tabs                                                      no-mixed-spaces-and-tabs
  25088:4    error  Mixed spaces and tabs                                                      no-mixed-spaces-and-tabs
  25088:11   error  'tr' is already defined                                                    no-redeclare
  25089:4    error  Mixed spaces and tabs                                                      no-mixed-spaces-and-tabs
  25089:15   error  'y' is already defined                                                     no-redeclare
  25090:4    error  Mixed spaces and tabs                                                      no-mixed-spaces-and-tabs
  25091:4    error  Mixed spaces and tabs                                                      no-mixed-spaces-and-tabs
  25091:57   error  'gr' is already defined                                                    no-redeclare
  25092:4    error  Mixed spaces and tabs                                                      no-mixed-spaces-and-tabs
  25092:35   error  'x' is already defined                                                     no-redeclare
  25092:57   error  'gr' is already defined                                                    no-redeclare
  25092:108  error  'al' is already defined                                                    no-redeclare
  25093:4    error  Mixed spaces and tabs                                                      no-mixed-spaces-and-tabs
  25093:35   error  'x' is already defined                                                     no-redeclare
  25093:57   error  'gr' is already defined                                                    no-redeclare
  25093:108  error  'al' is already defined                                                    no-redeclare
  25094:4    error  Mixed spaces and tabs                                                      no-mixed-spaces-and-tabs
  25094:35   error  'x' is already defined                                                     no-redeclare
  25094:57   error  'gr' is already defined                                                    no-redeclare
  25094:78   error  'al' is already defined                                                    no-redeclare
  25095:4    error  Mixed spaces and tabs                                                      no-mixed-spaces-and-tabs
  25095:35   error  'x' is already defined                                                     no-redeclare
  25095:57   error  'gr' is already defined                                                    no-redeclare
  25095:78   error  'al' is already defined                                                    no-redeclare
  25096:4    error  Mixed spaces and tabs                                                      no-mixed-spaces-and-tabs
  25097:4    error  Mixed spaces and tabs                                                      no-mixed-spaces-and-tabs
  25098:4    error  Mixed spaces and tabs                                                      no-mixed-spaces-and-tabs
  25099:4    error  Mixed spaces and tabs                                                      no-mixed-spaces-and-tabs
  25106:4    error  Mixed spaces and tabs                                                      no-mixed-spaces-and-tabs
  25107:4    error  Mixed spaces and tabs                                                      no-mixed-spaces-and-tabs
  25108:4    error  Mixed spaces and tabs                                                      no-mixed-spaces-and-tabs
  25109:4    error  Mixed spaces and tabs                                                      no-mixed-spaces-and-tabs
  25110:4    error  Mixed spaces and tabs                                                      no-mixed-spaces-and-tabs
  25111:4    error  Mixed spaces and tabs                                                      no-mixed-spaces-and-tabs
  25112:4    error  Mixed spaces and tabs                                                      no-mixed-spaces-and-tabs
  25114:4    error  Mixed spaces and tabs                                                      no-mixed-spaces-and-tabs
  25115:4    error  Mixed spaces and tabs                                                      no-mixed-spaces-and-tabs
  25116:4    error  Mixed spaces and tabs                                                      no-mixed-spaces-and-tabs
  25117:4    error  Mixed spaces and tabs                                                      no-mixed-spaces-and-tabs
  25118:4    error  Mixed spaces and tabs                                                      no-mixed-spaces-and-tabs
  25119:4    error  Mixed spaces and tabs                                                      no-mixed-spaces-and-tabs
  25120:4    error  Mixed spaces and tabs                                                      no-mixed-spaces-and-tabs
  25121:4    error  Mixed spaces and tabs                                                      no-mixed-spaces-and-tabs
  25122:4    error  Mixed spaces and tabs                                                      no-mixed-spaces-and-tabs
  25122:16   error  'i' is already defined                                                     no-redeclare
  25123:4    error  Mixed spaces and tabs                                                      no-mixed-spaces-and-tabs
  25124:4    error  Mixed spaces and tabs                                                      no-mixed-spaces-and-tabs
  25125:4    error  Mixed spaces and tabs                                                      no-mixed-spaces-and-tabs
  25126:4    error  Mixed spaces and tabs                                                      no-mixed-spaces-and-tabs
  25127:4    error  Mixed spaces and tabs                                                      no-mixed-spaces-and-tabs
  25128:4    error  Mixed spaces and tabs                                                      no-mixed-spaces-and-tabs
  25129:4    error  Mixed spaces and tabs                                                      no-mixed-spaces-and-tabs
  25130:4    error  Mixed spaces and tabs                                                      no-mixed-spaces-and-tabs
  25131:4    error  Mixed spaces and tabs                                                      no-mixed-spaces-and-tabs
  25132:4    error  Mixed spaces and tabs                                                      no-mixed-spaces-and-tabs
  25133:4    error  Mixed spaces and tabs                                                      no-mixed-spaces-and-tabs
  25134:4    error  Mixed spaces and tabs                                                      no-mixed-spaces-and-tabs
  25135:4    error  Mixed spaces and tabs                                                      no-mixed-spaces-and-tabs
  25136:4    error  Mixed spaces and tabs                                                      no-mixed-spaces-and-tabs
  25137:4    error  Mixed spaces and tabs                                                      no-mixed-spaces-and-tabs
  25138:4    error  Mixed spaces and tabs                                                      no-mixed-spaces-and-tabs
  25139:4    error  Mixed spaces and tabs                                                      no-mixed-spaces-and-tabs
  25140:4    error  Mixed spaces and tabs                                                      no-mixed-spaces-and-tabs
  25140:16   error  'i' is already defined                                                     no-redeclare
  25141:4    error  Mixed spaces and tabs                                                      no-mixed-spaces-and-tabs
  25142:4    error  Mixed spaces and tabs                                                      no-mixed-spaces-and-tabs
  25143:4    error  Mixed spaces and tabs                                                      no-mixed-spaces-and-tabs
  25144:4    error  Mixed spaces and tabs                                                      no-mixed-spaces-and-tabs
  25145:4    error  Mixed spaces and tabs                                                      no-mixed-spaces-and-tabs
  25146:4    error  Mixed spaces and tabs                                                      no-mixed-spaces-and-tabs
  25147:4    error  Mixed spaces and tabs                                                      no-mixed-spaces-and-tabs
  25148:4    error  Mixed spaces and tabs                                                      no-mixed-spaces-and-tabs
  25148:16   error  'i' is already defined                                                     no-redeclare
  25149:4    error  Mixed spaces and tabs                                                      no-mixed-spaces-and-tabs
  25150:4    error  Mixed spaces and tabs                                                      no-mixed-spaces-and-tabs
  25151:4    error  Mixed spaces and tabs                                                      no-mixed-spaces-and-tabs
  25152:4    error  Mixed spaces and tabs                                                      no-mixed-spaces-and-tabs
  25153:4    error  Mixed spaces and tabs                                                      no-mixed-spaces-and-tabs
  25154:4    error  Mixed spaces and tabs                                                      no-mixed-spaces-and-tabs
  25155:4    error  Mixed spaces and tabs                                                      no-mixed-spaces-and-tabs
  25156:4    error  Mixed spaces and tabs                                                      no-mixed-spaces-and-tabs
  25157:4    error  Mixed spaces and tabs                                                      no-mixed-spaces-and-tabs
  25158:4    error  Mixed spaces and tabs                                                      no-mixed-spaces-and-tabs
  25159:4    error  Mixed spaces and tabs                                                      no-mixed-spaces-and-tabs
  25159:12   error  'nz' is already defined                                                    no-redeclare
  25160:4    error  Mixed spaces and tabs                                                      no-mixed-spaces-and-tabs
  25161:4    error  Mixed spaces and tabs                                                      no-mixed-spaces-and-tabs
  25161:12   error  'keyw' is already defined                                                  no-redeclare
  25163:4    error  Mixed spaces and tabs                                                      no-mixed-spaces-and-tabs
  25164:4    error  Mixed spaces and tabs                                                      no-mixed-spaces-and-tabs
  25165:4    error  Mixed spaces and tabs                                                      no-mixed-spaces-and-tabs
  25166:4    error  Mixed spaces and tabs                                                      no-mixed-spaces-and-tabs
  25167:4    error  Mixed spaces and tabs                                                      no-mixed-spaces-and-tabs
  25167:12   error  'text' is already defined                                                  no-redeclare
  25168:4    error  Mixed spaces and tabs                                                      no-mixed-spaces-and-tabs
  25169:4    error  Mixed spaces and tabs                                                      no-mixed-spaces-and-tabs
  25170:4    error  Mixed spaces and tabs                                                      no-mixed-spaces-and-tabs
  25171:4    error  Mixed spaces and tabs                                                      no-mixed-spaces-and-tabs
  25172:4    error  Mixed spaces and tabs                                                      no-mixed-spaces-and-tabs
  25173:4    error  Mixed spaces and tabs                                                      no-mixed-spaces-and-tabs
  25174:4    error  Mixed spaces and tabs                                                      no-mixed-spaces-and-tabs
  25175:4    error  Mixed spaces and tabs                                                      no-mixed-spaces-and-tabs
  25175:38   error  'i' is already defined                                                     no-redeclare
  25176:4    error  Mixed spaces and tabs                                                      no-mixed-spaces-and-tabs
  25177:4    error  Mixed spaces and tabs                                                      no-mixed-spaces-and-tabs
  25178:4    error  Mixed spaces and tabs                                                      no-mixed-spaces-and-tabs
  25179:4    error  Mixed spaces and tabs                                                      no-mixed-spaces-and-tabs
  25180:4    error  Mixed spaces and tabs                                                      no-mixed-spaces-and-tabs
  25181:4    error  Mixed spaces and tabs                                                      no-mixed-spaces-and-tabs
  25182:4    error  Mixed spaces and tabs                                                      no-mixed-spaces-and-tabs
  25183:4    error  Mixed spaces and tabs                                                      no-mixed-spaces-and-tabs
  25184:4    error  Mixed spaces and tabs                                                      no-mixed-spaces-and-tabs
  25185:4    error  Mixed spaces and tabs                                                      no-mixed-spaces-and-tabs
  25186:4    error  Mixed spaces and tabs                                                      no-mixed-spaces-and-tabs
  25187:4    error  Mixed spaces and tabs                                                      no-mixed-spaces-and-tabs
  25188:4    error  Mixed spaces and tabs                                                      no-mixed-spaces-and-tabs
  25189:4    error  Mixed spaces and tabs                                                      no-mixed-spaces-and-tabs
  25190:4    error  Mixed spaces and tabs                                                      no-mixed-spaces-and-tabs
  25191:4    error  Mixed spaces and tabs                                                      no-mixed-spaces-and-tabs
  25192:4    error  Mixed spaces and tabs                                                      no-mixed-spaces-and-tabs
  25193:4    error  Mixed spaces and tabs                                                      no-mixed-spaces-and-tabs
  25194:4    error  Mixed spaces and tabs                                                      no-mixed-spaces-and-tabs
  25195:4    error  Mixed spaces and tabs                                                      no-mixed-spaces-and-tabs
  25196:4    error  Mixed spaces and tabs                                                      no-mixed-spaces-and-tabs
  25197:4    error  Mixed spaces and tabs                                                      no-mixed-spaces-and-tabs
  25198:4    error  Mixed spaces and tabs                                                      no-mixed-spaces-and-tabs
  25198:25   error  'fr' is already defined                                                    no-redeclare
  25199:4    error  Mixed spaces and tabs                                                      no-mixed-spaces-and-tabs
  25200:4    error  Mixed spaces and tabs                                                      no-mixed-spaces-and-tabs
  25201:4    error  Mixed spaces and tabs                                                      no-mixed-spaces-and-tabs
  25202:4    error  Mixed spaces and tabs                                                      no-mixed-spaces-and-tabs
  25203:4    error  Mixed spaces and tabs                                                      no-mixed-spaces-and-tabs
  25204:4    error  Mixed spaces and tabs                                                      no-mixed-spaces-and-tabs
  25208:4    error  Mixed spaces and tabs                                                      no-mixed-spaces-and-tabs
  25209:4    error  Mixed spaces and tabs                                                      no-mixed-spaces-and-tabs
  25210:4    error  Mixed spaces and tabs                                                      no-mixed-spaces-and-tabs
  25211:4    error  Mixed spaces and tabs                                                      no-mixed-spaces-and-tabs
  25212:4    error  Mixed spaces and tabs                                                      no-mixed-spaces-and-tabs
  25213:4    error  Mixed spaces and tabs                                                      no-mixed-spaces-and-tabs
  25222:102  error  'c' is already defined                                                     no-redeclare
  25225:43   error  Unexpected constant condition                                              no-constant-condition
  25233:72   error  'M' is already defined                                                     no-redeclare
  25244:85   error  'R' is already defined                                                     no-redeclare
  25252:4    error  Mixed spaces and tabs                                                      no-mixed-spaces-and-tabs
  25253:4    error  Mixed spaces and tabs                                                      no-mixed-spaces-and-tabs
  25254:4    error  Mixed spaces and tabs                                                      no-mixed-spaces-and-tabs
  25255:4    error  Mixed spaces and tabs                                                      no-mixed-spaces-and-tabs
  25257:4    error  Mixed spaces and tabs                                                      no-mixed-spaces-and-tabs
  25258:4    error  Mixed spaces and tabs                                                      no-mixed-spaces-and-tabs
  25259:4    error  Mixed spaces and tabs                                                      no-mixed-spaces-and-tabs
  25260:4    error  Mixed spaces and tabs                                                      no-mixed-spaces-and-tabs
  25262:4    error  Mixed spaces and tabs                                                      no-mixed-spaces-and-tabs
  25263:4    error  Mixed spaces and tabs                                                      no-mixed-spaces-and-tabs
  25264:4    error  Mixed spaces and tabs                                                      no-mixed-spaces-and-tabs
  25265:4    error  Mixed spaces and tabs                                                      no-mixed-spaces-and-tabs
  25266:4    error  Mixed spaces and tabs                                                      no-mixed-spaces-and-tabs
  25267:4    error  Mixed spaces and tabs                                                      no-mixed-spaces-and-tabs
  25268:4    error  Mixed spaces and tabs                                                      no-mixed-spaces-and-tabs
  25269:4    error  Mixed spaces and tabs                                                      no-mixed-spaces-and-tabs
  25270:4    error  Mixed spaces and tabs                                                      no-mixed-spaces-and-tabs
  25272:4    error  Mixed spaces and tabs                                                      no-mixed-spaces-and-tabs
  25273:4    error  Mixed spaces and tabs                                                      no-mixed-spaces-and-tabs
  25274:4    error  Mixed spaces and tabs                                                      no-mixed-spaces-and-tabs
  25275:4    error  Mixed spaces and tabs                                                      no-mixed-spaces-and-tabs
  25276:4    error  Mixed spaces and tabs                                                      no-mixed-spaces-and-tabs
  25278:4    error  Mixed spaces and tabs                                                      no-mixed-spaces-and-tabs
  25279:4    error  Mixed spaces and tabs                                                      no-mixed-spaces-and-tabs
  25280:4    error  Mixed spaces and tabs                                                      no-mixed-spaces-and-tabs
  25281:4    error  Mixed spaces and tabs                                                      no-mixed-spaces-and-tabs
  25282:4    error  Mixed spaces and tabs                                                      no-mixed-spaces-and-tabs
  25283:4    error  Mixed spaces and tabs                                                      no-mixed-spaces-and-tabs
  25284:4    error  Mixed spaces and tabs                                                      no-mixed-spaces-and-tabs
  25285:4    error  Mixed spaces and tabs                                                      no-mixed-spaces-and-tabs
  25285:14   error  'val' is already defined                                                   no-redeclare
  25286:4    error  Mixed spaces and tabs                                                      no-mixed-spaces-and-tabs
  25287:4    error  Mixed spaces and tabs                                                      no-mixed-spaces-and-tabs
  25288:4    error  Mixed spaces and tabs                                                      no-mixed-spaces-and-tabs
  25289:4    error  Mixed spaces and tabs                                                      no-mixed-spaces-and-tabs
  25289:14   error  'val' is already defined                                                   no-redeclare
  25290:4    error  Mixed spaces and tabs                                                      no-mixed-spaces-and-tabs
  25291:4    error  Mixed spaces and tabs                                                      no-mixed-spaces-and-tabs
  25292:4    error  Mixed spaces and tabs                                                      no-mixed-spaces-and-tabs
  25293:4    error  Mixed spaces and tabs                                                      no-mixed-spaces-and-tabs
  25294:4    error  Mixed spaces and tabs                                                      no-mixed-spaces-and-tabs
  25295:4    error  Mixed spaces and tabs                                                      no-mixed-spaces-and-tabs
  25296:4    error  Mixed spaces and tabs                                                      no-mixed-spaces-and-tabs
  25297:4    error  Mixed spaces and tabs                                                      no-mixed-spaces-and-tabs
  25298:4    error  Mixed spaces and tabs                                                      no-mixed-spaces-and-tabs
  25299:4    error  Mixed spaces and tabs                                                      no-mixed-spaces-and-tabs
  25300:4    error  Mixed spaces and tabs                                                      no-mixed-spaces-and-tabs
  25301:4    error  Mixed spaces and tabs                                                      no-mixed-spaces-and-tabs
  25302:4    error  Mixed spaces and tabs                                                      no-mixed-spaces-and-tabs
  25303:4    error  Mixed spaces and tabs                                                      no-mixed-spaces-and-tabs
  25307:4    error  Mixed spaces and tabs                                                      no-mixed-spaces-and-tabs
  25308:4    error  Mixed spaces and tabs                                                      no-mixed-spaces-and-tabs
  25313:4    error  Mixed spaces and tabs                                                      no-mixed-spaces-and-tabs
  25314:4    error  Mixed spaces and tabs                                                      no-mixed-spaces-and-tabs
  25315:4    error  Mixed spaces and tabs                                                      no-mixed-spaces-and-tabs
  25316:4    error  Mixed spaces and tabs                                                      no-mixed-spaces-and-tabs
  25317:4    error  Mixed spaces and tabs                                                      no-mixed-spaces-and-tabs
  25318:4    error  Mixed spaces and tabs                                                      no-mixed-spaces-and-tabs
  25319:4    error  Mixed spaces and tabs                                                      no-mixed-spaces-and-tabs
  25321:4    error  Mixed spaces and tabs                                                      no-mixed-spaces-and-tabs
  25322:4    error  Mixed spaces and tabs                                                      no-mixed-spaces-and-tabs
  25323:4    error  Mixed spaces and tabs                                                      no-mixed-spaces-and-tabs
  25325:4    error  Mixed spaces and tabs                                                      no-mixed-spaces-and-tabs
  25326:4    error  Mixed spaces and tabs                                                      no-mixed-spaces-and-tabs
  25327:4    error  Mixed spaces and tabs                                                      no-mixed-spaces-and-tabs
  25328:4    error  Mixed spaces and tabs                                                      no-mixed-spaces-and-tabs
  25329:4    error  Mixed spaces and tabs                                                      no-mixed-spaces-and-tabs
  25330:4    error  Mixed spaces and tabs                                                      no-mixed-spaces-and-tabs
  25331:4    error  Mixed spaces and tabs                                                      no-mixed-spaces-and-tabs
  25332:4    error  Mixed spaces and tabs                                                      no-mixed-spaces-and-tabs
  25333:4    error  Mixed spaces and tabs                                                      no-mixed-spaces-and-tabs
  25334:4    error  Mixed spaces and tabs                                                      no-mixed-spaces-and-tabs
  25339:4    error  Mixed spaces and tabs                                                      no-mixed-spaces-and-tabs
  25340:4    error  Mixed spaces and tabs                                                      no-mixed-spaces-and-tabs
  25341:4    error  Mixed spaces and tabs                                                      no-mixed-spaces-and-tabs
  25342:4    error  Mixed spaces and tabs                                                      no-mixed-spaces-and-tabs
  25347:4    error  Mixed spaces and tabs                                                      no-mixed-spaces-and-tabs
  25348:4    error  Mixed spaces and tabs                                                      no-mixed-spaces-and-tabs
  25349:4    error  Mixed spaces and tabs                                                      no-mixed-spaces-and-tabs
  25350:4    error  Mixed spaces and tabs                                                      no-mixed-spaces-and-tabs
  25351:4    error  Mixed spaces and tabs                                                      no-mixed-spaces-and-tabs
  25352:4    error  Mixed spaces and tabs                                                      no-mixed-spaces-and-tabs
  25353:4    error  Mixed spaces and tabs                                                      no-mixed-spaces-and-tabs
  25354:4    error  Mixed spaces and tabs                                                      no-mixed-spaces-and-tabs
  25358:4    error  Mixed spaces and tabs                                                      no-mixed-spaces-and-tabs
  25359:4    error  Mixed spaces and tabs                                                      no-mixed-spaces-and-tabs
  25360:4    error  Mixed spaces and tabs                                                      no-mixed-spaces-and-tabs
  25361:4    error  Mixed spaces and tabs                                                      no-mixed-spaces-and-tabs
  25362:4    error  Mixed spaces and tabs                                                      no-mixed-spaces-and-tabs
  25363:4    error  Mixed spaces and tabs                                                      no-mixed-spaces-and-tabs
  25364:4    error  Mixed spaces and tabs                                                      no-mixed-spaces-and-tabs
  25365:4    error  Mixed spaces and tabs                                                      no-mixed-spaces-and-tabs
  25366:4    error  Mixed spaces and tabs                                                      no-mixed-spaces-and-tabs
  25367:4    error  Mixed spaces and tabs                                                      no-mixed-spaces-and-tabs
  25368:4    error  Mixed spaces and tabs                                                      no-mixed-spaces-and-tabs
  25369:4    error  Mixed spaces and tabs                                                      no-mixed-spaces-and-tabs
  25370:4    error  Mixed spaces and tabs                                                      no-mixed-spaces-and-tabs
  25371:4    error  Mixed spaces and tabs                                                      no-mixed-spaces-and-tabs
  25372:4    error  Mixed spaces and tabs                                                      no-mixed-spaces-and-tabs
  25373:4    error  Mixed spaces and tabs                                                      no-mixed-spaces-and-tabs
  25377:4    error  Mixed spaces and tabs                                                      no-mixed-spaces-and-tabs
  25378:4    error  Mixed spaces and tabs                                                      no-mixed-spaces-and-tabs
  25379:4    error  Mixed spaces and tabs                                                      no-mixed-spaces-and-tabs
  25380:4    error  Mixed spaces and tabs                                                      no-mixed-spaces-and-tabs
  25381:4    error  Mixed spaces and tabs                                                      no-mixed-spaces-and-tabs
  25382:4    error  Mixed spaces and tabs                                                      no-mixed-spaces-and-tabs
  25383:4    error  Mixed spaces and tabs                                                      no-mixed-spaces-and-tabs
  25384:4    error  Mixed spaces and tabs                                                      no-mixed-spaces-and-tabs
  25385:4    error  Mixed spaces and tabs                                                      no-mixed-spaces-and-tabs
  25386:4    error  Mixed spaces and tabs                                                      no-mixed-spaces-and-tabs
  25387:4    error  Mixed spaces and tabs                                                      no-mixed-spaces-and-tabs
  25388:4    error  Mixed spaces and tabs                                                      no-mixed-spaces-and-tabs
  25389:4    error  Mixed spaces and tabs                                                      no-mixed-spaces-and-tabs
  25390:4    error  Mixed spaces and tabs                                                      no-mixed-spaces-and-tabs
  25391:4    error  Mixed spaces and tabs                                                      no-mixed-spaces-and-tabs
  25392:4    error  Mixed spaces and tabs                                                      no-mixed-spaces-and-tabs
  25393:4    error  Mixed spaces and tabs                                                      no-mixed-spaces-and-tabs
  25394:4    error  Mixed spaces and tabs                                                      no-mixed-spaces-and-tabs
  25395:4    error  Mixed spaces and tabs                                                      no-mixed-spaces-and-tabs
  25396:4    error  Mixed spaces and tabs                                                      no-mixed-spaces-and-tabs
  25397:4    error  Mixed spaces and tabs                                                      no-mixed-spaces-and-tabs
  25397:13   error  'fa' is already defined                                                    no-redeclare
  25397:28   error  'fr' is already defined                                                    no-redeclare
  25397:39   error  'fg' is already defined                                                    no-redeclare
  25397:52   error  'fb' is already defined                                                    no-redeclare
  25398:4    error  Mixed spaces and tabs                                                      no-mixed-spaces-and-tabs
  25398:13   error  'ba' is already defined                                                    no-redeclare
  25398:28   error  'br' is already defined                                                    no-redeclare
  25398:39   error  'bg' is already defined                                                    no-redeclare
  25398:52   error  'bb' is already defined                                                    no-redeclare
  25399:4    error  Mixed spaces and tabs                                                      no-mixed-spaces-and-tabs
  25400:4    error  Mixed spaces and tabs                                                      no-mixed-spaces-and-tabs
  25401:4    error  Mixed spaces and tabs                                                      no-mixed-spaces-and-tabs
  25402:4    error  Mixed spaces and tabs                                                      no-mixed-spaces-and-tabs
  25403:4    error  Mixed spaces and tabs                                                      no-mixed-spaces-and-tabs
  25403:13   error  'fa' is already defined                                                    no-redeclare
  25403:28   error  'fr' is already defined                                                    no-redeclare
  25403:39   error  'fg' is already defined                                                    no-redeclare
  25403:52   error  'fb' is already defined                                                    no-redeclare
  25404:4    error  Mixed spaces and tabs                                                      no-mixed-spaces-and-tabs
  25404:13   error  'ba' is already defined                                                    no-redeclare
  25404:28   error  'br' is already defined                                                    no-redeclare
  25404:39   error  'bg' is already defined                                                    no-redeclare
  25404:52   error  'bb' is already defined                                                    no-redeclare
  25405:4    error  Mixed spaces and tabs                                                      no-mixed-spaces-and-tabs
  25406:4    error  Mixed spaces and tabs                                                      no-mixed-spaces-and-tabs
  25407:4    error  Mixed spaces and tabs                                                      no-mixed-spaces-and-tabs
  25408:4    error  Mixed spaces and tabs                                                      no-mixed-spaces-and-tabs
  25409:4    error  Mixed spaces and tabs                                                      no-mixed-spaces-and-tabs
  25410:4    error  Mixed spaces and tabs                                                      no-mixed-spaces-and-tabs
  25418:4    error  Mixed spaces and tabs                                                      no-mixed-spaces-and-tabs
  25419:4    error  Mixed spaces and tabs                                                      no-mixed-spaces-and-tabs
  25421:4    error  Mixed spaces and tabs                                                      no-mixed-spaces-and-tabs
  25422:4    error  Mixed spaces and tabs                                                      no-mixed-spaces-and-tabs
  25423:4    error  Mixed spaces and tabs                                                      no-mixed-spaces-and-tabs
  25424:4    error  Mixed spaces and tabs                                                      no-mixed-spaces-and-tabs
  25428:4    error  Mixed spaces and tabs                                                      no-mixed-spaces-and-tabs
  25429:4    error  Mixed spaces and tabs                                                      no-mixed-spaces-and-tabs
  25430:4    error  Mixed spaces and tabs                                                      no-mixed-spaces-and-tabs
  25431:4    error  Mixed spaces and tabs                                                      no-mixed-spaces-and-tabs
  25432:4    error  Mixed spaces and tabs                                                      no-mixed-spaces-and-tabs
  25433:4    error  Mixed spaces and tabs                                                      no-mixed-spaces-and-tabs
  25434:4    error  Mixed spaces and tabs                                                      no-mixed-spaces-and-tabs
  25435:4    error  Mixed spaces and tabs                                                      no-mixed-spaces-and-tabs
  25436:4    error  Mixed spaces and tabs                                                      no-mixed-spaces-and-tabs
  25440:4    error  Mixed spaces and tabs                                                      no-mixed-spaces-and-tabs
  25441:4    error  Mixed spaces and tabs                                                      no-mixed-spaces-and-tabs
  25442:4    error  Mixed spaces and tabs                                                      no-mixed-spaces-and-tabs
  25443:4    error  Mixed spaces and tabs                                                      no-mixed-spaces-and-tabs
  25444:4    error  Mixed spaces and tabs                                                      no-mixed-spaces-and-tabs
  25445:4    error  Mixed spaces and tabs                                                      no-mixed-spaces-and-tabs
  25446:4    error  Mixed spaces and tabs                                                      no-mixed-spaces-and-tabs
  25447:4    error  Mixed spaces and tabs                                                      no-mixed-spaces-and-tabs
  25448:4    error  Mixed spaces and tabs                                                      no-mixed-spaces-and-tabs
  25449:4    error  Mixed spaces and tabs                                                      no-mixed-spaces-and-tabs
  25450:4    error  Mixed spaces and tabs                                                      no-mixed-spaces-and-tabs
  25451:4    error  Mixed spaces and tabs                                                      no-mixed-spaces-and-tabs
  25452:4    error  Mixed spaces and tabs                                                      no-mixed-spaces-and-tabs
  25453:4    error  Mixed spaces and tabs                                                      no-mixed-spaces-and-tabs
  25454:4    error  Mixed spaces and tabs                                                      no-mixed-spaces-and-tabs
  25455:4    error  Mixed spaces and tabs                                                      no-mixed-spaces-and-tabs
  25456:4    error  Mixed spaces and tabs                                                      no-mixed-spaces-and-tabs
  25457:4    error  Mixed spaces and tabs                                                      no-mixed-spaces-and-tabs
  25458:4    error  Mixed spaces and tabs                                                      no-mixed-spaces-and-tabs
  25459:4    error  Mixed spaces and tabs                                                      no-mixed-spaces-and-tabs
  25460:4    error  Mixed spaces and tabs                                                      no-mixed-spaces-and-tabs
  25461:4    error  Mixed spaces and tabs                                                      no-mixed-spaces-and-tabs
  25462:4    error  Mixed spaces and tabs                                                      no-mixed-spaces-and-tabs
  25463:4    error  Mixed spaces and tabs                                                      no-mixed-spaces-and-tabs
  25463:14   error  'i' is already defined                                                     no-redeclare
  25464:4    error  Mixed spaces and tabs                                                      no-mixed-spaces-and-tabs
  25465:4    error  Mixed spaces and tabs                                                      no-mixed-spaces-and-tabs
  25466:4    error  Mixed spaces and tabs                                                      no-mixed-spaces-and-tabs
  25467:4    error  Mixed spaces and tabs                                                      no-mixed-spaces-and-tabs
  25468:4    error  Mixed spaces and tabs                                                      no-mixed-spaces-and-tabs
  25469:4    error  Mixed spaces and tabs                                                      no-mixed-spaces-and-tabs
  25470:4    error  Mixed spaces and tabs                                                      no-mixed-spaces-and-tabs
  25471:4    error  Mixed spaces and tabs                                                      no-mixed-spaces-and-tabs
  25472:4    error  Mixed spaces and tabs                                                      no-mixed-spaces-and-tabs
  25473:4    error  Mixed spaces and tabs                                                      no-mixed-spaces-and-tabs
  25474:4    error  Mixed spaces and tabs                                                      no-mixed-spaces-and-tabs
  25476:4    error  Mixed spaces and tabs                                                      no-mixed-spaces-and-tabs
  25477:4    error  Mixed spaces and tabs                                                      no-mixed-spaces-and-tabs
  25478:4    error  Mixed spaces and tabs                                                      no-mixed-spaces-and-tabs
  25479:4    error  Mixed spaces and tabs                                                      no-mixed-spaces-and-tabs
  25480:4    error  Mixed spaces and tabs                                                      no-mixed-spaces-and-tabs
  25481:4    error  Mixed spaces and tabs                                                      no-mixed-spaces-and-tabs
  25482:4    error  Mixed spaces and tabs                                                      no-mixed-spaces-and-tabs
  25483:4    error  Mixed spaces and tabs                                                      no-mixed-spaces-and-tabs
  25484:4    error  Mixed spaces and tabs                                                      no-mixed-spaces-and-tabs
  25485:4    error  Mixed spaces and tabs                                                      no-mixed-spaces-and-tabs
  25486:4    error  Mixed spaces and tabs                                                      no-mixed-spaces-and-tabs
  25487:4    error  Mixed spaces and tabs                                                      no-mixed-spaces-and-tabs
  25488:4    error  Mixed spaces and tabs                                                      no-mixed-spaces-and-tabs
  25489:4    error  Mixed spaces and tabs                                                      no-mixed-spaces-and-tabs
  25490:4    error  Mixed spaces and tabs                                                      no-mixed-spaces-and-tabs
  25492:4    error  Mixed spaces and tabs                                                      no-mixed-spaces-and-tabs
  25493:4    error  Mixed spaces and tabs                                                      no-mixed-spaces-and-tabs
  25494:4    error  Mixed spaces and tabs                                                      no-mixed-spaces-and-tabs
  25495:4    error  Mixed spaces and tabs                                                      no-mixed-spaces-and-tabs
  25496:4    error  Mixed spaces and tabs                                                      no-mixed-spaces-and-tabs
  25497:4    error  Mixed spaces and tabs                                                      no-mixed-spaces-and-tabs
  25498:4    error  Mixed spaces and tabs                                                      no-mixed-spaces-and-tabs
  25500:4    error  Mixed spaces and tabs                                                      no-mixed-spaces-and-tabs
  25501:4    error  Mixed spaces and tabs                                                      no-mixed-spaces-and-tabs
  25501:11   error  'dl' is already defined                                                    no-redeclare
  25502:4    error  Mixed spaces and tabs                                                      no-mixed-spaces-and-tabs
  25503:4    error  Mixed spaces and tabs                                                      no-mixed-spaces-and-tabs
  25504:4    error  Mixed spaces and tabs                                                      no-mixed-spaces-and-tabs
  25504:15   error  'i' is already defined                                                     no-redeclare
  25505:4    error  Mixed spaces and tabs                                                      no-mixed-spaces-and-tabs
  25506:4    error  Mixed spaces and tabs                                                      no-mixed-spaces-and-tabs
  25507:4    error  Mixed spaces and tabs                                                      no-mixed-spaces-and-tabs
  25508:4    error  Mixed spaces and tabs                                                      no-mixed-spaces-and-tabs
  25509:4    error  Mixed spaces and tabs                                                      no-mixed-spaces-and-tabs
  25511:4    error  Mixed spaces and tabs                                                      no-mixed-spaces-and-tabs
  25512:4    error  Mixed spaces and tabs                                                      no-mixed-spaces-and-tabs
  25513:4    error  Mixed spaces and tabs                                                      no-mixed-spaces-and-tabs
  25514:4    error  Mixed spaces and tabs                                                      no-mixed-spaces-and-tabs
  25514:16   error  'i' is already defined                                                     no-redeclare
  25515:4    error  Mixed spaces and tabs                                                      no-mixed-spaces-and-tabs
  25516:4    error  Mixed spaces and tabs                                                      no-mixed-spaces-and-tabs
  25517:4    error  Mixed spaces and tabs                                                      no-mixed-spaces-and-tabs
  25518:4    error  Mixed spaces and tabs                                                      no-mixed-spaces-and-tabs
  25519:4    error  Mixed spaces and tabs                                                      no-mixed-spaces-and-tabs
  25520:4    error  Mixed spaces and tabs                                                      no-mixed-spaces-and-tabs
  25521:4    error  Mixed spaces and tabs                                                      no-mixed-spaces-and-tabs
  25521:14   error  'j' is already defined                                                     no-redeclare
  25522:4    error  Mixed spaces and tabs                                                      no-mixed-spaces-and-tabs
  25523:4    error  Mixed spaces and tabs                                                      no-mixed-spaces-and-tabs
  25523:11   error  'fr' is already defined                                                    no-redeclare
  25524:4    error  Mixed spaces and tabs                                                      no-mixed-spaces-and-tabs
  25525:4    error  Mixed spaces and tabs                                                      no-mixed-spaces-and-tabs
  25526:4    error  Mixed spaces and tabs                                                      no-mixed-spaces-and-tabs
  25527:4    error  Mixed spaces and tabs                                                      no-mixed-spaces-and-tabs
  25528:4    error  Mixed spaces and tabs                                                      no-mixed-spaces-and-tabs
  25529:4    error  Mixed spaces and tabs                                                      no-mixed-spaces-and-tabs
  25530:4    error  Mixed spaces and tabs                                                      no-mixed-spaces-and-tabs
  25531:4    error  Mixed spaces and tabs                                                      no-mixed-spaces-and-tabs
  25532:4    error  Mixed spaces and tabs                                                      no-mixed-spaces-and-tabs
  25533:4    error  Mixed spaces and tabs                                                      no-mixed-spaces-and-tabs
  25534:4    error  Mixed spaces and tabs                                                      no-mixed-spaces-and-tabs
  25535:4    error  Mixed spaces and tabs                                                      no-mixed-spaces-and-tabs
  25536:4    error  Mixed spaces and tabs                                                      no-mixed-spaces-and-tabs
  25537:4    error  Mixed spaces and tabs                                                      no-mixed-spaces-and-tabs
  25538:4    error  Mixed spaces and tabs                                                      no-mixed-spaces-and-tabs
  25539:4    error  Mixed spaces and tabs                                                      no-mixed-spaces-and-tabs
  25539:27   error  'dl' is already defined                                                    no-redeclare
  25540:4    error  Mixed spaces and tabs                                                      no-mixed-spaces-and-tabs
  25541:4    error  Mixed spaces and tabs                                                      no-mixed-spaces-and-tabs
  25542:4    error  Mixed spaces and tabs                                                      no-mixed-spaces-and-tabs
  25543:4    error  Mixed spaces and tabs                                                      no-mixed-spaces-and-tabs
  25544:4    error  Mixed spaces and tabs                                                      no-mixed-spaces-and-tabs
  25545:4    error  Mixed spaces and tabs                                                      no-mixed-spaces-and-tabs
  25546:4    error  Mixed spaces and tabs                                                      no-mixed-spaces-and-tabs
  25547:4    error  Mixed spaces and tabs                                                      no-mixed-spaces-and-tabs
  25549:4    error  Mixed spaces and tabs                                                      no-mixed-spaces-and-tabs
  25550:4    error  Mixed spaces and tabs                                                      no-mixed-spaces-and-tabs
  25551:4    error  Mixed spaces and tabs                                                      no-mixed-spaces-and-tabs
  25553:4    error  Mixed spaces and tabs                                                      no-mixed-spaces-and-tabs
  25557:4    error  Mixed spaces and tabs                                                      no-mixed-spaces-and-tabs
  25558:4    error  Mixed spaces and tabs                                                      no-mixed-spaces-and-tabs
  25559:4    error  Mixed spaces and tabs                                                      no-mixed-spaces-and-tabs
  25560:4    error  Mixed spaces and tabs                                                      no-mixed-spaces-and-tabs
  25561:4    error  Mixed spaces and tabs                                                      no-mixed-spaces-and-tabs
  25568:4    error  Mixed spaces and tabs                                                      no-mixed-spaces-and-tabs
  25569:4    error  Mixed spaces and tabs                                                      no-mixed-spaces-and-tabs
  25570:4    error  Mixed spaces and tabs                                                      no-mixed-spaces-and-tabs
  25571:4    error  Mixed spaces and tabs                                                      no-mixed-spaces-and-tabs
  25572:4    error  Mixed spaces and tabs                                                      no-mixed-spaces-and-tabs
  25573:4    error  Mixed spaces and tabs                                                      no-mixed-spaces-and-tabs
  25574:4    error  Mixed spaces and tabs                                                      no-mixed-spaces-and-tabs
  25575:4    error  Mixed spaces and tabs                                                      no-mixed-spaces-and-tabs
  25576:4    error  Mixed spaces and tabs                                                      no-mixed-spaces-and-tabs
  25577:4    error  Mixed spaces and tabs                                                      no-mixed-spaces-and-tabs
  25578:4    error  Mixed spaces and tabs                                                      no-mixed-spaces-and-tabs
  25579:4    error  Mixed spaces and tabs                                                      no-mixed-spaces-and-tabs
  25580:4    error  Mixed spaces and tabs                                                      no-mixed-spaces-and-tabs
  25581:4    error  Mixed spaces and tabs                                                      no-mixed-spaces-and-tabs
  25582:4    error  Mixed spaces and tabs                                                      no-mixed-spaces-and-tabs
  25583:4    error  Mixed spaces and tabs                                                      no-mixed-spaces-and-tabs
  25584:4    error  Mixed spaces and tabs                                                      no-mixed-spaces-and-tabs
  25585:4    error  Mixed spaces and tabs                                                      no-mixed-spaces-and-tabs
  25586:4    error  Mixed spaces and tabs                                                      no-mixed-spaces-and-tabs
  25587:4    error  Mixed spaces and tabs                                                      no-mixed-spaces-and-tabs
  25588:4    error  Mixed spaces and tabs                                                      no-mixed-spaces-and-tabs
  25588:32   error  'i' is already defined                                                     no-redeclare
  25589:4    error  Mixed spaces and tabs                                                      no-mixed-spaces-and-tabs
  25590:4    error  Mixed spaces and tabs                                                      no-mixed-spaces-and-tabs
  25591:4    error  Mixed spaces and tabs                                                      no-mixed-spaces-and-tabs
  25592:4    error  Mixed spaces and tabs                                                      no-mixed-spaces-and-tabs
  25592:15   error  'i' is already defined                                                     no-redeclare
  25593:4    error  Mixed spaces and tabs                                                      no-mixed-spaces-and-tabs
  25593:16   error  'j' is already defined                                                     no-redeclare
  25594:4    error  Mixed spaces and tabs                                                      no-mixed-spaces-and-tabs
  25595:4    error  Mixed spaces and tabs                                                      no-mixed-spaces-and-tabs
  25595:15   error  'i' is already defined                                                     no-redeclare
  25596:4    error  Mixed spaces and tabs                                                      no-mixed-spaces-and-tabs
  25597:4    error  Mixed spaces and tabs                                                      no-mixed-spaces-and-tabs
  25598:4    error  Mixed spaces and tabs                                                      no-mixed-spaces-and-tabs
  25599:4    error  Mixed spaces and tabs                                                      no-mixed-spaces-and-tabs
  25600:4    error  Mixed spaces and tabs                                                      no-mixed-spaces-and-tabs
  25600:15   error  'j' is already defined                                                     no-redeclare
  25601:4    error  Mixed spaces and tabs                                                      no-mixed-spaces-and-tabs
  25601:87   error  'ilen' is already defined                                                  no-redeclare
  25602:4    error  Mixed spaces and tabs                                                      no-mixed-spaces-and-tabs
  25603:4    error  Mixed spaces and tabs                                                      no-mixed-spaces-and-tabs
  25603:16   error  'i' is already defined                                                     no-redeclare
  25604:4    error  Mixed spaces and tabs                                                      no-mixed-spaces-and-tabs
  25605:4    error  Mixed spaces and tabs                                                      no-mixed-spaces-and-tabs
  25606:4    error  Mixed spaces and tabs                                                      no-mixed-spaces-and-tabs
  25607:4    error  Mixed spaces and tabs                                                      no-mixed-spaces-and-tabs
  25608:4    error  Mixed spaces and tabs                                                      no-mixed-spaces-and-tabs
  25609:4    error  Mixed spaces and tabs                                                      no-mixed-spaces-and-tabs
  25610:4    error  Mixed spaces and tabs                                                      no-mixed-spaces-and-tabs
  25611:4    error  Mixed spaces and tabs                                                      no-mixed-spaces-and-tabs
  25612:4    error  Mixed spaces and tabs                                                      no-mixed-spaces-and-tabs
  25613:4    error  Mixed spaces and tabs                                                      no-mixed-spaces-and-tabs
  25614:4    error  Mixed spaces and tabs                                                      no-mixed-spaces-and-tabs
  25615:4    error  Mixed spaces and tabs                                                      no-mixed-spaces-and-tabs
  25616:4    error  Mixed spaces and tabs                                                      no-mixed-spaces-and-tabs
  25617:4    error  Mixed spaces and tabs                                                      no-mixed-spaces-and-tabs
  25618:4    error  Mixed spaces and tabs                                                      no-mixed-spaces-and-tabs
  25619:4    error  Mixed spaces and tabs                                                      no-mixed-spaces-and-tabs
  25620:4    error  Mixed spaces and tabs                                                      no-mixed-spaces-and-tabs
  25621:4    error  Mixed spaces and tabs                                                      no-mixed-spaces-and-tabs
  25622:4    error  Mixed spaces and tabs                                                      no-mixed-spaces-and-tabs
  25623:4    error  Mixed spaces and tabs                                                      no-mixed-spaces-and-tabs
  25623:14   error  'j' is already defined                                                     no-redeclare
  25624:4    error  Mixed spaces and tabs                                                      no-mixed-spaces-and-tabs
  25625:4    error  Mixed spaces and tabs                                                      no-mixed-spaces-and-tabs
  25625:11   error  'frm' is already defined                                                   no-redeclare
  25625:56   error  'nw' is already defined                                                    no-redeclare
  25626:4    error  Mixed spaces and tabs                                                      no-mixed-spaces-and-tabs
  25627:4    error  Mixed spaces and tabs                                                      no-mixed-spaces-and-tabs
  25628:4    error  Mixed spaces and tabs                                                      no-mixed-spaces-and-tabs
  25629:4    error  Mixed spaces and tabs                                                      no-mixed-spaces-and-tabs
  25630:4    error  Mixed spaces and tabs                                                      no-mixed-spaces-and-tabs
  25631:4    error  Mixed spaces and tabs                                                      no-mixed-spaces-and-tabs
  25632:4    error  Mixed spaces and tabs                                                      no-mixed-spaces-and-tabs
  25632:39   error  'i' is already defined                                                     no-redeclare
  25633:4    error  Mixed spaces and tabs                                                      no-mixed-spaces-and-tabs
  25634:4    error  Mixed spaces and tabs                                                      no-mixed-spaces-and-tabs
  25634:35   error  'x' is already defined                                                     no-redeclare
  25635:4    error  Mixed spaces and tabs                                                      no-mixed-spaces-and-tabs
  25635:35   error  'x' is already defined                                                     no-redeclare
  25636:4    error  Mixed spaces and tabs                                                      no-mixed-spaces-and-tabs
  25636:35   error  'x' is already defined                                                     no-redeclare
  25637:4    error  Mixed spaces and tabs                                                      no-mixed-spaces-and-tabs
  25638:4    error  Mixed spaces and tabs                                                      no-mixed-spaces-and-tabs
  25639:4    error  Mixed spaces and tabs                                                      no-mixed-spaces-and-tabs
  25640:4    error  Mixed spaces and tabs                                                      no-mixed-spaces-and-tabs
  25641:4    error  Mixed spaces and tabs                                                      no-mixed-spaces-and-tabs
  25641:12   error  'nimg' is already defined                                                  no-redeclare
  25642:4    error  Mixed spaces and tabs                                                      no-mixed-spaces-and-tabs
  25642:16   error  'i' is already defined                                                     no-redeclare
  25642:40   error  'ti' is already defined                                                    no-redeclare
  25643:4    error  Mixed spaces and tabs                                                      no-mixed-spaces-and-tabs
  25644:4    error  Mixed spaces and tabs                                                      no-mixed-spaces-and-tabs
  25645:4    error  Mixed spaces and tabs                                                      no-mixed-spaces-and-tabs
  25646:4    error  Mixed spaces and tabs                                                      no-mixed-spaces-and-tabs
  25647:4    error  Mixed spaces and tabs                                                      no-mixed-spaces-and-tabs
  25648:4    error  Mixed spaces and tabs                                                      no-mixed-spaces-and-tabs
  25649:4    error  Mixed spaces and tabs                                                      no-mixed-spaces-and-tabs
  25652:4    error  Mixed spaces and tabs                                                      no-mixed-spaces-and-tabs
  25660:4    error  Mixed spaces and tabs                                                      no-mixed-spaces-and-tabs
  25661:4    error  Mixed spaces and tabs                                                      no-mixed-spaces-and-tabs
  25662:4    error  Mixed spaces and tabs                                                      no-mixed-spaces-and-tabs
  25663:4    error  Mixed spaces and tabs                                                      no-mixed-spaces-and-tabs
  25664:4    error  Mixed spaces and tabs                                                      no-mixed-spaces-and-tabs
  25665:4    error  Mixed spaces and tabs                                                      no-mixed-spaces-and-tabs
  25666:4    error  Mixed spaces and tabs                                                      no-mixed-spaces-and-tabs
  25667:4    error  Mixed spaces and tabs                                                      no-mixed-spaces-and-tabs
  25668:4    error  Mixed spaces and tabs                                                      no-mixed-spaces-and-tabs
  25669:4    error  Mixed spaces and tabs                                                      no-mixed-spaces-and-tabs
  25670:4    error  Mixed spaces and tabs                                                      no-mixed-spaces-and-tabs
  25671:4    error  Mixed spaces and tabs                                                      no-mixed-spaces-and-tabs
  25672:4    error  Mixed spaces and tabs                                                      no-mixed-spaces-and-tabs
  25673:4    error  Mixed spaces and tabs                                                      no-mixed-spaces-and-tabs
  25674:4    error  Mixed spaces and tabs                                                      no-mixed-spaces-and-tabs
  25675:4    error  Mixed spaces and tabs                                                      no-mixed-spaces-and-tabs
  25676:4    error  Mixed spaces and tabs                                                      no-mixed-spaces-and-tabs
  25677:4    error  Mixed spaces and tabs                                                      no-mixed-spaces-and-tabs
  25678:4    error  Mixed spaces and tabs                                                      no-mixed-spaces-and-tabs
  25679:4    error  Mixed spaces and tabs                                                      no-mixed-spaces-and-tabs
  25680:4    error  Mixed spaces and tabs                                                      no-mixed-spaces-and-tabs
  25681:4    error  Mixed spaces and tabs                                                      no-mixed-spaces-and-tabs
  25682:4    error  Mixed spaces and tabs                                                      no-mixed-spaces-and-tabs
  25683:4    error  Mixed spaces and tabs                                                      no-mixed-spaces-and-tabs
  25684:4    error  Mixed spaces and tabs                                                      no-mixed-spaces-and-tabs
  25685:4    error  Mixed spaces and tabs                                                      no-mixed-spaces-and-tabs
  25686:4    error  Mixed spaces and tabs                                                      no-mixed-spaces-and-tabs
  25687:4    error  Mixed spaces and tabs                                                      no-mixed-spaces-and-tabs
  25688:4    error  Mixed spaces and tabs                                                      no-mixed-spaces-and-tabs
  25689:4    error  Mixed spaces and tabs                                                      no-mixed-spaces-and-tabs
  25689:12   error  'pimg' is already defined                                                  no-redeclare
  25690:4    error  Mixed spaces and tabs                                                      no-mixed-spaces-and-tabs
  25691:4    error  Mixed spaces and tabs                                                      no-mixed-spaces-and-tabs
  25692:4    error  Mixed spaces and tabs                                                      no-mixed-spaces-and-tabs
  25693:4    error  Mixed spaces and tabs                                                      no-mixed-spaces-and-tabs
  25694:4    error  Mixed spaces and tabs                                                      no-mixed-spaces-and-tabs
  25695:4    error  Mixed spaces and tabs                                                      no-mixed-spaces-and-tabs
  25696:4    error  Mixed spaces and tabs                                                      no-mixed-spaces-and-tabs
  25697:4    error  Mixed spaces and tabs                                                      no-mixed-spaces-and-tabs
  25698:4    error  Mixed spaces and tabs                                                      no-mixed-spaces-and-tabs
  25699:4    error  Mixed spaces and tabs                                                      no-mixed-spaces-and-tabs
  25700:4    error  Mixed spaces and tabs                                                      no-mixed-spaces-and-tabs
  25701:4    error  Mixed spaces and tabs                                                      no-mixed-spaces-and-tabs
  25702:4    error  Mixed spaces and tabs                                                      no-mixed-spaces-and-tabs
  25703:4    error  Mixed spaces and tabs                                                      no-mixed-spaces-and-tabs
  25704:4    error  Mixed spaces and tabs                                                      no-mixed-spaces-and-tabs
  25705:4    error  Mixed spaces and tabs                                                      no-mixed-spaces-and-tabs
  25706:4    error  Mixed spaces and tabs                                                      no-mixed-spaces-and-tabs
  25706:30   error  'j' is already defined                                                     no-redeclare
  25707:4    error  Mixed spaces and tabs                                                      no-mixed-spaces-and-tabs
  25708:4    error  Mixed spaces and tabs                                                      no-mixed-spaces-and-tabs
  25709:4    error  Mixed spaces and tabs                                                      no-mixed-spaces-and-tabs
  25710:4    error  Mixed spaces and tabs                                                      no-mixed-spaces-and-tabs
  25711:4    error  Mixed spaces and tabs                                                      no-mixed-spaces-and-tabs
  25712:4    error  Mixed spaces and tabs                                                      no-mixed-spaces-and-tabs
  25713:4    error  Mixed spaces and tabs                                                      no-mixed-spaces-and-tabs
  25714:4    error  Mixed spaces and tabs                                                      no-mixed-spaces-and-tabs
  25715:4    error  Mixed spaces and tabs                                                      no-mixed-spaces-and-tabs
  25716:4    error  Mixed spaces and tabs                                                      no-mixed-spaces-and-tabs
  25717:4    error  Mixed spaces and tabs                                                      no-mixed-spaces-and-tabs
  25718:4    error  Mixed spaces and tabs                                                      no-mixed-spaces-and-tabs
  25719:4    error  Mixed spaces and tabs                                                      no-mixed-spaces-and-tabs
  25719:33   error  'i' is already defined                                                     no-redeclare
  25720:4    error  Mixed spaces and tabs                                                      no-mixed-spaces-and-tabs
  25720:11   error  'frm' is already defined                                                   no-redeclare
  25721:4    error  Mixed spaces and tabs                                                      no-mixed-spaces-and-tabs
  25722:4    error  Mixed spaces and tabs                                                      no-mixed-spaces-and-tabs
  25723:4    error  Mixed spaces and tabs                                                      no-mixed-spaces-and-tabs
  25724:4    error  Mixed spaces and tabs                                                      no-mixed-spaces-and-tabs
  25725:4    error  Mixed spaces and tabs                                                      no-mixed-spaces-and-tabs
  25726:4    error  Mixed spaces and tabs                                                      no-mixed-spaces-and-tabs
  25727:4    error  Mixed spaces and tabs                                                      no-mixed-spaces-and-tabs
  25730:4    error  Mixed spaces and tabs                                                      no-mixed-spaces-and-tabs
  25731:4    error  Mixed spaces and tabs                                                      no-mixed-spaces-and-tabs
  25732:4    error  Mixed spaces and tabs                                                      no-mixed-spaces-and-tabs
  25733:4    error  Mixed spaces and tabs                                                      no-mixed-spaces-and-tabs
  25734:4    error  Mixed spaces and tabs                                                      no-mixed-spaces-and-tabs
  25735:4    error  Mixed spaces and tabs                                                      no-mixed-spaces-and-tabs
  25736:4    error  Mixed spaces and tabs                                                      no-mixed-spaces-and-tabs
  25737:4    error  Mixed spaces and tabs                                                      no-mixed-spaces-and-tabs
  25738:4    error  Mixed spaces and tabs                                                      no-mixed-spaces-and-tabs
  25739:4    error  Mixed spaces and tabs                                                      no-mixed-spaces-and-tabs
  25740:4    error  Mixed spaces and tabs                                                      no-mixed-spaces-and-tabs
  25741:4    error  Mixed spaces and tabs                                                      no-mixed-spaces-and-tabs
  25742:4    error  Mixed spaces and tabs                                                      no-mixed-spaces-and-tabs
  25743:4    error  Mixed spaces and tabs                                                      no-mixed-spaces-and-tabs
  25744:4    error  Mixed spaces and tabs                                                      no-mixed-spaces-and-tabs
  25745:4    error  Mixed spaces and tabs                                                      no-mixed-spaces-and-tabs
  25746:4    error  Mixed spaces and tabs                                                      no-mixed-spaces-and-tabs
  25747:4    error  Mixed spaces and tabs                                                      no-mixed-spaces-and-tabs
  25748:4    error  Mixed spaces and tabs                                                      no-mixed-spaces-and-tabs
  25749:4    error  Mixed spaces and tabs                                                      no-mixed-spaces-and-tabs
  25750:4    error  Mixed spaces and tabs                                                      no-mixed-spaces-and-tabs
  25751:4    error  Mixed spaces and tabs                                                      no-mixed-spaces-and-tabs
  25752:4    error  Mixed spaces and tabs                                                      no-mixed-spaces-and-tabs
  25753:4    error  Mixed spaces and tabs                                                      no-mixed-spaces-and-tabs
  25754:4    error  Mixed spaces and tabs                                                      no-mixed-spaces-and-tabs
  25755:4    error  Mixed spaces and tabs                                                      no-mixed-spaces-and-tabs
  25756:4    error  Mixed spaces and tabs                                                      no-mixed-spaces-and-tabs
  25759:4    error  Mixed spaces and tabs                                                      no-mixed-spaces-and-tabs
  25760:4    error  Mixed spaces and tabs                                                      no-mixed-spaces-and-tabs
  25782:4    error  Mixed spaces and tabs                                                      no-mixed-spaces-and-tabs
  25783:4    error  Mixed spaces and tabs                                                      no-mixed-spaces-and-tabs
  25784:4    error  Mixed spaces and tabs                                                      no-mixed-spaces-and-tabs
  25785:4    error  Mixed spaces and tabs                                                      no-mixed-spaces-and-tabs
  25786:4    error  Mixed spaces and tabs                                                      no-mixed-spaces-and-tabs
  25787:4    error  Mixed spaces and tabs                                                      no-mixed-spaces-and-tabs
  25787:31   error  'UZIP' is not defined                                                      no-undef
  25787:45   error  'UZIP' is not defined                                                      no-undef
  25788:4    error  Mixed spaces and tabs                                                      no-mixed-spaces-and-tabs
  25789:4    error  Mixed spaces and tabs                                                      no-mixed-spaces-and-tabs
  25790:4    error  Mixed spaces and tabs                                                      no-mixed-spaces-and-tabs
  25791:4    error  Mixed spaces and tabs                                                      no-mixed-spaces-and-tabs
  25792:4    error  Mixed spaces and tabs                                                      no-mixed-spaces-and-tabs
  25793:4    error  Mixed spaces and tabs                                                      no-mixed-spaces-and-tabs
  25794:4    error  Mixed spaces and tabs                                                      no-mixed-spaces-and-tabs
  25795:4    error  Mixed spaces and tabs                                                      no-mixed-spaces-and-tabs
  25796:4    error  Mixed spaces and tabs                                                      no-mixed-spaces-and-tabs
  25797:4    error  Mixed spaces and tabs                                                      no-mixed-spaces-and-tabs
  25798:4    error  Mixed spaces and tabs                                                      no-mixed-spaces-and-tabs
  25799:4    error  Mixed spaces and tabs                                                      no-mixed-spaces-and-tabs
  25799:14   error  'i' is already defined                                                     no-redeclare
  25800:4    error  Mixed spaces and tabs                                                      no-mixed-spaces-and-tabs
  25804:4    error  Mixed spaces and tabs                                                      no-mixed-spaces-and-tabs
  25805:4    error  Mixed spaces and tabs                                                      no-mixed-spaces-and-tabs
  25807:4    error  Mixed spaces and tabs                                                      no-mixed-spaces-and-tabs
  25808:4    error  Mixed spaces and tabs                                                      no-mixed-spaces-and-tabs
  25809:4    error  Mixed spaces and tabs                                                      no-mixed-spaces-and-tabs
  25810:4    error  Mixed spaces and tabs                                                      no-mixed-spaces-and-tabs
  25811:4    error  Mixed spaces and tabs                                                      no-mixed-spaces-and-tabs
  25812:4    error  Mixed spaces and tabs                                                      no-mixed-spaces-and-tabs
  25812:15   error  'x' is already defined                                                     no-redeclare
  25813:4    error  Mixed spaces and tabs                                                      no-mixed-spaces-and-tabs
  25813:15   error  'x' is already defined                                                     no-redeclare
  25814:4    error  Mixed spaces and tabs                                                      no-mixed-spaces-and-tabs
  25815:4    error  Mixed spaces and tabs                                                      no-mixed-spaces-and-tabs
  25816:4    error  Mixed spaces and tabs                                                      no-mixed-spaces-and-tabs
  25816:15   error  'x' is already defined                                                     no-redeclare
  25818:4    error  Mixed spaces and tabs                                                      no-mixed-spaces-and-tabs
  25818:27   error  'x' is already defined                                                     no-redeclare
  25819:4    error  Mixed spaces and tabs                                                      no-mixed-spaces-and-tabs
  25819:27   error  'x' is already defined                                                     no-redeclare
  25820:4    error  Mixed spaces and tabs                                                      no-mixed-spaces-and-tabs
  25820:27   error  'x' is already defined                                                     no-redeclare
  25821:4    error  Mixed spaces and tabs                                                      no-mixed-spaces-and-tabs
  25822:4    error  Mixed spaces and tabs                                                      no-mixed-spaces-and-tabs
  25823:4    error  Mixed spaces and tabs                                                      no-mixed-spaces-and-tabs
  25823:29   error  'x' is already defined                                                     no-redeclare
  25824:4    error  Mixed spaces and tabs                                                      no-mixed-spaces-and-tabs
  25824:29   error  'x' is already defined                                                     no-redeclare
  25825:4    error  Mixed spaces and tabs                                                      no-mixed-spaces-and-tabs
  25825:20   error  'x' is already defined                                                     no-redeclare
  25826:4    error  Mixed spaces and tabs                                                      no-mixed-spaces-and-tabs
  25826:29   error  'x' is already defined                                                     no-redeclare
  25827:4    error  Mixed spaces and tabs                                                      no-mixed-spaces-and-tabs
  25827:20   error  'x' is already defined                                                     no-redeclare
  25828:4    error  Mixed spaces and tabs                                                      no-mixed-spaces-and-tabs
  25832:4    error  Mixed spaces and tabs                                                      no-mixed-spaces-and-tabs
  25833:4    error  Mixed spaces and tabs                                                      no-mixed-spaces-and-tabs
  25834:4    error  Mixed spaces and tabs                                                      no-mixed-spaces-and-tabs
  25835:4    error  Mixed spaces and tabs                                                      no-mixed-spaces-and-tabs
  25836:4    error  Mixed spaces and tabs                                                      no-mixed-spaces-and-tabs
  25837:4    error  Mixed spaces and tabs                                                      no-mixed-spaces-and-tabs
  25838:4    error  Mixed spaces and tabs                                                      no-mixed-spaces-and-tabs
  25839:4    error  Mixed spaces and tabs                                                      no-mixed-spaces-and-tabs
  25840:4    error  Mixed spaces and tabs                                                      no-mixed-spaces-and-tabs
  25841:4    error  Mixed spaces and tabs                                                      no-mixed-spaces-and-tabs
  25842:4    error  Mixed spaces and tabs                                                      no-mixed-spaces-and-tabs
  25843:4    error  Mixed spaces and tabs                                                      no-mixed-spaces-and-tabs
  25844:4    error  Mixed spaces and tabs                                                      no-mixed-spaces-and-tabs
  25845:4    error  Mixed spaces and tabs                                                      no-mixed-spaces-and-tabs
  25846:4    error  Mixed spaces and tabs                                                      no-mixed-spaces-and-tabs
  25852:4    error  Mixed spaces and tabs                                                      no-mixed-spaces-and-tabs
  25853:4    error  Mixed spaces and tabs                                                      no-mixed-spaces-and-tabs
  25854:4    error  Mixed spaces and tabs                                                      no-mixed-spaces-and-tabs
  25855:4    error  Mixed spaces and tabs                                                      no-mixed-spaces-and-tabs
  25856:4    error  Mixed spaces and tabs                                                      no-mixed-spaces-and-tabs
  25857:4    error  Mixed spaces and tabs                                                      no-mixed-spaces-and-tabs
  25858:4    error  Mixed spaces and tabs                                                      no-mixed-spaces-and-tabs
  25859:4    error  Mixed spaces and tabs                                                      no-mixed-spaces-and-tabs
  25860:4    error  Mixed spaces and tabs                                                      no-mixed-spaces-and-tabs
  25861:4    error  Mixed spaces and tabs                                                      no-mixed-spaces-and-tabs
  25862:4    error  Mixed spaces and tabs                                                      no-mixed-spaces-and-tabs
  25863:4    error  Mixed spaces and tabs                                                      no-mixed-spaces-and-tabs
  25864:4    error  Mixed spaces and tabs                                                      no-mixed-spaces-and-tabs
  25865:4    error  Mixed spaces and tabs                                                      no-mixed-spaces-and-tabs
  25866:4    error  Mixed spaces and tabs                                                      no-mixed-spaces-and-tabs
  25867:4    error  Mixed spaces and tabs                                                      no-mixed-spaces-and-tabs
  25868:4    error  Mixed spaces and tabs                                                      no-mixed-spaces-and-tabs
  25869:4    error  Mixed spaces and tabs                                                      no-mixed-spaces-and-tabs
  25870:4    error  Mixed spaces and tabs                                                      no-mixed-spaces-and-tabs
  25871:4    error  Mixed spaces and tabs                                                      no-mixed-spaces-and-tabs
  25872:4    error  Mixed spaces and tabs                                                      no-mixed-spaces-and-tabs
  25876:4    error  Mixed spaces and tabs                                                      no-mixed-spaces-and-tabs
  25877:4    error  Mixed spaces and tabs                                                      no-mixed-spaces-and-tabs
  25878:4    error  Mixed spaces and tabs                                                      no-mixed-spaces-and-tabs
  25879:4    error  Mixed spaces and tabs                                                      no-mixed-spaces-and-tabs
  25880:4    error  Mixed spaces and tabs                                                      no-mixed-spaces-and-tabs
  25881:4    error  Mixed spaces and tabs                                                      no-mixed-spaces-and-tabs
  25882:4    error  Mixed spaces and tabs                                                      no-mixed-spaces-and-tabs
  25883:4    error  Mixed spaces and tabs                                                      no-mixed-spaces-and-tabs
  25884:4    error  Mixed spaces and tabs                                                      no-mixed-spaces-and-tabs
  25885:4    error  Mixed spaces and tabs                                                      no-mixed-spaces-and-tabs
  25886:4    error  Mixed spaces and tabs                                                      no-mixed-spaces-and-tabs
  25887:4    error  Mixed spaces and tabs                                                      no-mixed-spaces-and-tabs
  25888:4    error  Mixed spaces and tabs                                                      no-mixed-spaces-and-tabs
  25889:4    error  Mixed spaces and tabs                                                      no-mixed-spaces-and-tabs
  25890:4    error  Mixed spaces and tabs                                                      no-mixed-spaces-and-tabs
  25891:4    error  Mixed spaces and tabs                                                      no-mixed-spaces-and-tabs
  25892:4    error  Mixed spaces and tabs                                                      no-mixed-spaces-and-tabs
  25893:4    error  Mixed spaces and tabs                                                      no-mixed-spaces-and-tabs
  25894:4    error  Mixed spaces and tabs                                                      no-mixed-spaces-and-tabs
  25895:4    error  Mixed spaces and tabs                                                      no-mixed-spaces-and-tabs
  25896:4    error  Mixed spaces and tabs                                                      no-mixed-spaces-and-tabs
  25897:4    error  Mixed spaces and tabs                                                      no-mixed-spaces-and-tabs
  25898:4    error  Mixed spaces and tabs                                                      no-mixed-spaces-and-tabs
  25899:4    error  Mixed spaces and tabs                                                      no-mixed-spaces-and-tabs
  25899:15   error  'i' is already defined                                                     no-redeclare
  25900:4    error  Mixed spaces and tabs                                                      no-mixed-spaces-and-tabs
  25900:15   error  'i' is already defined                                                     no-redeclare
  25901:4    error  Mixed spaces and tabs                                                      no-mixed-spaces-and-tabs
  25902:4    error  Mixed spaces and tabs                                                      no-mixed-spaces-and-tabs
  25903:4    error  Mixed spaces and tabs                                                      no-mixed-spaces-and-tabs
  25904:4    error  Mixed spaces and tabs                                                      no-mixed-spaces-and-tabs
  25905:4    error  Mixed spaces and tabs                                                      no-mixed-spaces-and-tabs
  25906:4    error  Mixed spaces and tabs                                                      no-mixed-spaces-and-tabs
  25907:4    error  Mixed spaces and tabs                                                      no-mixed-spaces-and-tabs
  25907:14   error  'i' is already defined                                                     no-redeclare
  25908:4    error  Mixed spaces and tabs                                                      no-mixed-spaces-and-tabs
  25913:4    error  Mixed spaces and tabs                                                      no-mixed-spaces-and-tabs
  25914:4    error  Mixed spaces and tabs                                                      no-mixed-spaces-and-tabs
  25915:4    error  Mixed spaces and tabs                                                      no-mixed-spaces-and-tabs
  25916:4    error  Mixed spaces and tabs                                                      no-mixed-spaces-and-tabs
  25917:4    error  Mixed spaces and tabs                                                      no-mixed-spaces-and-tabs
  25918:4    error  Mixed spaces and tabs                                                      no-mixed-spaces-and-tabs
  25919:4    error  Mixed spaces and tabs                                                      no-mixed-spaces-and-tabs
  25920:4    error  Mixed spaces and tabs                                                      no-mixed-spaces-and-tabs
  25921:4    error  Mixed spaces and tabs                                                      no-mixed-spaces-and-tabs
  25922:4    error  Mixed spaces and tabs                                                      no-mixed-spaces-and-tabs
  25929:4    error  Mixed spaces and tabs                                                      no-mixed-spaces-and-tabs
  25930:4    error  Mixed spaces and tabs                                                      no-mixed-spaces-and-tabs
  25931:4    error  Mixed spaces and tabs                                                      no-mixed-spaces-and-tabs
  25932:4    error  Mixed spaces and tabs                                                      no-mixed-spaces-and-tabs
  25933:4    error  Mixed spaces and tabs                                                      no-mixed-spaces-and-tabs
  25934:4    error  Mixed spaces and tabs                                                      no-mixed-spaces-and-tabs
  25935:4    error  Mixed spaces and tabs                                                      no-mixed-spaces-and-tabs
  25936:4    error  Mixed spaces and tabs                                                      no-mixed-spaces-and-tabs
  25937:4    error  Mixed spaces and tabs                                                      no-mixed-spaces-and-tabs
  25938:4    error  Mixed spaces and tabs                                                      no-mixed-spaces-and-tabs
  25939:4    error  Mixed spaces and tabs                                                      no-mixed-spaces-and-tabs
  25940:4    error  Mixed spaces and tabs                                                      no-mixed-spaces-and-tabs
  25941:4    error  Mixed spaces and tabs                                                      no-mixed-spaces-and-tabs
  25942:4    error  Mixed spaces and tabs                                                      no-mixed-spaces-and-tabs
  25946:4    error  Mixed spaces and tabs                                                      no-mixed-spaces-and-tabs
  25949:4    error  Mixed spaces and tabs                                                      no-mixed-spaces-and-tabs
  25950:4    error  Mixed spaces and tabs                                                      no-mixed-spaces-and-tabs
  25951:4    error  Mixed spaces and tabs                                                      no-mixed-spaces-and-tabs
  25952:4    error  Mixed spaces and tabs                                                      no-mixed-spaces-and-tabs
  25953:4    error  Mixed spaces and tabs                                                      no-mixed-spaces-and-tabs
  25954:4    error  Mixed spaces and tabs                                                      no-mixed-spaces-and-tabs
  25955:4    error  Mixed spaces and tabs                                                      no-mixed-spaces-and-tabs
  25956:4    error  Mixed spaces and tabs                                                      no-mixed-spaces-and-tabs
  25957:4    error  Mixed spaces and tabs                                                      no-mixed-spaces-and-tabs
  25958:4    error  Mixed spaces and tabs                                                      no-mixed-spaces-and-tabs
  25959:4    error  Mixed spaces and tabs                                                      no-mixed-spaces-and-tabs
  25960:4    error  Mixed spaces and tabs                                                      no-mixed-spaces-and-tabs
  25961:4    error  Mixed spaces and tabs                                                      no-mixed-spaces-and-tabs
  25962:4    error  Mixed spaces and tabs                                                      no-mixed-spaces-and-tabs
  25963:4    error  Mixed spaces and tabs                                                      no-mixed-spaces-and-tabs
  25964:4    error  Mixed spaces and tabs                                                      no-mixed-spaces-and-tabs
  25965:4    error  Mixed spaces and tabs                                                      no-mixed-spaces-and-tabs
  25968:4    error  Mixed spaces and tabs                                                      no-mixed-spaces-and-tabs
  25969:4    error  Mixed spaces and tabs                                                      no-mixed-spaces-and-tabs
  25970:4    error  Mixed spaces and tabs                                                      no-mixed-spaces-and-tabs
  25971:4    error  Mixed spaces and tabs                                                      no-mixed-spaces-and-tabs
  25972:4    error  Mixed spaces and tabs                                                      no-mixed-spaces-and-tabs
  25973:4    error  Mixed spaces and tabs                                                      no-mixed-spaces-and-tabs
  25974:4    error  Mixed spaces and tabs                                                      no-mixed-spaces-and-tabs
  25975:4    error  Mixed spaces and tabs                                                      no-mixed-spaces-and-tabs
  25976:4    error  Mixed spaces and tabs                                                      no-mixed-spaces-and-tabs
  25977:4    error  Mixed spaces and tabs                                                      no-mixed-spaces-and-tabs
  25978:4    error  Mixed spaces and tabs                                                      no-mixed-spaces-and-tabs
  25979:4    error  Mixed spaces and tabs                                                      no-mixed-spaces-and-tabs
  25980:4    error  Mixed spaces and tabs                                                      no-mixed-spaces-and-tabs
  25981:4    error  Mixed spaces and tabs                                                      no-mixed-spaces-and-tabs
  25982:4    error  Mixed spaces and tabs                                                      no-mixed-spaces-and-tabs
  25983:4    error  Mixed spaces and tabs                                                      no-mixed-spaces-and-tabs
  25984:4    error  Mixed spaces and tabs                                                      no-mixed-spaces-and-tabs
  25985:4    error  Mixed spaces and tabs                                                      no-mixed-spaces-and-tabs
  25986:4    error  Mixed spaces and tabs                                                      no-mixed-spaces-and-tabs
  25987:4    error  Mixed spaces and tabs                                                      no-mixed-spaces-and-tabs
  25988:4    error  Mixed spaces and tabs                                                      no-mixed-spaces-and-tabs
  25989:4    error  Mixed spaces and tabs                                                      no-mixed-spaces-and-tabs
  25990:4    error  Mixed spaces and tabs                                                      no-mixed-spaces-and-tabs
  25991:4    error  Mixed spaces and tabs                                                      no-mixed-spaces-and-tabs
  25992:4    error  Mixed spaces and tabs                                                      no-mixed-spaces-and-tabs
  25995:4    error  Mixed spaces and tabs                                                      no-mixed-spaces-and-tabs
  25996:4    error  Mixed spaces and tabs                                                      no-mixed-spaces-and-tabs
  25997:4    error  Mixed spaces and tabs                                                      no-mixed-spaces-and-tabs
  25998:4    error  Mixed spaces and tabs                                                      no-mixed-spaces-and-tabs
  25999:4    error  Mixed spaces and tabs                                                      no-mixed-spaces-and-tabs
  26000:4    error  Mixed spaces and tabs                                                      no-mixed-spaces-and-tabs
  26001:4    error  Mixed spaces and tabs                                                      no-mixed-spaces-and-tabs
  26002:4    error  Mixed spaces and tabs                                                      no-mixed-spaces-and-tabs
  26003:4    error  Mixed spaces and tabs                                                      no-mixed-spaces-and-tabs
  26004:4    error  Mixed spaces and tabs                                                      no-mixed-spaces-and-tabs
  26008:4    error  Mixed spaces and tabs                                                      no-mixed-spaces-and-tabs
  26009:4    error  Mixed spaces and tabs                                                      no-mixed-spaces-and-tabs
  26010:4    error  Mixed spaces and tabs                                                      no-mixed-spaces-and-tabs
  26011:4    error  Mixed spaces and tabs                                                      no-mixed-spaces-and-tabs
  26011:14   error  'i' is already defined                                                     no-redeclare
  26012:4    error  Mixed spaces and tabs                                                      no-mixed-spaces-and-tabs
  26013:4    error  Mixed spaces and tabs                                                      no-mixed-spaces-and-tabs
  26014:4    error  Mixed spaces and tabs                                                      no-mixed-spaces-and-tabs
  26015:4    error  Mixed spaces and tabs                                                      no-mixed-spaces-and-tabs
  26016:4    error  Mixed spaces and tabs                                                      no-mixed-spaces-and-tabs
  26017:4    error  Mixed spaces and tabs                                                      no-mixed-spaces-and-tabs
  26018:4    error  Mixed spaces and tabs                                                      no-mixed-spaces-and-tabs
  26019:4    error  Mixed spaces and tabs                                                      no-mixed-spaces-and-tabs
  26208:21   error  'subarray' is already defined                                              no-redeclare
  26779:20   error  Unexpected constant condition                                              no-constant-condition
  27118:18   error  Redundant double negation                                                  no-extra-boolean-cast
  27155:21   error  Expected an assignment or function call and instead saw an expression      @typescript-eslint/no-unused-expressions
  27159:21   error  Expected an assignment or function call and instead saw an expression      @typescript-eslint/no-unused-expressions
  27703:35   error  Unnecessary escape character: \ .                                          no-useless-escape
  27703:51   error  Unnecessary escape character: \ .                                          no-useless-escape
  27703:81   error  Unnecessary escape character: \ .                                          no-useless-escape
  27927:13   error  Expected an assignment or function call and instead saw an expression      @typescript-eslint/no-unused-expressions
  27931:13   error  Expected an assignment or function call and instead saw an expression      @typescript-eslint/no-unused-expressions
  28655:13   error  Expected an assignment or function call and instead saw an expression      @typescript-eslint/no-unused-expressions
  28986:13   error  Expected an assignment or function call and instead saw an expression      @typescript-eslint/no-unused-expressions
  29311:21   error  'byte' is already defined                                                  no-redeclare
  29327:25   error  'msg' is already defined                                                   no-redeclare
  29740:29   error  Expected an assignment or function call and instead saw an expression      @typescript-eslint/no-unused-expressions
  29742:25   error  Expected a 'break' statement before 'case'                                 no-fallthrough
  29744:29   error  Expected an assignment or function call and instead saw an expression      @typescript-eslint/no-unused-expressions
  29754:25   error  Expected a 'break' statement before 'case'                                 no-fallthrough
  29798:22   error  'idx' is already defined                                                   no-redeclare
  29798:31   error  'len' is already defined                                                   no-redeclare
  29831:30   error  'idx' is already defined                                                   no-redeclare
  29831:39   error  'len' is already defined                                                   no-redeclare
  29835:30   error  'idx' is already defined                                                   no-redeclare
  29835:39   error  'len' is already defined                                                   no-redeclare
  29888:25   error  Expected a 'break' statement before 'case'                                 no-fallthrough
  29889:33   error  Redundant double negation                                                  no-extra-boolean-cast
  29992:25   error  Expected a 'break' statement before 'case'                                 no-fallthrough
  30032:25   error  Expected a 'break' statement before 'case'                                 no-fallthrough
  30036:25   error  Expected a 'break' statement before 'case'                                 no-fallthrough
  30037:42   error  Unexpected comma in middle of array                                        no-sparse-arrays
  30057:25   error  Expected a 'break' statement before 'case'                                 no-fallthrough
  31481:17   error  Unexpected aliasing of 'this' to local variable                            @typescript-eslint/no-this-alias
  31492:17   error  Unexpected aliasing of 'this' to local variable                            @typescript-eslint/no-this-alias
  31503:17   error  Unexpected aliasing of 'this' to local variable                            @typescript-eslint/no-this-alias
  31514:17   error  Unexpected aliasing of 'this' to local variable                            @typescript-eslint/no-this-alias
  31524:17   error  Unexpected aliasing of 'this' to local variable                            @typescript-eslint/no-this-alias
  31535:17   error  Unexpected aliasing of 'this' to local variable                            @typescript-eslint/no-this-alias
  31548:17   error  Unexpected aliasing of 'this' to local variable                            @typescript-eslint/no-this-alias
  31558:17   error  Unexpected aliasing of 'this' to local variable                            @typescript-eslint/no-this-alias
  31568:17   error  Unexpected aliasing of 'this' to local variable                            @typescript-eslint/no-this-alias
  31578:17   error  Unexpected aliasing of 'this' to local variable                            @typescript-eslint/no-this-alias
  31588:17   error  Unexpected aliasing of 'this' to local variable                            @typescript-eslint/no-this-alias
  31598:17   error  Unexpected aliasing of 'this' to local variable                            @typescript-eslint/no-this-alias
  31608:17   error  Unexpected aliasing of 'this' to local variable                            @typescript-eslint/no-this-alias
  31618:17   error  Unexpected aliasing of 'this' to local variable                            @typescript-eslint/no-this-alias
  31847:37   error  Unnecessary escape character: \ .                                          no-useless-escape
  31847:53   error  Unnecessary escape character: \ .                                          no-useless-escape
  31847:82   error  Unnecessary escape character: \ .                                          no-useless-escape
  31859:48   error  Unnecessary escape character: \ .                                          no-useless-escape
  31859:78   error  Unnecessary escape character: \ .                                          no-useless-escape
  31859:108  error  Unnecessary escape character: \ .                                          no-useless-escape
  31859:138  error  Unnecessary escape character: \ .                                          no-useless-escape
  32076:17   error  'layout' is already defined                                                no-redeclare
  32086:17   error  'layout' is already defined                                                no-redeclare
  32215:18   error  'idx' is already defined                                                   no-redeclare
  32215:27   error  'len' is already defined                                                   no-redeclare
  32307:33   error  Redundant double negation                                                  no-extra-boolean-cast
  32313:25   error  Expected a 'break' statement before 'case'                                 no-fallthrough
  32449:25   error  Expected a 'break' statement before 'case'                                 no-fallthrough
  32565:33   error  Expected an assignment or function call and instead saw an expression      @typescript-eslint/no-unused-expressions
  32565:33   error  Unexpected aliasing of 'this' to local variable                            @typescript-eslint/no-this-alias
  34306:22   error  'idx' is already defined                                                   no-redeclare
  34306:31   error  'len' is already defined                                                   no-redeclare
  34399:26   error  'idx' is already defined                                                   no-redeclare
  34399:35   error  'len' is already defined                                                   no-redeclare
  35449:17   error  Unexpected aliasing of 'this' to local variable                            @typescript-eslint/no-this-alias
  36228:33   error  Redundant double negation                                                  no-extra-boolean-cast
  36260:25   error  Expected a 'break' statement before 'case'                                 no-fallthrough
  36307:33   error  Redundant double negation                                                  no-extra-boolean-cast
  36308:29   error  Expected an assignment or function call and instead saw an expression      @typescript-eslint/no-unused-expressions
  36328:25   error  Expected a 'break' statement before 'case'                                 no-fallthrough
  36385:17   error  Unexpected aliasing of 'this' to local variable                            @typescript-eslint/no-this-alias
  36483:29   error  Expected an assignment or function call and instead saw an expression      @typescript-eslint/no-unused-expressions
  36506:21   error  Expected an assignment or function call and instead saw an expression      @typescript-eslint/no-unused-expressions
  37230:29   error  Expected an assignment or function call and instead saw an expression      @typescript-eslint/no-unused-expressions
  37249:25   error  Expected a 'break' statement before 'case'                                 no-fallthrough
  37423:25   error  Expected a 'break' statement before 'case'                                 no-fallthrough
  37510:90   error  'idx' is already defined                                                   no-redeclare
  37510:95   error  'len' is already defined                                                   no-redeclare
  37530:29   error  Expected an assignment or function call and instead saw an expression      @typescript-eslint/no-unused-expressions
  37532:25   error  Expected a 'break' statement before 'case'                                 no-fallthrough
  37543:25   error  Expected a 'break' statement before 'case'                                 no-fallthrough
  37610:29   error  Expected an assignment or function call and instead saw an expression      @typescript-eslint/no-unused-expressions
  37653:29   error  Expected an assignment or function call and instead saw an expression      @typescript-eslint/no-unused-expressions
  37681:29   error  Expected an assignment or function call and instead saw an expression      @typescript-eslint/no-unused-expressions
  37683:25   error  Expected a 'break' statement before 'case'                                 no-fallthrough
  37689:25   error  Expected a 'break' statement before 'case'                                 no-fallthrough
  39132:26   error  'idx' is already defined                                                   no-redeclare
  39132:35   error  'len' is already defined                                                   no-redeclare

D:\code\AntiGravity\pdftoolskit-main\public\pdf-lib.min.js
   1:1       error  Expected an assignment or function call and instead saw an expression      @typescript-eslint/no-unused-expressions
   1:16      error  Expected an assignment or function call and instead saw an expression      @typescript-eslint/no-unused-expressions
   1:107     error  'define' is not defined                                                    no-undef
   1:118     error  'define' is not defined                                                    no-undef
  15:228     error  Expected an assignment or function call and instead saw an expression      @typescript-eslint/no-unused-expressions
  15:230     error  Do not access Object.prototype method 'hasOwnProperty' from target object  no-prototype-builtins
  15:317     error  Expected an assignment or function call and instead saw an expression      @typescript-eslint/no-unused-expressions
  15:516     error  Expected an assignment or function call and instead saw an expression      @typescript-eslint/no-unused-expressions
  15:780     error  Expected an assignment or function call and instead saw an expression      @typescript-eslint/no-unused-expressions
  15:1476    error  Expected an assignment or function call and instead saw an expression      @typescript-eslint/no-unused-expressions
  15:1515    error  Expected an assignment or function call and instead saw an expression      @typescript-eslint/no-unused-expressions
  15:1725    error  Expected an assignment or function call and instead saw an expression      @typescript-eslint/no-unused-expressions
  15:1768    error  Expected an assignment or function call and instead saw an expression      @typescript-eslint/no-unused-expressions
  15:1801    error  Expected an assignment or function call and instead saw an expression      @typescript-eslint/no-unused-expressions
  15:1864    error  Expected an assignment or function call and instead saw an expression      @typescript-eslint/no-unused-expressions
  15:2339    error  Expected an assignment or function call and instead saw an expression      @typescript-eslint/no-unused-expressions
  15:2578    error  Expected an assignment or function call and instead saw an expression      @typescript-eslint/no-unused-expressions
  15:2671    error  Expected an assignment or function call and instead saw an expression      @typescript-eslint/no-unused-expressions
  15:2848    error  Unnecessary escape character: \/                                           no-useless-escape
  15:2850    error  Unnecessary escape character: \+                                           no-useless-escape
  15:3624    error  Unexpected control character(s) in regular expression: \x0b                no-control-regex
  15:3681    error  Unexpected control character(s) in regular expression: \x0b                no-control-regex
  15:3731    error  Unexpected control character(s) in regular expression: \x0b                no-control-regex
  15:3983    error  Expected an assignment or function call and instead saw an expression      @typescript-eslint/no-unused-expressions
  15:4316    error  Expected an assignment or function call and instead saw an expression      @typescript-eslint/no-unused-expressions
  15:4407    error  Expected an assignment or function call and instead saw an expression      @typescript-eslint/no-unused-expressions
  15:4966    error  Expected an assignment or function call and instead saw an expression      @typescript-eslint/no-unused-expressions
  15:5642    error  Expected an assignment or function call and instead saw an expression      @typescript-eslint/no-unused-expressions
  15:5853    error  Expected an assignment or function call and instead saw an expression      @typescript-eslint/no-unused-expressions
  15:5980    error  Expected an assignment or function call and instead saw an expression      @typescript-eslint/no-unused-expressions
  15:6665    error  Expected an assignment or function call and instead saw an expression      @typescript-eslint/no-unused-expressions
  15:6693    error  Expected an assignment or function call and instead saw an expression      @typescript-eslint/no-unused-expressions
  15:6773    error  Expected an assignment or function call and instead saw an expression      @typescript-eslint/no-unused-expressions
  15:6856    error  Expected an assignment or function call and instead saw an expression      @typescript-eslint/no-unused-expressions
  15:7084    error  Expected an assignment or function call and instead saw an expression      @typescript-eslint/no-unused-expressions
  15:7097    error  Expected an assignment or function call and instead saw an expression      @typescript-eslint/no-unused-expressions
  15:7424    error  Expected an assignment or function call and instead saw an expression      @typescript-eslint/no-unused-expressions
  15:7458    error  Expected an assignment or function call and instead saw an expression      @typescript-eslint/no-unused-expressions
  15:8030    error  Expected a conditional expression and instead saw an assignment            no-cond-assign
  15:8081    error  Expected an assignment or function call and instead saw an expression      @typescript-eslint/no-unused-expressions
  15:8186    error  Expected an assignment or function call and instead saw an expression      @typescript-eslint/no-unused-expressions
  15:8914    error  Expected an assignment or function call and instead saw an expression      @typescript-eslint/no-unused-expressions
  15:9099    error  Expected an assignment or function call and instead saw an expression      @typescript-eslint/no-unused-expressions
  15:9489    error  Expected an assignment or function call and instead saw an expression      @typescript-eslint/no-unused-expressions
  15:9653    error  Expected an assignment or function call and instead saw an expression      @typescript-eslint/no-unused-expressions
  15:9676    error  Expected an assignment or function call and instead saw an expression      @typescript-eslint/no-unused-expressions
  15:10302   error  Expected an assignment or function call and instead saw an expression      @typescript-eslint/no-unused-expressions
  15:10432   error  Expected an assignment or function call and instead saw an expression      @typescript-eslint/no-unused-expressions
  15:10548   error  Expected an assignment or function call and instead saw an expression      @typescript-eslint/no-unused-expressions
  15:10637   error  Expected an assignment or function call and instead saw an expression      @typescript-eslint/no-unused-expressions
  15:10858   error  Expected an assignment or function call and instead saw an expression      @typescript-eslint/no-unused-expressions
  15:11021   error  Expected an assignment or function call and instead saw an expression      @typescript-eslint/no-unused-expressions
  15:11179   error  Expected an assignment or function call and instead saw an expression      @typescript-eslint/no-unused-expressions
  15:11261   error  Expected an assignment or function call and instead saw an expression      @typescript-eslint/no-unused-expressions
  15:11590   error  Expected an assignment or function call and instead saw an expression      @typescript-eslint/no-unused-expressions
  15:11688   error  Expected an assignment or function call and instead saw an expression      @typescript-eslint/no-unused-expressions
  15:12095   error  Expected an assignment or function call and instead saw an expression      @typescript-eslint/no-unused-expressions
  15:12176   error  Expected an assignment or function call and instead saw an expression      @typescript-eslint/no-unused-expressions
  15:12330   error  Expected an assignment or function call and instead saw an expression      @typescript-eslint/no-unused-expressions
  15:12587   error  Expected an assignment or function call and instead saw an expression      @typescript-eslint/no-unused-expressions
  15:12894   error  Expected an assignment or function call and instead saw an expression      @typescript-eslint/no-unused-expressions
  15:13104   error  Expected an assignment or function call and instead saw an expression      @typescript-eslint/no-unused-expressions
  15:13216   error  Expected an assignment or function call and instead saw an expression      @typescript-eslint/no-unused-expressions
  15:13431   error  Expected an assignment or function call and instead saw an expression      @typescript-eslint/no-unused-expressions
  15:13799   error  Expected an assignment or function call and instead saw an expression      @typescript-eslint/no-unused-expressions
  15:13942   error  Expected an assignment or function call and instead saw an expression      @typescript-eslint/no-unused-expressions
  15:14033   error  Expected an assignment or function call and instead saw an expression      @typescript-eslint/no-unused-expressions
  15:14069   error  Expected an assignment or function call and instead saw an expression      @typescript-eslint/no-unused-expressions
  15:14200   error  Expected an assignment or function call and instead saw an expression      @typescript-eslint/no-unused-expressions
  15:14491   error  Expected an assignment or function call and instead saw an expression      @typescript-eslint/no-unused-expressions
  15:14527   error  Expected an assignment or function call and instead saw an expression      @typescript-eslint/no-unused-expressions
  15:14563   error  Expected an assignment or function call and instead saw an expression      @typescript-eslint/no-unused-expressions
  15:14599   error  Expected an assignment or function call and instead saw an expression      @typescript-eslint/no-unused-expressions
  15:14652   error  Expected an assignment or function call and instead saw an expression      @typescript-eslint/no-unused-expressions
  15:14680   error  Expected an assignment or function call and instead saw an expression      @typescript-eslint/no-unused-expressions
  15:14969   error  Expected an assignment or function call and instead saw an expression      @typescript-eslint/no-unused-expressions
  15:15746   error  Expected an assignment or function call and instead saw an expression      @typescript-eslint/no-unused-expressions
  15:16210   error  Expected an assignment or function call and instead saw an expression      @typescript-eslint/no-unused-expressions
  15:16245   error  Expected an assignment or function call and instead saw an expression      @typescript-eslint/no-unused-expressions
  15:16518   error  Expected an assignment or function call and instead saw an expression      @typescript-eslint/no-unused-expressions
  15:17121   error  Expected an assignment or function call and instead saw an expression      @typescript-eslint/no-unused-expressions
  15:17348   error  Expected an assignment or function call and instead saw an expression      @typescript-eslint/no-unused-expressions
  15:17530   error  Expected an assignment or function call and instead saw an expression      @typescript-eslint/no-unused-expressions
  15:18047   error  Expected an assignment or function call and instead saw an expression      @typescript-eslint/no-unused-expressions
  15:18181   error  Expected an assignment or function call and instead saw an expression      @typescript-eslint/no-unused-expressions
  15:18192   error  Empty block statement                                                      no-empty
  15:18403   error  Expected an assignment or function call and instead saw an expression      @typescript-eslint/no-unused-expressions
  15:18597   error  Expected an assignment or function call and instead saw an expression      @typescript-eslint/no-unused-expressions
  15:18701   error  Expected an assignment or function call and instead saw an expression      @typescript-eslint/no-unused-expressions
  15:18756   error  Expected an assignment or function call and instead saw an expression      @typescript-eslint/no-unused-expressions
  15:19766   error  Expected an assignment or function call and instead saw an expression      @typescript-eslint/no-unused-expressions
  15:19966   error  Expected an assignment or function call and instead saw an expression      @typescript-eslint/no-unused-expressions
  15:20111   error  Expected an assignment or function call and instead saw an expression      @typescript-eslint/no-unused-expressions
  15:20966   error  Expected an assignment or function call and instead saw an expression      @typescript-eslint/no-unused-expressions
  15:21102   error  Expected an assignment or function call and instead saw an expression      @typescript-eslint/no-unused-expressions
  15:21533   error  Expected an assignment or function call and instead saw an expression      @typescript-eslint/no-unused-expressions
  15:21819   error  Expected an assignment or function call and instead saw an expression      @typescript-eslint/no-unused-expressions
  15:21916   error  Expected an assignment or function call and instead saw an expression      @typescript-eslint/no-unused-expressions
  15:23814   error  Expected an assignment or function call and instead saw an expression      @typescript-eslint/no-unused-expressions
  15:24520   error  Expected an assignment or function call and instead saw an expression      @typescript-eslint/no-unused-expressions
  15:25569   error  Expected an assignment or function call and instead saw an expression      @typescript-eslint/no-unused-expressions
  15:26245   error  Expected an assignment or function call and instead saw an expression      @typescript-eslint/no-unused-expressions
  15:26688   error  Expected an assignment or function call and instead saw an expression      @typescript-eslint/no-unused-expressions
  15:26736   error  Expected an assignment or function call and instead saw an expression      @typescript-eslint/no-unused-expressions
  15:27117   error  Expected an assignment or function call and instead saw an expression      @typescript-eslint/no-unused-expressions
  15:27215   error  Expected an assignment or function call and instead saw an expression      @typescript-eslint/no-unused-expressions
  15:27571   error  Expected an assignment or function call and instead saw an expression      @typescript-eslint/no-unused-expressions
  15:27675   error  Expected an assignment or function call and instead saw an expression      @typescript-eslint/no-unused-expressions
  15:28847   error  Empty block statement                                                      no-empty
  15:28956   error  Expected an assignment or function call and instead saw an expression      @typescript-eslint/no-unused-expressions
  15:30647   error  Expected an assignment or function call and instead saw an expression      @typescript-eslint/no-unused-expressions
  15:30679   error  Expected an assignment or function call and instead saw an expression      @typescript-eslint/no-unused-expressions
  15:30807   error  Expected an assignment or function call and instead saw an expression      @typescript-eslint/no-unused-expressions
  15:31584   error  Expected an assignment or function call and instead saw an expression      @typescript-eslint/no-unused-expressions
  15:31772   error  Expected an assignment or function call and instead saw an expression      @typescript-eslint/no-unused-expressions
  15:32362   error  Expected an assignment or function call and instead saw an expression      @typescript-eslint/no-unused-expressions
  15:32424   error  Expected an assignment or function call and instead saw an expression      @typescript-eslint/no-unused-expressions
  15:32445   error  Expected an assignment or function call and instead saw an expression      @typescript-eslint/no-unused-expressions
  15:32705   error  Expected an assignment or function call and instead saw an expression      @typescript-eslint/no-unused-expressions
  15:33107   error  Expected an assignment or function call and instead saw an expression      @typescript-eslint/no-unused-expressions
  15:33819   error  Expected an assignment or function call and instead saw an expression      @typescript-eslint/no-unused-expressions
  15:33919   error  Expected an assignment or function call and instead saw an expression      @typescript-eslint/no-unused-expressions
  15:34230   error  Expected an assignment or function call and instead saw an expression      @typescript-eslint/no-unused-expressions
  15:34653   error  Expected an assignment or function call and instead saw an expression      @typescript-eslint/no-unused-expressions
  15:35025   error  Expected an assignment or function call and instead saw an expression      @typescript-eslint/no-unused-expressions
  15:35279   error  Expected an assignment or function call and instead saw an expression      @typescript-eslint/no-unused-expressions
  15:35495   error  Expected an assignment or function call and instead saw an expression      @typescript-eslint/no-unused-expressions
  15:35549   error  Expected an assignment or function call and instead saw an expression      @typescript-eslint/no-unused-expressions
  15:35781   error  Expected an assignment or function call and instead saw an expression      @typescript-eslint/no-unused-expressions
  15:35917   error  Expected an assignment or function call and instead saw an expression      @typescript-eslint/no-unused-expressions
  15:36021   error  Expected an assignment or function call and instead saw an expression      @typescript-eslint/no-unused-expressions
  15:36143   error  Expected an assignment or function call and instead saw an expression      @typescript-eslint/no-unused-expressions
  15:36269   error  Expected an assignment or function call and instead saw an expression      @typescript-eslint/no-unused-expressions
  15:36334   error  Expected an assignment or function call and instead saw an expression      @typescript-eslint/no-unused-expressions
  15:36354   error  Expected an assignment or function call and instead saw an expression      @typescript-eslint/no-unused-expressions
  15:36401   error  Expected an assignment or function call and instead saw an expression      @typescript-eslint/no-unused-expressions
  15:36455   error  Expected an assignment or function call and instead saw an expression      @typescript-eslint/no-unused-expressions
  15:36513   error  Expected an assignment or function call and instead saw an expression      @typescript-eslint/no-unused-expressions
  15:36583   error  Expected an assignment or function call and instead saw an expression      @typescript-eslint/no-unused-expressions
  15:37630   error  Expected an assignment or function call and instead saw an expression      @typescript-eslint/no-unused-expressions
  15:37824   error  Expected an assignment or function call and instead saw an expression      @typescript-eslint/no-unused-expressions
  15:38136   error  Expected an assignment or function call and instead saw an expression      @typescript-eslint/no-unused-expressions
  15:38364   error  Expected an assignment or function call and instead saw an expression      @typescript-eslint/no-unused-expressions
  15:39818   error  Expected an assignment or function call and instead saw an expression      @typescript-eslint/no-unused-expressions
  15:39863   error  Expected an assignment or function call and instead saw an expression      @typescript-eslint/no-unused-expressions
  15:40199   error  Expected a conditional expression and instead saw an assignment            no-cond-assign
  15:40668   error  Expected an assignment or function call and instead saw an expression      @typescript-eslint/no-unused-expressions
  15:40897   error  Expected an assignment or function call and instead saw an expression      @typescript-eslint/no-unused-expressions
  15:40943   error  Expected an assignment or function call and instead saw an expression      @typescript-eslint/no-unused-expressions
  15:41105   error  Expected an assignment or function call and instead saw an expression      @typescript-eslint/no-unused-expressions
  15:41166   error  Expected an assignment or function call and instead saw an expression      @typescript-eslint/no-unused-expressions
  15:41284   error  Expected an assignment or function call and instead saw an expression      @typescript-eslint/no-unused-expressions
  15:41328   error  Expected an assignment or function call and instead saw an expression      @typescript-eslint/no-unused-expressions
  15:41427   error  Expected an assignment or function call and instead saw an expression      @typescript-eslint/no-unused-expressions
  15:41480   error  Expected an assignment or function call and instead saw an expression      @typescript-eslint/no-unused-expressions
  15:41549   error  Expected an assignment or function call and instead saw an expression      @typescript-eslint/no-unused-expressions
  15:41598   error  Expected an assignment or function call and instead saw an expression      @typescript-eslint/no-unused-expressions
  15:41711   error  Expected a 'break' statement before 'case'                                 no-fallthrough
  15:41747   error  Expected an assignment or function call and instead saw an expression      @typescript-eslint/no-unused-expressions
  15:41769   error  Expected an assignment or function call and instead saw an expression      @typescript-eslint/no-unused-expressions
  15:41909   error  Expected a 'break' statement before 'case'                                 no-fallthrough
  15:41945   error  Expected an assignment or function call and instead saw an expression      @typescript-eslint/no-unused-expressions
  15:41967   error  Expected an assignment or function call and instead saw an expression      @typescript-eslint/no-unused-expressions
  15:42096   error  Expected a 'break' statement before 'case'                                 no-fallthrough
  15:42149   error  Expected an assignment or function call and instead saw an expression      @typescript-eslint/no-unused-expressions
  15:42171   error  Expected an assignment or function call and instead saw an expression      @typescript-eslint/no-unused-expressions
  15:42291   error  Expected an assignment or function call and instead saw an expression      @typescript-eslint/no-unused-expressions
  15:42328   error  Expected a 'break' statement before 'case'                                 no-fallthrough
  15:42590   error  Expected an assignment or function call and instead saw an expression      @typescript-eslint/no-unused-expressions
  15:42610   error  Expected a 'break' statement before 'case'                                 no-fallthrough
  15:42658   error  Expected an assignment or function call and instead saw an expression      @typescript-eslint/no-unused-expressions
  15:42817   error  Expected an assignment or function call and instead saw an expression      @typescript-eslint/no-unused-expressions
  15:42844   error  Expected an assignment or function call and instead saw an expression      @typescript-eslint/no-unused-expressions
  15:42864   error  Expected a 'break' statement before 'case'                                 no-fallthrough
  15:42912   error  Expected an assignment or function call and instead saw an expression      @typescript-eslint/no-unused-expressions
  15:43074   error  Expected an assignment or function call and instead saw an expression      @typescript-eslint/no-unused-expressions
  15:43113   error  Expected a 'break' statement before 'case'                                 no-fallthrough
  15:43165   error  Expected an assignment or function call and instead saw an expression      @typescript-eslint/no-unused-expressions
  15:43211   error  Expected an assignment or function call and instead saw an expression      @typescript-eslint/no-unused-expressions
  15:43255   error  Expected an assignment or function call and instead saw an expression      @typescript-eslint/no-unused-expressions
  15:43263   error  Expected an assignment or function call and instead saw an expression      @typescript-eslint/no-unused-expressions
  15:43384   error  Expected an assignment or function call and instead saw an expression      @typescript-eslint/no-unused-expressions
  15:43406   error  Expected an assignment or function call and instead saw an expression      @typescript-eslint/no-unused-expressions
  15:43446   error  Expected a 'break' statement before 'case'                                 no-fallthrough
  15:43551   error  Expected an assignment or function call and instead saw an expression      @typescript-eslint/no-unused-expressions
  15:43579   error  Expected a 'break' statement before 'case'                                 no-fallthrough
  15:43611   error  Expected a 'break' statement before 'case'                                 no-fallthrough
  15:43630   error  Expected an assignment or function call and instead saw an expression      @typescript-eslint/no-unused-expressions
  15:43690   error  Expected an assignment or function call and instead saw an expression      @typescript-eslint/no-unused-expressions
  15:43803   error  Expected an assignment or function call and instead saw an expression      @typescript-eslint/no-unused-expressions
  15:43859   error  Expected an assignment or function call and instead saw an expression      @typescript-eslint/no-unused-expressions
  15:43896   error  Expected an assignment or function call and instead saw an expression      @typescript-eslint/no-unused-expressions
  15:43966   error  Expected an assignment or function call and instead saw an expression      @typescript-eslint/no-unused-expressions
  15:44018   error  Expected an assignment or function call and instead saw an expression      @typescript-eslint/no-unused-expressions
  15:44123   error  Expected a 'break' statement before 'case'                                 no-fallthrough
  15:44141   error  Expected a 'break' statement before 'case'                                 no-fallthrough
  15:44152   error  Expected a conditional expression and instead saw an assignment            no-cond-assign
  15:44203   error  Expected an assignment or function call and instead saw an expression      @typescript-eslint/no-unused-expressions
  15:44317   error  Expected an assignment or function call and instead saw an expression      @typescript-eslint/no-unused-expressions
  15:44454   error  Expected an assignment or function call and instead saw an expression      @typescript-eslint/no-unused-expressions
  15:44514   error  Expected an assignment or function call and instead saw an expression      @typescript-eslint/no-unused-expressions
  15:44533   error  Expected a 'break' statement before 'case'                                 no-fallthrough
  15:44591   error  Expected an assignment or function call and instead saw an expression      @typescript-eslint/no-unused-expressions
  15:44613   error  Expected an assignment or function call and instead saw an expression      @typescript-eslint/no-unused-expressions
  15:44801   error  Expected an assignment or function call and instead saw an expression      @typescript-eslint/no-unused-expressions
  15:44850   error  Expected an assignment or function call and instead saw an expression      @typescript-eslint/no-unused-expressions
  15:44869   error  Expected a 'break' statement before 'case'                                 no-fallthrough
  15:45002   error  Expected an assignment or function call and instead saw an expression      @typescript-eslint/no-unused-expressions
  15:45032   error  Expected an assignment or function call and instead saw an expression      @typescript-eslint/no-unused-expressions
  15:45112   error  Expected an assignment or function call and instead saw an expression      @typescript-eslint/no-unused-expressions
  15:45161   error  Expected an assignment or function call and instead saw an expression      @typescript-eslint/no-unused-expressions
  15:45211   error  Expected an assignment or function call and instead saw an expression      @typescript-eslint/no-unused-expressions
  15:45301   error  Expected an assignment or function call and instead saw an expression      @typescript-eslint/no-unused-expressions
  15:45323   error  Expected an assignment or function call and instead saw an expression      @typescript-eslint/no-unused-expressions
  15:45399   error  Expected an assignment or function call and instead saw an expression      @typescript-eslint/no-unused-expressions
  15:45421   error  Expected an assignment or function call and instead saw an expression      @typescript-eslint/no-unused-expressions
  15:45490   error  Expected an assignment or function call and instead saw an expression      @typescript-eslint/no-unused-expressions
  15:45611   error  Expected an assignment or function call and instead saw an expression      @typescript-eslint/no-unused-expressions
  15:45771   error  Expected an assignment or function call and instead saw an expression      @typescript-eslint/no-unused-expressions
  15:45953   error  Expected an assignment or function call and instead saw an expression      @typescript-eslint/no-unused-expressions
  15:46026   error  Expected a 'break' statement before 'case'                                 no-fallthrough
  15:46044   error  Expected a 'break' statement before 'case'                                 no-fallthrough
  15:46069   error  Expected an assignment or function call and instead saw an expression      @typescript-eslint/no-unused-expressions
  15:46373   error  Expected an assignment or function call and instead saw an expression      @typescript-eslint/no-unused-expressions
  15:46525   error  Expected an assignment or function call and instead saw an expression      @typescript-eslint/no-unused-expressions
  15:46547   error  Expected an assignment or function call and instead saw an expression      @typescript-eslint/no-unused-expressions
  15:46637   error  Expected an assignment or function call and instead saw an expression      @typescript-eslint/no-unused-expressions
  15:46672   error  Expected an assignment or function call and instead saw an expression      @typescript-eslint/no-unused-expressions
  15:46724   error  Expected an assignment or function call and instead saw an expression      @typescript-eslint/no-unused-expressions
  15:46747   error  Expected a 'break' statement before 'case'                                 no-fallthrough
  15:46804   error  Expected an assignment or function call and instead saw an expression      @typescript-eslint/no-unused-expressions
  15:46826   error  Expected an assignment or function call and instead saw an expression      @typescript-eslint/no-unused-expressions
  15:46893   error  Expected an assignment or function call and instead saw an expression      @typescript-eslint/no-unused-expressions
  15:46918   error  Expected a 'break' statement before 'case'                                 no-fallthrough
  15:47024   error  Expected an assignment or function call and instead saw an expression      @typescript-eslint/no-unused-expressions
  15:47174   error  Expected an assignment or function call and instead saw an expression      @typescript-eslint/no-unused-expressions
  15:47196   error  Expected an assignment or function call and instead saw an expression      @typescript-eslint/no-unused-expressions
  15:47249   error  Expected an assignment or function call and instead saw an expression      @typescript-eslint/no-unused-expressions
  15:47295   error  Expected an assignment or function call and instead saw an expression      @typescript-eslint/no-unused-expressions
  15:47329   error  Expected a 'break' statement before 'case'                                 no-fallthrough
  15:47386   error  Expected an assignment or function call and instead saw an expression      @typescript-eslint/no-unused-expressions
  15:47408   error  Expected an assignment or function call and instead saw an expression      @typescript-eslint/no-unused-expressions
  15:47495   error  Expected an assignment or function call and instead saw an expression      @typescript-eslint/no-unused-expressions
  15:47559   error  Expected a 'break' statement before 'case'                                 no-fallthrough
  15:47640   error  Expected an assignment or function call and instead saw an expression      @typescript-eslint/no-unused-expressions
  15:47694   error  Expected an assignment or function call and instead saw an expression      @typescript-eslint/no-unused-expressions
  15:47782   error  Expected an assignment or function call and instead saw an expression      @typescript-eslint/no-unused-expressions
  15:47810   error  Expected an assignment or function call and instead saw an expression      @typescript-eslint/no-unused-expressions
  15:47866   error  Expected an assignment or function call and instead saw an expression      @typescript-eslint/no-unused-expressions
  15:47923   error  Expected an assignment or function call and instead saw an expression      @typescript-eslint/no-unused-expressions
  15:48007   error  Expected an assignment or function call and instead saw an expression      @typescript-eslint/no-unused-expressions
  15:48165   error  Expected an assignment or function call and instead saw an expression      @typescript-eslint/no-unused-expressions
  15:48210   error  Expected an assignment or function call and instead saw an expression      @typescript-eslint/no-unused-expressions
  15:48228   error  Expected a 'break' statement before 'case'                                 no-fallthrough
  15:48285   error  Expected an assignment or function call and instead saw an expression      @typescript-eslint/no-unused-expressions
  15:48336   error  Expected an assignment or function call and instead saw an expression      @typescript-eslint/no-unused-expressions
  15:48383   error  Expected an assignment or function call and instead saw an expression      @typescript-eslint/no-unused-expressions
  15:48401   error  Expected a 'break' statement before 'case'                                 no-fallthrough
  15:49818   error  Expected an assignment or function call and instead saw an expression      @typescript-eslint/no-unused-expressions
  15:50126   error  Expected an assignment or function call and instead saw an expression      @typescript-eslint/no-unused-expressions
  15:50975   error  Expected an assignment or function call and instead saw an expression      @typescript-eslint/no-unused-expressions
  15:51112   error  Expected an assignment or function call and instead saw an expression      @typescript-eslint/no-unused-expressions
  15:51586   error  Expected an assignment or function call and instead saw an expression      @typescript-eslint/no-unused-expressions
  15:52288   error  Expected an assignment or function call and instead saw an expression      @typescript-eslint/no-unused-expressions
  15:52920   error  Expected an assignment or function call and instead saw an expression      @typescript-eslint/no-unused-expressions
  15:53013   error  Expected an assignment or function call and instead saw an expression      @typescript-eslint/no-unused-expressions
  15:174721  error  Expected an assignment or function call and instead saw an expression      @typescript-eslint/no-unused-expressions
  15:174734  error  Expected an assignment or function call and instead saw an expression      @typescript-eslint/no-unused-expressions
  15:175244  error  Unexpected aliasing of 'this' to local variable                            @typescript-eslint/no-this-alias
  15:175251  error  Expected an assignment or function call and instead saw an expression      @typescript-eslint/no-unused-expressions
  15:181840  error  Unexpected aliasing of 'this' to local variable                            @typescript-eslint/no-this-alias
  15:181847  error  Expected an assignment or function call and instead saw an expression      @typescript-eslint/no-unused-expressions
  15:183010  error  Expected an assignment or function call and instead saw an expression      @typescript-eslint/no-unused-expressions
  15:183139  error  Expected an assignment or function call and instead saw an expression      @typescript-eslint/no-unused-expressions
  15:183212  error  Expected an assignment or function call and instead saw an expression      @typescript-eslint/no-unused-expressions
  15:184134  error  Expected an assignment or function call and instead saw an expression      @typescript-eslint/no-unused-expressions
  15:185016  error  Expected an assignment or function call and instead saw an expression      @typescript-eslint/no-unused-expressions
  15:185492  error  Expected an assignment or function call and instead saw an expression      @typescript-eslint/no-unused-expressions
  15:186305  error  Expected an assignment or function call and instead saw an expression      @typescript-eslint/no-unused-expressions
  15:190961  error  Expected an assignment or function call and instead saw an expression      @typescript-eslint/no-unused-expressions
  15:190974  error  Expected an assignment or function call and instead saw an expression      @typescript-eslint/no-unused-expressions
  15:192450  error  Expected an assignment or function call and instead saw an expression      @typescript-eslint/no-unused-expressions
  15:192635  error  Expected an assignment or function call and instead saw an expression      @typescript-eslint/no-unused-expressions
  15:193025  error  Expected an assignment or function call and instead saw an expression      @typescript-eslint/no-unused-expressions
  15:193189  error  Expected an assignment or function call and instead saw an expression      @typescript-eslint/no-unused-expressions
  15:193212  error  Expected an assignment or function call and instead saw an expression      @typescript-eslint/no-unused-expressions
  15:193838  error  Expected an assignment or function call and instead saw an expression      @typescript-eslint/no-unused-expressions
  15:193968  error  Expected an assignment or function call and instead saw an expression      @typescript-eslint/no-unused-expressions
  15:194084  error  Expected an assignment or function call and instead saw an expression      @typescript-eslint/no-unused-expressions
  15:194173  error  Expected an assignment or function call and instead saw an expression      @typescript-eslint/no-unused-expressions
  15:194394  error  Expected an assignment or function call and instead saw an expression      @typescript-eslint/no-unused-expressions
  15:194557  error  Expected an assignment or function call and instead saw an expression      @typescript-eslint/no-unused-expressions
  15:194715  error  Expected an assignment or function call and instead saw an expression      @typescript-eslint/no-unused-expressions
  15:194797  error  Expected an assignment or function call and instead saw an expression      @typescript-eslint/no-unused-expressions
  15:195126  error  Expected an assignment or function call and instead saw an expression      @typescript-eslint/no-unused-expressions
  15:195224  error  Expected an assignment or function call and instead saw an expression      @typescript-eslint/no-unused-expressions
  15:195631  error  Expected an assignment or function call and instead saw an expression      @typescript-eslint/no-unused-expressions
  15:195712  error  Expected an assignment or function call and instead saw an expression      @typescript-eslint/no-unused-expressions
  15:195866  error  Expected an assignment or function call and instead saw an expression      @typescript-eslint/no-unused-expressions
  15:196123  error  Expected an assignment or function call and instead saw an expression      @typescript-eslint/no-unused-expressions
  15:196430  error  Expected an assignment or function call and instead saw an expression      @typescript-eslint/no-unused-expressions
  15:196640  error  Expected an assignment or function call and instead saw an expression      @typescript-eslint/no-unused-expressions
  15:196752  error  Expected an assignment or function call and instead saw an expression      @typescript-eslint/no-unused-expressions
  15:196967  error  Expected an assignment or function call and instead saw an expression      @typescript-eslint/no-unused-expressions
  15:197335  error  Expected an assignment or function call and instead saw an expression      @typescript-eslint/no-unused-expressions
  15:197478  error  Expected an assignment or function call and instead saw an expression      @typescript-eslint/no-unused-expressions
  15:197569  error  Expected an assignment or function call and instead saw an expression      @typescript-eslint/no-unused-expressions
  15:197605  error  Expected an assignment or function call and instead saw an expression      @typescript-eslint/no-unused-expressions
  15:197736  error  Expected an assignment or function call and instead saw an expression      @typescript-eslint/no-unused-expressions
  15:198027  error  Expected an assignment or function call and instead saw an expression      @typescript-eslint/no-unused-expressions
  15:198063  error  Expected an assignment or function call and instead saw an expression      @typescript-eslint/no-unused-expressions
  15:198099  error  Expected an assignment or function call and instead saw an expression      @typescript-eslint/no-unused-expressions
  15:198135  error  Expected an assignment or function call and instead saw an expression      @typescript-eslint/no-unused-expressions
  15:198188  error  Expected an assignment or function call and instead saw an expression      @typescript-eslint/no-unused-expressions
  15:198216  error  Expected an assignment or function call and instead saw an expression      @typescript-eslint/no-unused-expressions
  15:198505  error  Expected an assignment or function call and instead saw an expression      @typescript-eslint/no-unused-expressions
  15:199282  error  Expected an assignment or function call and instead saw an expression      @typescript-eslint/no-unused-expressions
  15:199746  error  Expected an assignment or function call and instead saw an expression      @typescript-eslint/no-unused-expressions
  15:199781  error  Expected an assignment or function call and instead saw an expression      @typescript-eslint/no-unused-expressions
  15:200054  error  Expected an assignment or function call and instead saw an expression      @typescript-eslint/no-unused-expressions
  15:200657  error  Expected an assignment or function call and instead saw an expression      @typescript-eslint/no-unused-expressions
  15:200884  error  Expected an assignment or function call and instead saw an expression      @typescript-eslint/no-unused-expressions
  15:201066  error  Expected an assignment or function call and instead saw an expression      @typescript-eslint/no-unused-expressions
  15:201583  error  Expected an assignment or function call and instead saw an expression      @typescript-eslint/no-unused-expressions
  15:201717  error  Expected an assignment or function call and instead saw an expression      @typescript-eslint/no-unused-expressions
  15:201728  error  Empty block statement                                                      no-empty
  15:201939  error  Expected an assignment or function call and instead saw an expression      @typescript-eslint/no-unused-expressions
  15:202133  error  Expected an assignment or function call and instead saw an expression      @typescript-eslint/no-unused-expressions
  15:202237  error  Expected an assignment or function call and instead saw an expression      @typescript-eslint/no-unused-expressions
  15:202292  error  Expected an assignment or function call and instead saw an expression      @typescript-eslint/no-unused-expressions
  15:203302  error  Expected an assignment or function call and instead saw an expression      @typescript-eslint/no-unused-expressions
  15:203502  error  Expected an assignment or function call and instead saw an expression      @typescript-eslint/no-unused-expressions
  15:203647  error  Expected an assignment or function call and instead saw an expression      @typescript-eslint/no-unused-expressions
  15:204502  error  Expected an assignment or function call and instead saw an expression      @typescript-eslint/no-unused-expressions
  15:204638  error  Expected an assignment or function call and instead saw an expression      @typescript-eslint/no-unused-expressions
  15:205069  error  Expected an assignment or function call and instead saw an expression      @typescript-eslint/no-unused-expressions
  15:205355  error  Expected an assignment or function call and instead saw an expression      @typescript-eslint/no-unused-expressions
  15:205452  error  Expected an assignment or function call and instead saw an expression      @typescript-eslint/no-unused-expressions
  15:207350  error  Expected an assignment or function call and instead saw an expression      @typescript-eslint/no-unused-expressions
  15:208056  error  Expected an assignment or function call and instead saw an expression      @typescript-eslint/no-unused-expressions
  15:209105  error  Expected an assignment or function call and instead saw an expression      @typescript-eslint/no-unused-expressions
  15:209781  error  Expected an assignment or function call and instead saw an expression      @typescript-eslint/no-unused-expressions
  15:210224  error  Expected an assignment or function call and instead saw an expression      @typescript-eslint/no-unused-expressions
  15:210272  error  Expected an assignment or function call and instead saw an expression      @typescript-eslint/no-unused-expressions
  15:210653  error  Expected an assignment or function call and instead saw an expression      @typescript-eslint/no-unused-expressions
  15:210751  error  Expected an assignment or function call and instead saw an expression      @typescript-eslint/no-unused-expressions
  15:211107  error  Expected an assignment or function call and instead saw an expression      @typescript-eslint/no-unused-expressions
  15:211211  error  Expected an assignment or function call and instead saw an expression      @typescript-eslint/no-unused-expressions
  15:212383  error  Empty block statement                                                      no-empty
  15:212492  error  Expected an assignment or function call and instead saw an expression      @typescript-eslint/no-unused-expressions
  15:214183  error  Expected an assignment or function call and instead saw an expression      @typescript-eslint/no-unused-expressions
  15:214215  error  Expected an assignment or function call and instead saw an expression      @typescript-eslint/no-unused-expressions
  15:214343  error  Expected an assignment or function call and instead saw an expression      @typescript-eslint/no-unused-expressions
  15:215120  error  Expected an assignment or function call and instead saw an expression      @typescript-eslint/no-unused-expressions
  15:215308  error  Expected an assignment or function call and instead saw an expression      @typescript-eslint/no-unused-expressions
  15:215898  error  Expected an assignment or function call and instead saw an expression      @typescript-eslint/no-unused-expressions
  15:215960  error  Expected an assignment or function call and instead saw an expression      @typescript-eslint/no-unused-expressions
  15:215981  error  Expected an assignment or function call and instead saw an expression      @typescript-eslint/no-unused-expressions
  15:216241  error  Expected an assignment or function call and instead saw an expression      @typescript-eslint/no-unused-expressions
  15:216643  error  Expected an assignment or function call and instead saw an expression      @typescript-eslint/no-unused-expressions
  15:217355  error  Expected an assignment or function call and instead saw an expression      @typescript-eslint/no-unused-expressions
  15:217455  error  Expected an assignment or function call and instead saw an expression      @typescript-eslint/no-unused-expressions
  15:217766  error  Expected an assignment or function call and instead saw an expression      @typescript-eslint/no-unused-expressions
  15:218189  error  Expected an assignment or function call and instead saw an expression      @typescript-eslint/no-unused-expressions
  15:218561  error  Expected an assignment or function call and instead saw an expression      @typescript-eslint/no-unused-expressions
  15:218815  error  Expected an assignment or function call and instead saw an expression      @typescript-eslint/no-unused-expressions
  15:219031  error  Expected an assignment or function call and instead saw an expression      @typescript-eslint/no-unused-expressions
  15:219085  error  Expected an assignment or function call and instead saw an expression      @typescript-eslint/no-unused-expressions
  15:219317  error  Expected an assignment or function call and instead saw an expression      @typescript-eslint/no-unused-expressions
  15:219453  error  Expected an assignment or function call and instead saw an expression      @typescript-eslint/no-unused-expressions
  15:219557  error  Expected an assignment or function call and instead saw an expression      @typescript-eslint/no-unused-expressions
  15:219679  error  Expected an assignment or function call and instead saw an expression      @typescript-eslint/no-unused-expressions
  15:219805  error  Expected an assignment or function call and instead saw an expression      @typescript-eslint/no-unused-expressions
  15:219870  error  Expected an assignment or function call and instead saw an expression      @typescript-eslint/no-unused-expressions
  15:219890  error  Expected an assignment or function call and instead saw an expression      @typescript-eslint/no-unused-expressions
  15:219937  error  Expected an assignment or function call and instead saw an expression      @typescript-eslint/no-unused-expressions
  15:219991  error  Expected an assignment or function call and instead saw an expression      @typescript-eslint/no-unused-expressions
  15:220049  error  Expected an assignment or function call and instead saw an expression      @typescript-eslint/no-unused-expressions
  15:220119  error  Expected an assignment or function call and instead saw an expression      @typescript-eslint/no-unused-expressions
  15:221166  error  Expected an assignment or function call and instead saw an expression      @typescript-eslint/no-unused-expressions
  15:221360  error  Expected an assignment or function call and instead saw an expression      @typescript-eslint/no-unused-expressions
  15:221672  error  Expected an assignment or function call and instead saw an expression      @typescript-eslint/no-unused-expressions
  15:221900  error  Expected an assignment or function call and instead saw an expression      @typescript-eslint/no-unused-expressions
  15:223354  error  Expected an assignment or function call and instead saw an expression      @typescript-eslint/no-unused-expressions
  15:223399  error  Expected an assignment or function call and instead saw an expression      @typescript-eslint/no-unused-expressions
  15:223735  error  Expected a conditional expression and instead saw an assignment            no-cond-assign
  15:224204  error  Expected an assignment or function call and instead saw an expression      @typescript-eslint/no-unused-expressions
  15:224433  error  Expected an assignment or function call and instead saw an expression      @typescript-eslint/no-unused-expressions
  15:224479  error  Expected an assignment or function call and instead saw an expression      @typescript-eslint/no-unused-expressions
  15:224641  error  Expected an assignment or function call and instead saw an expression      @typescript-eslint/no-unused-expressions
  15:224702  error  Expected an assignment or function call and instead saw an expression      @typescript-eslint/no-unused-expressions
  15:224820  error  Expected an assignment or function call and instead saw an expression      @typescript-eslint/no-unused-expressions
  15:224864  error  Expected an assignment or function call and instead saw an expression      @typescript-eslint/no-unused-expressions
  15:224963  error  Expected an assignment or function call and instead saw an expression      @typescript-eslint/no-unused-expressions
  15:225016  error  Expected an assignment or function call and instead saw an expression      @typescript-eslint/no-unused-expressions
  15:225085  error  Expected an assignment or function call and instead saw an expression      @typescript-eslint/no-unused-expressions
  15:225134  error  Expected an assignment or function call and instead saw an expression      @typescript-eslint/no-unused-expressions
  15:225247  error  Expected a 'break' statement before 'case'                                 no-fallthrough
  15:225283  error  Expected an assignment or function call and instead saw an expression      @typescript-eslint/no-unused-expressions
  15:225305  error  Expected an assignment or function call and instead saw an expression      @typescript-eslint/no-unused-expressions
  15:225445  error  Expected a 'break' statement before 'case'                                 no-fallthrough
  15:225481  error  Expected an assignment or function call and instead saw an expression      @typescript-eslint/no-unused-expressions
  15:225503  error  Expected an assignment or function call and instead saw an expression      @typescript-eslint/no-unused-expressions
  15:225632  error  Expected a 'break' statement before 'case'                                 no-fallthrough
  15:225685  error  Expected an assignment or function call and instead saw an expression      @typescript-eslint/no-unused-expressions
  15:225707  error  Expected an assignment or function call and instead saw an expression      @typescript-eslint/no-unused-expressions
  15:225827  error  Expected an assignment or function call and instead saw an expression      @typescript-eslint/no-unused-expressions
  15:225864  error  Expected a 'break' statement before 'case'                                 no-fallthrough
  15:226126  error  Expected an assignment or function call and instead saw an expression      @typescript-eslint/no-unused-expressions
  15:226146  error  Expected a 'break' statement before 'case'                                 no-fallthrough
  15:226194  error  Expected an assignment or function call and instead saw an expression      @typescript-eslint/no-unused-expressions
  15:226353  error  Expected an assignment or function call and instead saw an expression      @typescript-eslint/no-unused-expressions
  15:226380  error  Expected an assignment or function call and instead saw an expression      @typescript-eslint/no-unused-expressions
  15:226400  error  Expected a 'break' statement before 'case'                                 no-fallthrough
  15:226448  error  Expected an assignment or function call and instead saw an expression      @typescript-eslint/no-unused-expressions
  15:226610  error  Expected an assignment or function call and instead saw an expression      @typescript-eslint/no-unused-expressions
  15:226649  error  Expected a 'break' statement before 'case'                                 no-fallthrough
  15:226701  error  Expected an assignment or function call and instead saw an expression      @typescript-eslint/no-unused-expressions
  15:226747  error  Expected an assignment or function call and instead saw an expression      @typescript-eslint/no-unused-expressions
  15:226791  error  Expected an assignment or function call and instead saw an expression      @typescript-eslint/no-unused-expressions
  15:226799  error  Expected an assignment or function call and instead saw an expression      @typescript-eslint/no-unused-expressions
  15:226920  error  Expected an assignment or function call and instead saw an expression      @typescript-eslint/no-unused-expressions
  15:226942  error  Expected an assignment or function call and instead saw an expression      @typescript-eslint/no-unused-expressions
  15:226982  error  Expected a 'break' statement before 'case'                                 no-fallthrough
  15:227087  error  Expected an assignment or function call and instead saw an expression      @typescript-eslint/no-unused-expressions
  15:227115  error  Expected a 'break' statement before 'case'                                 no-fallthrough
  15:227147  error  Expected a 'break' statement before 'case'                                 no-fallthrough
  15:227166  error  Expected an assignment or function call and instead saw an expression      @typescript-eslint/no-unused-expressions
  15:227226  error  Expected an assignment or function call and instead saw an expression      @typescript-eslint/no-unused-expressions
  15:227339  error  Expected an assignment or function call and instead saw an expression      @typescript-eslint/no-unused-expressions
  15:227395  error  Expected an assignment or function call and instead saw an expression      @typescript-eslint/no-unused-expressions
  15:227432  error  Expected an assignment or function call and instead saw an expression      @typescript-eslint/no-unused-expressions
  15:227502  error  Expected an assignment or function call and instead saw an expression      @typescript-eslint/no-unused-expressions
  15:227554  error  Expected an assignment or function call and instead saw an expression      @typescript-eslint/no-unused-expressions
  15:227659  error  Expected a 'break' statement before 'case'                                 no-fallthrough
  15:227677  error  Expected a 'break' statement before 'case'                                 no-fallthrough
  15:227688  error  Expected a conditional expression and instead saw an assignment            no-cond-assign
  15:227739  error  Expected an assignment or function call and instead saw an expression      @typescript-eslint/no-unused-expressions
  15:227853  error  Expected an assignment or function call and instead saw an expression      @typescript-eslint/no-unused-expressions
  15:227990  error  Expected an assignment or function call and instead saw an expression      @typescript-eslint/no-unused-expressions
  15:228050  error  Expected an assignment or function call and instead saw an expression      @typescript-eslint/no-unused-expressions
  15:228069  error  Expected a 'break' statement before 'case'                                 no-fallthrough
  15:228127  error  Expected an assignment or function call and instead saw an expression      @typescript-eslint/no-unused-expressions
  15:228149  error  Expected an assignment or function call and instead saw an expression      @typescript-eslint/no-unused-expressions
  15:228337  error  Expected an assignment or function call and instead saw an expression      @typescript-eslint/no-unused-expressions
  15:228386  error  Expected an assignment or function call and instead saw an expression      @typescript-eslint/no-unused-expressions
  15:228405  error  Expected a 'break' statement before 'case'                                 no-fallthrough
  15:228538  error  Expected an assignment or function call and instead saw an expression      @typescript-eslint/no-unused-expressions
  15:228568  error  Expected an assignment or function call and instead saw an expression      @typescript-eslint/no-unused-expressions
  15:228648  error  Expected an assignment or function call and instead saw an expression      @typescript-eslint/no-unused-expressions
  15:228697  error  Expected an assignment or function call and instead saw an expression      @typescript-eslint/no-unused-expressions
  15:228747  error  Expected an assignment or function call and instead saw an expression      @typescript-eslint/no-unused-expressions
  15:228837  error  Expected an assignment or function call and instead saw an expression      @typescript-eslint/no-unused-expressions
  15:228859  error  Expected an assignment or function call and instead saw an expression      @typescript-eslint/no-unused-expressions
  15:228935  error  Expected an assignment or function call and instead saw an expression      @typescript-eslint/no-unused-expressions
  15:228957  error  Expected an assignment or function call and instead saw an expression      @typescript-eslint/no-unused-expressions
  15:229026  error  Expected an assignment or function call and instead saw an expression      @typescript-eslint/no-unused-expressions
  15:229147  error  Expected an assignment or function call and instead saw an expression      @typescript-eslint/no-unused-expressions
  15:229307  error  Expected an assignment or function call and instead saw an expression      @typescript-eslint/no-unused-expressions
  15:229489  error  Expected an assignment or function call and instead saw an expression      @typescript-eslint/no-unused-expressions
  15:229562  error  Expected a 'break' statement before 'case'                                 no-fallthrough
  15:229580  error  Expected a 'break' statement before 'case'                                 no-fallthrough
  15:229605  error  Expected an assignment or function call and instead saw an expression      @typescript-eslint/no-unused-expressions
  15:229909  error  Expected an assignment or function call and instead saw an expression      @typescript-eslint/no-unused-expressions
  15:230061  error  Expected an assignment or function call and instead saw an expression      @typescript-eslint/no-unused-expressions
  15:230083  error  Expected an assignment or function call and instead saw an expression      @typescript-eslint/no-unused-expressions
  15:230173  error  Expected an assignment or function call and instead saw an expression      @typescript-eslint/no-unused-expressions
  15:230208  error  Expected an assignment or function call and instead saw an expression      @typescript-eslint/no-unused-expressions
  15:230260  error  Expected an assignment or function call and instead saw an expression      @typescript-eslint/no-unused-expressions
  15:230283  error  Expected a 'break' statement before 'case'                                 no-fallthrough
  15:230340  error  Expected an assignment or function call and instead saw an expression      @typescript-eslint/no-unused-expressions
  15:230362  error  Expected an assignment or function call and instead saw an expression      @typescript-eslint/no-unused-expressions
  15:230429  error  Expected an assignment or function call and instead saw an expression      @typescript-eslint/no-unused-expressions
  15:230454  error  Expected a 'break' statement before 'case'                                 no-fallthrough
  15:230560  error  Expected an assignment or function call and instead saw an expression      @typescript-eslint/no-unused-expressions
  15:230710  error  Expected an assignment or function call and instead saw an expression      @typescript-eslint/no-unused-expressions
  15:230732  error  Expected an assignment or function call and instead saw an expression      @typescript-eslint/no-unused-expressions
  15:230785  error  Expected an assignment or function call and instead saw an expression      @typescript-eslint/no-unused-expressions
  15:230831  error  Expected an assignment or function call and instead saw an expression      @typescript-eslint/no-unused-expressions
  15:230865  error  Expected a 'break' statement before 'case'                                 no-fallthrough
  15:230922  error  Expected an assignment or function call and instead saw an expression      @typescript-eslint/no-unused-expressions
  15:230944  error  Expected an assignment or function call and instead saw an expression      @typescript-eslint/no-unused-expressions
  15:231031  error  Expected an assignment or function call and instead saw an expression      @typescript-eslint/no-unused-expressions
  15:231095  error  Expected a 'break' statement before 'case'                                 no-fallthrough
  15:231176  error  Expected an assignment or function call and instead saw an expression      @typescript-eslint/no-unused-expressions
  15:231230  error  Expected an assignment or function call and instead saw an expression      @typescript-eslint/no-unused-expressions
  15:231318  error  Expected an assignment or function call and instead saw an expression      @typescript-eslint/no-unused-expressions
  15:231346  error  Expected an assignment or function call and instead saw an expression      @typescript-eslint/no-unused-expressions
  15:231402  error  Expected an assignment or function call and instead saw an expression      @typescript-eslint/no-unused-expressions
  15:231459  error  Expected an assignment or function call and instead saw an expression      @typescript-eslint/no-unused-expressions
  15:231543  error  Expected an assignment or function call and instead saw an expression      @typescript-eslint/no-unused-expressions
  15:231701  error  Expected an assignment or function call and instead saw an expression      @typescript-eslint/no-unused-expressions
  15:231746  error  Expected an assignment or function call and instead saw an expression      @typescript-eslint/no-unused-expressions
  15:231764  error  Expected a 'break' statement before 'case'                                 no-fallthrough
  15:231821  error  Expected an assignment or function call and instead saw an expression      @typescript-eslint/no-unused-expressions
  15:231872  error  Expected an assignment or function call and instead saw an expression      @typescript-eslint/no-unused-expressions
  15:231919  error  Expected an assignment or function call and instead saw an expression      @typescript-eslint/no-unused-expressions
  15:231937  error  Expected a 'break' statement before 'case'                                 no-fallthrough
  15:233354  error  Expected an assignment or function call and instead saw an expression      @typescript-eslint/no-unused-expressions
  15:233662  error  Expected an assignment or function call and instead saw an expression      @typescript-eslint/no-unused-expressions
  15:234511  error  Expected an assignment or function call and instead saw an expression      @typescript-eslint/no-unused-expressions
  15:234648  error  Expected an assignment or function call and instead saw an expression      @typescript-eslint/no-unused-expressions
  15:235122  error  Expected an assignment or function call and instead saw an expression      @typescript-eslint/no-unused-expressions
  15:235824  error  Expected an assignment or function call and instead saw an expression      @typescript-eslint/no-unused-expressions
  15:236162  error  Expected an assignment or function call and instead saw an expression      @typescript-eslint/no-unused-expressions
  15:238943  error  Expected an assignment or function call and instead saw an expression      @typescript-eslint/no-unused-expressions
  15:239153  error  Expected an assignment or function call and instead saw an expression      @typescript-eslint/no-unused-expressions
  15:239231  error  Expected an assignment or function call and instead saw an expression      @typescript-eslint/no-unused-expressions
  15:239585  error  Unexpected aliasing of 'this' to local variable                            @typescript-eslint/no-this-alias
  15:240136  error  Expected an assignment or function call and instead saw an expression      @typescript-eslint/no-unused-expressions
  15:240374  error  Expected an assignment or function call and instead saw an expression      @typescript-eslint/no-unused-expressions
  15:240622  error  Unexpected aliasing of 'this' to local variable                            @typescript-eslint/no-this-alias
  15:240911  error  Expected an assignment or function call and instead saw an expression      @typescript-eslint/no-unused-expressions
  15:241035  error  Expected an assignment or function call and instead saw an expression      @typescript-eslint/no-unused-expressions
  15:243308  error  Expected an assignment or function call and instead saw an expression      @typescript-eslint/no-unused-expressions
  15:243996  error  Expected an assignment or function call and instead saw an expression      @typescript-eslint/no-unused-expressions
  15:244685  error  Expected an assignment or function call and instead saw an expression      @typescript-eslint/no-unused-expressions
  15:244815  error  Expected an assignment or function call and instead saw an expression      @typescript-eslint/no-unused-expressions
  15:245925  error  Expected an assignment or function call and instead saw an expression      @typescript-eslint/no-unused-expressions
  15:246809  error  Unexpected aliasing of 'this' to local variable                            @typescript-eslint/no-this-alias
  15:247201  error  Expected an assignment or function call and instead saw an expression      @typescript-eslint/no-unused-expressions
  15:247330  error  Expected an assignment or function call and instead saw an expression      @typescript-eslint/no-unused-expressions
  15:247938  error  Expected an assignment or function call and instead saw an expression      @typescript-eslint/no-unused-expressions
  15:248077  error  Expected an assignment or function call and instead saw an expression      @typescript-eslint/no-unused-expressions
  15:248090  error  Expected an assignment or function call and instead saw an expression      @typescript-eslint/no-unused-expressions
  15:250418  error  Expected an assignment or function call and instead saw an expression      @typescript-eslint/no-unused-expressions
  15:251095  error  Expected an assignment or function call and instead saw an expression      @typescript-eslint/no-unused-expressions
  15:251653  error  Expected an assignment or function call and instead saw an expression      @typescript-eslint/no-unused-expressions
  15:251824  error  Expected an assignment or function call and instead saw an expression      @typescript-eslint/no-unused-expressions
  15:253451  error  Expected an assignment or function call and instead saw an expression      @typescript-eslint/no-unused-expressions
  15:254797  error  Expected an assignment or function call and instead saw an expression      @typescript-eslint/no-unused-expressions
  15:256075  error  Expected an assignment or function call and instead saw an expression      @typescript-eslint/no-unused-expressions
  15:256257  error  Expected an assignment or function call and instead saw an expression      @typescript-eslint/no-unused-expressions
  15:256576  error  Expected an assignment or function call and instead saw an expression      @typescript-eslint/no-unused-expressions
  15:257507  error  Expected an assignment or function call and instead saw an expression      @typescript-eslint/no-unused-expressions
  15:257620  error  Expected an assignment or function call and instead saw an expression      @typescript-eslint/no-unused-expressions
  15:258169  error  Expected an assignment or function call and instead saw an expression      @typescript-eslint/no-unused-expressions
  15:258826  error  Unexpected aliasing of 'this' to local variable                            @typescript-eslint/no-this-alias
  15:258833  error  Expected an assignment or function call and instead saw an expression      @typescript-eslint/no-unused-expressions
  15:259227  error  Expected an assignment or function call and instead saw an expression      @typescript-eslint/no-unused-expressions
  15:260336  error  Expected an assignment or function call and instead saw an expression      @typescript-eslint/no-unused-expressions
  15:260773  error  Expected an assignment or function call and instead saw an expression      @typescript-eslint/no-unused-expressions
  15:261031  error  Expected an assignment or function call and instead saw an expression      @typescript-eslint/no-unused-expressions
  15:261441  error  Expected an assignment or function call and instead saw an expression      @typescript-eslint/no-unused-expressions
  15:261492  error  Expected an assignment or function call and instead saw an expression      @typescript-eslint/no-unused-expressions
  15:261693  error  Expected an assignment or function call and instead saw an expression      @typescript-eslint/no-unused-expressions
  15:261767  error  Expected an assignment or function call and instead saw an expression      @typescript-eslint/no-unused-expressions
  15:262061  error  Expected an assignment or function call and instead saw an expression      @typescript-eslint/no-unused-expressions
  15:263365  error  Expected an assignment or function call and instead saw an expression      @typescript-eslint/no-unused-expressions
  15:264169  error  Expected an assignment or function call and instead saw an expression      @typescript-eslint/no-unused-expressions
  15:264679  error  Expected an assignment or function call and instead saw an expression      @typescript-eslint/no-unused-expressions
  15:264855  error  Unexpected aliasing of 'this' to local variable                            @typescript-eslint/no-this-alias
  15:264862  error  Expected an assignment or function call and instead saw an expression      @typescript-eslint/no-unused-expressions
  15:265236  error  Expected an assignment or function call and instead saw an expression      @typescript-eslint/no-unused-expressions
  15:265433  error  Expected a 'break' statement before 'case'                                 no-fallthrough
  15:265881  error  Expected an assignment or function call and instead saw an expression      @typescript-eslint/no-unused-expressions
  15:265900  error  Expected a 'break' statement before 'case'                                 no-fallthrough
  15:266610  error  Expected an assignment or function call and instead saw an expression      @typescript-eslint/no-unused-expressions
  15:266732  error  Expected a 'break' statement before 'case'                                 no-fallthrough
  15:266872  error  Expected an assignment or function call and instead saw an expression      @typescript-eslint/no-unused-expressions
  15:266891  error  Expected a 'break' statement before 'case'                                 no-fallthrough
  15:267636  error  Expected an assignment or function call and instead saw an expression      @typescript-eslint/no-unused-expressions
  15:267649  error  Expected an assignment or function call and instead saw an expression      @typescript-eslint/no-unused-expressions
  15:267794  error  Expected an assignment or function call and instead saw an expression      @typescript-eslint/no-unused-expressions
  15:267960  error  Expected an assignment or function call and instead saw an expression      @typescript-eslint/no-unused-expressions
  15:268688  error  Expected an assignment or function call and instead saw an expression      @typescript-eslint/no-unused-expressions
  15:269040  error  Expected an assignment or function call and instead saw an expression      @typescript-eslint/no-unused-expressions
  15:269300  error  Expected an assignment or function call and instead saw an expression      @typescript-eslint/no-unused-expressions
  15:269544  error  Expected an assignment or function call and instead saw an expression      @typescript-eslint/no-unused-expressions
  15:270870  error  Expected an assignment or function call and instead saw an expression      @typescript-eslint/no-unused-expressions
  15:270968  error  Expected an assignment or function call and instead saw an expression      @typescript-eslint/no-unused-expressions
  15:271420  error  Expected an assignment or function call and instead saw an expression      @typescript-eslint/no-unused-expressions
  15:271637  error  Expected a 'break' statement before 'case'                                 no-fallthrough
  15:271909  error  Expected an assignment or function call and instead saw an expression      @typescript-eslint/no-unused-expressions
  15:271928  error  Expected a 'break' statement before 'case'                                 no-fallthrough
  15:271954  error  Expected an assignment or function call and instead saw an expression      @typescript-eslint/no-unused-expressions
  15:272101  error  Expected a 'break' statement before 'case'                                 no-fallthrough
  15:272132  error  Expected an assignment or function call and instead saw an expression      @typescript-eslint/no-unused-expressions
  15:272157  error  Expected a 'break' statement before 'case'                                 no-fallthrough
  15:272397  error  Expected an assignment or function call and instead saw an expression      @typescript-eslint/no-unused-expressions
  15:272416  error  Expected a 'break' statement before 'case'                                 no-fallthrough
  15:273064  error  Expected an assignment or function call and instead saw an expression      @typescript-eslint/no-unused-expressions
  15:273792  error  Expected an assignment or function call and instead saw an expression      @typescript-eslint/no-unused-expressions
  15:274394  error  Expected an assignment or function call and instead saw an expression      @typescript-eslint/no-unused-expressions
  15:276108  error  Expected an assignment or function call and instead saw an expression      @typescript-eslint/no-unused-expressions
  15:276214  error  Expected an assignment or function call and instead saw an expression      @typescript-eslint/no-unused-expressions
  15:277487  error  Unexpected aliasing of 'this' to local variable                            @typescript-eslint/no-this-alias
  15:277494  error  Expected an assignment or function call and instead saw an expression      @typescript-eslint/no-unused-expressions
  15:278541  error  Expected an assignment or function call and instead saw an expression      @typescript-eslint/no-unused-expressions
  15:281861  error  Expected an assignment or function call and instead saw an expression      @typescript-eslint/no-unused-expressions
  15:282545  error  Expected an assignment or function call and instead saw an expression      @typescript-eslint/no-unused-expressions
  15:282824  error  Unexpected aliasing of 'this' to local variable                            @typescript-eslint/no-this-alias
  15:283030  error  Expected an assignment or function call and instead saw an expression      @typescript-eslint/no-unused-expressions
  15:283319  error  Expected an assignment or function call and instead saw an expression      @typescript-eslint/no-unused-expressions
  15:284191  error  Expected an assignment or function call and instead saw an expression      @typescript-eslint/no-unused-expressions
  15:284204  error  Expected an assignment or function call and instead saw an expression      @typescript-eslint/no-unused-expressions
  15:284386  error  Expected an assignment or function call and instead saw an expression      @typescript-eslint/no-unused-expressions
  15:285594  error  Expected an assignment or function call and instead saw an expression      @typescript-eslint/no-unused-expressions
  15:285779  error  Expected an assignment or function call and instead saw an expression      @typescript-eslint/no-unused-expressions
  15:286169  error  Expected an assignment or function call and instead saw an expression      @typescript-eslint/no-unused-expressions
  15:286333  error  Expected an assignment or function call and instead saw an expression      @typescript-eslint/no-unused-expressions
  15:286356  error  Expected an assignment or function call and instead saw an expression      @typescript-eslint/no-unused-expressions
  15:286982  error  Expected an assignment or function call and instead saw an expression      @typescript-eslint/no-unused-expressions
  15:287112  error  Expected an assignment or function call and instead saw an expression      @typescript-eslint/no-unused-expressions
  15:287228  error  Expected an assignment or function call and instead saw an expression      @typescript-eslint/no-unused-expressions
  15:287317  error  Expected an assignment or function call and instead saw an expression      @typescript-eslint/no-unused-expressions
  15:287538  error  Expected an assignment or function call and instead saw an expression      @typescript-eslint/no-unused-expressions
  15:287701  error  Expected an assignment or function call and instead saw an expression      @typescript-eslint/no-unused-expressions
  15:287859  error  Expected an assignment or function call and instead saw an expression      @typescript-eslint/no-unused-expressions
  15:287941  error  Expected an assignment or function call and instead saw an expression      @typescript-eslint/no-unused-expressions
  15:288270  error  Expected an assignment or function call and instead saw an expression      @typescript-eslint/no-unused-expressions
  15:288368  error  Expected an assignment or function call and instead saw an expression      @typescript-eslint/no-unused-expressions
  15:288775  error  Expected an assignment or function call and instead saw an expression      @typescript-eslint/no-unused-expressions
  15:288856  error  Expected an assignment or function call and instead saw an expression      @typescript-eslint/no-unused-expressions
  15:289010  error  Expected an assignment or function call and instead saw an expression      @typescript-eslint/no-unused-expressions
  15:289267  error  Expected an assignment or function call and instead saw an expression      @typescript-eslint/no-unused-expressions
  15:289574  error  Expected an assignment or function call and instead saw an expression      @typescript-eslint/no-unused-expressions
  15:289784  error  Expected an assignment or function call and instead saw an expression      @typescript-eslint/no-unused-expressions
  15:289896  error  Expected an assignment or function call and instead saw an expression      @typescript-eslint/no-unused-expressions
  15:290111  error  Expected an assignment or function call and instead saw an expression      @typescript-eslint/no-unused-expressions
  15:290479  error  Expected an assignment or function call and instead saw an expression      @typescript-eslint/no-unused-expressions
  15:290622  error  Expected an assignment or function call and instead saw an expression      @typescript-eslint/no-unused-expressions
  15:290713  error  Expected an assignment or function call and instead saw an expression      @typescript-eslint/no-unused-expressions
  15:290749  error  Expected an assignment or function call and instead saw an expression      @typescript-eslint/no-unused-expressions
  15:290880  error  Expected an assignment or function call and instead saw an expression      @typescript-eslint/no-unused-expressions
  15:291171  error  Expected an assignment or function call and instead saw an expression      @typescript-eslint/no-unused-expressions
  15:291207  error  Expected an assignment or function call and instead saw an expression      @typescript-eslint/no-unused-expressions
  15:291243  error  Expected an assignment or function call and instead saw an expression      @typescript-eslint/no-unused-expressions
  15:291279  error  Expected an assignment or function call and instead saw an expression      @typescript-eslint/no-unused-expressions
  15:291332  error  Expected an assignment or function call and instead saw an expression      @typescript-eslint/no-unused-expressions
  15:291360  error  Expected an assignment or function call and instead saw an expression      @typescript-eslint/no-unused-expressions
  15:291649  error  Expected an assignment or function call and instead saw an expression      @typescript-eslint/no-unused-expressions
  15:292426  error  Expected an assignment or function call and instead saw an expression      @typescript-eslint/no-unused-expressions
  15:292890  error  Expected an assignment or function call and instead saw an expression      @typescript-eslint/no-unused-expressions
  15:292925  error  Expected an assignment or function call and instead saw an expression      @typescript-eslint/no-unused-expressions
  15:293198  error  Expected an assignment or function call and instead saw an expression      @typescript-eslint/no-unused-expressions
  15:293801  error  Expected an assignment or function call and instead saw an expression      @typescript-eslint/no-unused-expressions
  15:294028  error  Expected an assignment or function call and instead saw an expression      @typescript-eslint/no-unused-expressions
  15:294210  error  Expected an assignment or function call and instead saw an expression      @typescript-eslint/no-unused-expressions
  15:294727  error  Expected an assignment or function call and instead saw an expression      @typescript-eslint/no-unused-expressions
  15:294861  error  Expected an assignment or function call and instead saw an expression      @typescript-eslint/no-unused-expressions
  15:294872  error  Empty block statement                                                      no-empty
  15:295083  error  Expected an assignment or function call and instead saw an expression      @typescript-eslint/no-unused-expressions
  15:295277  error  Expected an assignment or function call and instead saw an expression      @typescript-eslint/no-unused-expressions
  15:295381  error  Expected an assignment or function call and instead saw an expression      @typescript-eslint/no-unused-expressions
  15:295436  error  Expected an assignment or function call and instead saw an expression      @typescript-eslint/no-unused-expressions
  15:296446  error  Expected an assignment or function call and instead saw an expression      @typescript-eslint/no-unused-expressions
  15:296646  error  Expected an assignment or function call and instead saw an expression      @typescript-eslint/no-unused-expressions
  15:296791  error  Expected an assignment or function call and instead saw an expression      @typescript-eslint/no-unused-expressions
  15:297646  error  Expected an assignment or function call and instead saw an expression      @typescript-eslint/no-unused-expressions
  15:297782  error  Expected an assignment or function call and instead saw an expression      @typescript-eslint/no-unused-expressions
  15:298213  error  Expected an assignment or function call and instead saw an expression      @typescript-eslint/no-unused-expressions
  15:298499  error  Expected an assignment or function call and instead saw an expression      @typescript-eslint/no-unused-expressions
  15:298596  error  Expected an assignment or function call and instead saw an expression      @typescript-eslint/no-unused-expressions
  15:300494  error  Expected an assignment or function call and instead saw an expression      @typescript-eslint/no-unused-expressions
  15:301200  error  Expected an assignment or function call and instead saw an expression      @typescript-eslint/no-unused-expressions
  15:302249  error  Expected an assignment or function call and instead saw an expression      @typescript-eslint/no-unused-expressions
  15:302925  error  Expected an assignment or function call and instead saw an expression      @typescript-eslint/no-unused-expressions
  15:303368  error  Expected an assignment or function call and instead saw an expression      @typescript-eslint/no-unused-expressions
  15:303416  error  Expected an assignment or function call and instead saw an expression      @typescript-eslint/no-unused-expressions
  15:303797  error  Expected an assignment or function call and instead saw an expression      @typescript-eslint/no-unused-expressions
  15:303895  error  Expected an assignment or function call and instead saw an expression      @typescript-eslint/no-unused-expressions
  15:304251  error  Expected an assignment or function call and instead saw an expression      @typescript-eslint/no-unused-expressions
  15:304355  error  Expected an assignment or function call and instead saw an expression      @typescript-eslint/no-unused-expressions
  15:305527  error  Empty block statement                                                      no-empty
  15:305636  error  Expected an assignment or function call and instead saw an expression      @typescript-eslint/no-unused-expressions
  15:307327  error  Expected an assignment or function call and instead saw an expression      @typescript-eslint/no-unused-expressions
  15:307359  error  Expected an assignment or function call and instead saw an expression      @typescript-eslint/no-unused-expressions
  15:307487  error  Expected an assignment or function call and instead saw an expression      @typescript-eslint/no-unused-expressions
  15:308264  error  Expected an assignment or function call and instead saw an expression      @typescript-eslint/no-unused-expressions
  15:308452  error  Expected an assignment or function call and instead saw an expression      @typescript-eslint/no-unused-expressions
  15:309042  error  Expected an assignment or function call and instead saw an expression      @typescript-eslint/no-unused-expressions
  15:309104  error  Expected an assignment or function call and instead saw an expression      @typescript-eslint/no-unused-expressions
  15:309125  error  Expected an assignment or function call and instead saw an expression      @typescript-eslint/no-unused-expressions
  15:309385  error  Expected an assignment or function call and instead saw an expression      @typescript-eslint/no-unused-expressions
  15:309787  error  Expected an assignment or function call and instead saw an expression      @typescript-eslint/no-unused-expressions
  15:310499  error  Expected an assignment or function call and instead saw an expression      @typescript-eslint/no-unused-expressions
  15:310599  error  Expected an assignment or function call and instead saw an expression      @typescript-eslint/no-unused-expressions
  15:310910  error  Expected an assignment or function call and instead saw an expression      @typescript-eslint/no-unused-expressions
  15:311333  error  Expected an assignment or function call and instead saw an expression      @typescript-eslint/no-unused-expressions
  15:311705  error  Expected an assignment or function call and instead saw an expression      @typescript-eslint/no-unused-expressions
  15:311959  error  Expected an assignment or function call and instead saw an expression      @typescript-eslint/no-unused-expressions
  15:312175  error  Expected an assignment or function call and instead saw an expression      @typescript-eslint/no-unused-expressions
  15:312229  error  Expected an assignment or function call and instead saw an expression      @typescript-eslint/no-unused-expressions
  15:312461  error  Expected an assignment or function call and instead saw an expression      @typescript-eslint/no-unused-expressions
  15:312597  error  Expected an assignment or function call and instead saw an expression      @typescript-eslint/no-unused-expressions
  15:312701  error  Expected an assignment or function call and instead saw an expression      @typescript-eslint/no-unused-expressions
  15:312823  error  Expected an assignment or function call and instead saw an expression      @typescript-eslint/no-unused-expressions
  15:312949  error  Expected an assignment or function call and instead saw an expression      @typescript-eslint/no-unused-expressions
  15:313014  error  Expected an assignment or function call and instead saw an expression      @typescript-eslint/no-unused-expressions
  15:313034  error  Expected an assignment or function call and instead saw an expression      @typescript-eslint/no-unused-expressions
  15:313081  error  Expected an assignment or function call and instead saw an expression      @typescript-eslint/no-unused-expressions
  15:313135  error  Expected an assignment or function call and instead saw an expression      @typescript-eslint/no-unused-expressions
  15:313193  error  Expected an assignment or function call and instead saw an expression      @typescript-eslint/no-unused-expressions
  15:313263  error  Expected an assignment or function call and instead saw an expression      @typescript-eslint/no-unused-expressions
  15:314310  error  Expected an assignment or function call and instead saw an expression      @typescript-eslint/no-unused-expressions
  15:314504  error  Expected an assignment or function call and instead saw an expression      @typescript-eslint/no-unused-expressions
  15:314816  error  Expected an assignment or function call and instead saw an expression      @typescript-eslint/no-unused-expressions
  15:315044  error  Expected an assignment or function call and instead saw an expression      @typescript-eslint/no-unused-expressions
  15:316498  error  Expected an assignment or function call and instead saw an expression      @typescript-eslint/no-unused-expressions
  15:316543  error  Expected an assignment or function call and instead saw an expression      @typescript-eslint/no-unused-expressions
  15:316879  error  Expected a conditional expression and instead saw an assignment            no-cond-assign
  15:317348  error  Expected an assignment or function call and instead saw an expression      @typescript-eslint/no-unused-expressions
  15:317577  error  Expected an assignment or function call and instead saw an expression      @typescript-eslint/no-unused-expressions
  15:317623  error  Expected an assignment or function call and instead saw an expression      @typescript-eslint/no-unused-expressions
  15:317785  error  Expected an assignment or function call and instead saw an expression      @typescript-eslint/no-unused-expressions
  15:317846  error  Expected an assignment or function call and instead saw an expression      @typescript-eslint/no-unused-expressions
  15:317964  error  Expected an assignment or function call and instead saw an expression      @typescript-eslint/no-unused-expressions
  15:318008  error  Expected an assignment or function call and instead saw an expression      @typescript-eslint/no-unused-expressions
  15:318107  error  Expected an assignment or function call and instead saw an expression      @typescript-eslint/no-unused-expressions
  15:318160  error  Expected an assignment or function call and instead saw an expression      @typescript-eslint/no-unused-expressions
  15:318229  error  Expected an assignment or function call and instead saw an expression      @typescript-eslint/no-unused-expressions
  15:318278  error  Expected an assignment or function call and instead saw an expression      @typescript-eslint/no-unused-expressions
  15:318391  error  Expected a 'break' statement before 'case'                                 no-fallthrough
  15:318427  error  Expected an assignment or function call and instead saw an expression      @typescript-eslint/no-unused-expressions
  15:318449  error  Expected an assignment or function call and instead saw an expression      @typescript-eslint/no-unused-expressions
  15:318589  error  Expected a 'break' statement before 'case'                                 no-fallthrough
  15:318625  error  Expected an assignment or function call and instead saw an expression      @typescript-eslint/no-unused-expressions
  15:318647  error  Expected an assignment or function call and instead saw an expression      @typescript-eslint/no-unused-expressions
  15:318776  error  Expected a 'break' statement before 'case'                                 no-fallthrough
  15:318829  error  Expected an assignment or function call and instead saw an expression      @typescript-eslint/no-unused-expressions
  15:318851  error  Expected an assignment or function call and instead saw an expression      @typescript-eslint/no-unused-expressions
  15:318971  error  Expected an assignment or function call and instead saw an expression      @typescript-eslint/no-unused-expressions
  15:319008  error  Expected a 'break' statement before 'case'                                 no-fallthrough
  15:319270  error  Expected an assignment or function call and instead saw an expression      @typescript-eslint/no-unused-expressions
  15:319290  error  Expected a 'break' statement before 'case'                                 no-fallthrough
  15:319338  error  Expected an assignment or function call and instead saw an expression      @typescript-eslint/no-unused-expressions
  15:319497  error  Expected an assignment or function call and instead saw an expression      @typescript-eslint/no-unused-expressions
  15:319524  error  Expected an assignment or function call and instead saw an expression      @typescript-eslint/no-unused-expressions
  15:319544  error  Expected a 'break' statement before 'case'                                 no-fallthrough
  15:319592  error  Expected an assignment or function call and instead saw an expression      @typescript-eslint/no-unused-expressions
  15:319754  error  Expected an assignment or function call and instead saw an expression      @typescript-eslint/no-unused-expressions
  15:319793  error  Expected a 'break' statement before 'case'                                 no-fallthrough
  15:319845  error  Expected an assignment or function call and instead saw an expression      @typescript-eslint/no-unused-expressions
  15:319891  error  Expected an assignment or function call and instead saw an expression      @typescript-eslint/no-unused-expressions
  15:319935  error  Expected an assignment or function call and instead saw an expression      @typescript-eslint/no-unused-expressions
  15:319943  error  Expected an assignment or function call and instead saw an expression      @typescript-eslint/no-unused-expressions
  15:320064  error  Expected an assignment or function call and instead saw an expression      @typescript-eslint/no-unused-expressions
  15:320086  error  Expected an assignment or function call and instead saw an expression      @typescript-eslint/no-unused-expressions
  15:320126  error  Expected a 'break' statement before 'case'                                 no-fallthrough
  15:320231  error  Expected an assignment or function call and instead saw an expression      @typescript-eslint/no-unused-expressions
  15:320259  error  Expected a 'break' statement before 'case'                                 no-fallthrough
  15:320291  error  Expected a 'break' statement before 'case'                                 no-fallthrough
  15:320310  error  Expected an assignment or function call and instead saw an expression      @typescript-eslint/no-unused-expressions
  15:320370  error  Expected an assignment or function call and instead saw an expression      @typescript-eslint/no-unused-expressions
  15:320483  error  Expected an assignment or function call and instead saw an expression      @typescript-eslint/no-unused-expressions
  15:320539  error  Expected an assignment or function call and instead saw an expression      @typescript-eslint/no-unused-expressions
  15:320576  error  Expected an assignment or function call and instead saw an expression      @typescript-eslint/no-unused-expressions
  15:320646  error  Expected an assignment or function call and instead saw an expression      @typescript-eslint/no-unused-expressions
  15:320698  error  Expected an assignment or function call and instead saw an expression      @typescript-eslint/no-unused-expressions
  15:320803  error  Expected a 'break' statement before 'case'                                 no-fallthrough
  15:320821  error  Expected a 'break' statement before 'case'                                 no-fallthrough
  15:320832  error  Expected a conditional expression and instead saw an assignment            no-cond-assign
  15:320883  error  Expected an assignment or function call and instead saw an expression      @typescript-eslint/no-unused-expressions
  15:320997  error  Expected an assignment or function call and instead saw an expression      @typescript-eslint/no-unused-expressions
  15:321134  error  Expected an assignment or function call and instead saw an expression      @typescript-eslint/no-unused-expressions
  15:321194  error  Expected an assignment or function call and instead saw an expression      @typescript-eslint/no-unused-expressions
  15:321213  error  Expected a 'break' statement before 'case'                                 no-fallthrough
  15:321271  error  Expected an assignment or function call and instead saw an expression      @typescript-eslint/no-unused-expressions
  15:321293  error  Expected an assignment or function call and instead saw an expression      @typescript-eslint/no-unused-expressions
  15:321481  error  Expected an assignment or function call and instead saw an expression      @typescript-eslint/no-unused-expressions
  15:321530  error  Expected an assignment or function call and instead saw an expression      @typescript-eslint/no-unused-expressions
  15:321549  error  Expected a 'break' statement before 'case'                                 no-fallthrough
  15:321682  error  Expected an assignment or function call and instead saw an expression      @typescript-eslint/no-unused-expressions
  15:321712  error  Expected an assignment or function call and instead saw an expression      @typescript-eslint/no-unused-expressions
  15:321792  error  Expected an assignment or function call and instead saw an expression      @typescript-eslint/no-unused-expressions
  15:321841  error  Expected an assignment or function call and instead saw an expression      @typescript-eslint/no-unused-expressions
  15:321891  error  Expected an assignment or function call and instead saw an expression      @typescript-eslint/no-unused-expressions
  15:321981  error  Expected an assignment or function call and instead saw an expression      @typescript-eslint/no-unused-expressions
  15:322003  error  Expected an assignment or function call and instead saw an expression      @typescript-eslint/no-unused-expressions
  15:322079  error  Expected an assignment or function call and instead saw an expression      @typescript-eslint/no-unused-expressions
  15:322101  error  Expected an assignment or function call and instead saw an expression      @typescript-eslint/no-unused-expressions
  15:322170  error  Expected an assignment or function call and instead saw an expression      @typescript-eslint/no-unused-expressions
  15:322291  error  Expected an assignment or function call and instead saw an expression      @typescript-eslint/no-unused-expressions
  15:322451  error  Expected an assignment or function call and instead saw an expression      @typescript-eslint/no-unused-expressions
  15:322633  error  Expected an assignment or function call and instead saw an expression      @typescript-eslint/no-unused-expressions
  15:322706  error  Expected a 'break' statement before 'case'                                 no-fallthrough
  15:322724  error  Expected a 'break' statement before 'case'                                 no-fallthrough
  15:322749  error  Expected an assignment or function call and instead saw an expression      @typescript-eslint/no-unused-expressions
  15:323053  error  Expected an assignment or function call and instead saw an expression      @typescript-eslint/no-unused-expressions
  15:323205  error  Expected an assignment or function call and instead saw an expression      @typescript-eslint/no-unused-expressions
  15:323227  error  Expected an assignment or function call and instead saw an expression      @typescript-eslint/no-unused-expressions
  15:323317  error  Expected an assignment or function call and instead saw an expression      @typescript-eslint/no-unused-expressions
  15:323352  error  Expected an assignment or function call and instead saw an expression      @typescript-eslint/no-unused-expressions
  15:323404  error  Expected an assignment or function call and instead saw an expression      @typescript-eslint/no-unused-expressions
  15:323427  error  Expected a 'break' statement before 'case'                                 no-fallthrough
  15:323484  error  Expected an assignment or function call and instead saw an expression      @typescript-eslint/no-unused-expressions
  15:323506  error  Expected an assignment or function call and instead saw an expression      @typescript-eslint/no-unused-expressions
  15:323573  error  Expected an assignment or function call and instead saw an expression      @typescript-eslint/no-unused-expressions
  15:323598  error  Expected a 'break' statement before 'case'                                 no-fallthrough
  15:323704  error  Expected an assignment or function call and instead saw an expression      @typescript-eslint/no-unused-expressions
  15:323854  error  Expected an assignment or function call and instead saw an expression      @typescript-eslint/no-unused-expressions
  15:323876  error  Expected an assignment or function call and instead saw an expression      @typescript-eslint/no-unused-expressions
  15:323929  error  Expected an assignment or function call and instead saw an expression      @typescript-eslint/no-unused-expressions
  15:323975  error  Expected an assignment or function call and instead saw an expression      @typescript-eslint/no-unused-expressions
  15:324009  error  Expected a 'break' statement before 'case'                                 no-fallthrough
  15:324066  error  Expected an assignment or function call and instead saw an expression      @typescript-eslint/no-unused-expressions
  15:324088  error  Expected an assignment or function call and instead saw an expression      @typescript-eslint/no-unused-expressions
  15:324175  error  Expected an assignment or function call and instead saw an expression      @typescript-eslint/no-unused-expressions
  15:324239  error  Expected a 'break' statement before 'case'                                 no-fallthrough
  15:324320  error  Expected an assignment or function call and instead saw an expression      @typescript-eslint/no-unused-expressions
  15:324374  error  Expected an assignment or function call and instead saw an expression      @typescript-eslint/no-unused-expressions
  15:324462  error  Expected an assignment or function call and instead saw an expression      @typescript-eslint/no-unused-expressions
  15:324490  error  Expected an assignment or function call and instead saw an expression      @typescript-eslint/no-unused-expressions
  15:324546  error  Expected an assignment or function call and instead saw an expression      @typescript-eslint/no-unused-expressions
  15:324603  error  Expected an assignment or function call and instead saw an expression      @typescript-eslint/no-unused-expressions
  15:324687  error  Expected an assignment or function call and instead saw an expression      @typescript-eslint/no-unused-expressions
  15:324845  error  Expected an assignment or function call and instead saw an expression      @typescript-eslint/no-unused-expressions
  15:324890  error  Expected an assignment or function call and instead saw an expression      @typescript-eslint/no-unused-expressions
  15:324908  error  Expected a 'break' statement before 'case'                                 no-fallthrough
  15:324965  error  Expected an assignment or function call and instead saw an expression      @typescript-eslint/no-unused-expressions
  15:325016  error  Expected an assignment or function call and instead saw an expression      @typescript-eslint/no-unused-expressions
  15:325063  error  Expected an assignment or function call and instead saw an expression      @typescript-eslint/no-unused-expressions
  15:325081  error  Expected a 'break' statement before 'case'                                 no-fallthrough
  15:326498  error  Expected an assignment or function call and instead saw an expression      @typescript-eslint/no-unused-expressions
  15:326806  error  Expected an assignment or function call and instead saw an expression      @typescript-eslint/no-unused-expressions
  15:327655  error  Expected an assignment or function call and instead saw an expression      @typescript-eslint/no-unused-expressions
  15:327792  error  Expected an assignment or function call and instead saw an expression      @typescript-eslint/no-unused-expressions
  15:328266  error  Expected an assignment or function call and instead saw an expression      @typescript-eslint/no-unused-expressions
  15:328968  error  Expected an assignment or function call and instead saw an expression      @typescript-eslint/no-unused-expressions
  15:329291  error  Expected an assignment or function call and instead saw an expression      @typescript-eslint/no-unused-expressions
  15:329421  error  Expected an assignment or function call and instead saw an expression      @typescript-eslint/no-unused-expressions
  15:330195  error  Expected an assignment or function call and instead saw an expression      @typescript-eslint/no-unused-expressions
  15:330547  error  Expected an assignment or function call and instead saw an expression      @typescript-eslint/no-unused-expressions
  15:330654  error  Expected an assignment or function call and instead saw an expression      @typescript-eslint/no-unused-expressions
  15:330667  error  Expected an assignment or function call and instead saw an expression      @typescript-eslint/no-unused-expressions
  15:330928  error  Expected an assignment or function call and instead saw an expression      @typescript-eslint/no-unused-expressions
  15:331040  error  Expected an assignment or function call and instead saw an expression      @typescript-eslint/no-unused-expressions
  15:331085  error  Expected an assignment or function call and instead saw an expression      @typescript-eslint/no-unused-expressions
  15:331196  error  Expected an assignment or function call and instead saw an expression      @typescript-eslint/no-unused-expressions
  15:331242  error  Expected an assignment or function call and instead saw an expression      @typescript-eslint/no-unused-expressions
  15:331331  error  Expected an assignment or function call and instead saw an expression      @typescript-eslint/no-unused-expressions
  15:331351  error  Expected an assignment or function call and instead saw an expression      @typescript-eslint/no-unused-expressions
  15:331472  error  Expected an assignment or function call and instead saw an expression      @typescript-eslint/no-unused-expressions
  15:331543  error  Expected an assignment or function call and instead saw an expression      @typescript-eslint/no-unused-expressions
  15:331562  error  Expected an assignment or function call and instead saw an expression      @typescript-eslint/no-unused-expressions
  15:332114  error  Expected an assignment or function call and instead saw an expression      @typescript-eslint/no-unused-expressions
  15:332615  error  Expected an assignment or function call and instead saw an expression      @typescript-eslint/no-unused-expressions
  15:332724  error  Expected an assignment or function call and instead saw an expression      @typescript-eslint/no-unused-expressions
  15:333250  error  Expected an assignment or function call and instead saw an expression      @typescript-eslint/no-unused-expressions
  15:333390  error  Expected an assignment or function call and instead saw an expression      @typescript-eslint/no-unused-expressions
  15:333475  error  Expected an assignment or function call and instead saw an expression      @typescript-eslint/no-unused-expressions
  15:333525  error  Expected an assignment or function call and instead saw an expression      @typescript-eslint/no-unused-expressions
  15:333783  error  Expected an assignment or function call and instead saw an expression      @typescript-eslint/no-unused-expressions
  15:334001  error  Expected an assignment or function call and instead saw an expression      @typescript-eslint/no-unused-expressions
  15:334182  error  Expected an assignment or function call and instead saw an expression      @typescript-eslint/no-unused-expressions
  15:335119  error  Expected an assignment or function call and instead saw an expression      @typescript-eslint/no-unused-expressions
  15:335197  error  Expected an assignment or function call and instead saw an expression      @typescript-eslint/no-unused-expressions
  15:335253  error  Expected an assignment or function call and instead saw an expression      @typescript-eslint/no-unused-expressions
  15:335285  error  Expected an assignment or function call and instead saw an expression      @typescript-eslint/no-unused-expressions
  15:335413  error  Expected an assignment or function call and instead saw an expression      @typescript-eslint/no-unused-expressions
  15:335593  error  Expected an assignment or function call and instead saw an expression      @typescript-eslint/no-unused-expressions
  15:335709  error  Expected an assignment or function call and instead saw an expression      @typescript-eslint/no-unused-expressions
  15:335776  error  Expected an assignment or function call and instead saw an expression      @typescript-eslint/no-unused-expressions
  15:335834  error  Expected an assignment or function call and instead saw an expression      @typescript-eslint/no-unused-expressions
  15:336159  error  Expected an assignment or function call and instead saw an expression      @typescript-eslint/no-unused-expressions
  15:336187  error  Expected an assignment or function call and instead saw an expression      @typescript-eslint/no-unused-expressions
  15:336295  error  Expected an assignment or function call and instead saw an expression      @typescript-eslint/no-unused-expressions
  15:336392  error  Expected an assignment or function call and instead saw an expression      @typescript-eslint/no-unused-expressions
  15:336441  error  Expected an assignment or function call and instead saw an expression      @typescript-eslint/no-unused-expressions
  15:336627  error  Expected an assignment or function call and instead saw an expression      @typescript-eslint/no-unused-expressions
  15:336665  error  Expected an assignment or function call and instead saw an expression      @typescript-eslint/no-unused-expressions
  15:336845  error  Expected an assignment or function call and instead saw an expression      @typescript-eslint/no-unused-expressions
  15:337015  error  Expected an assignment or function call and instead saw an expression      @typescript-eslint/no-unused-expressions
  15:337081  error  Expected an assignment or function call and instead saw an expression      @typescript-eslint/no-unused-expressions
  15:338238  error  Expected an assignment or function call and instead saw an expression      @typescript-eslint/no-unused-expressions
  15:338477  error  Expected an assignment or function call and instead saw an expression      @typescript-eslint/no-unused-expressions
  15:338525  error  Expected an assignment or function call and instead saw an expression      @typescript-eslint/no-unused-expressions
  15:339006  error  Expected an assignment or function call and instead saw an expression      @typescript-eslint/no-unused-expressions
  15:339035  error  Expected an assignment or function call and instead saw an expression      @typescript-eslint/no-unused-expressions
  15:339171  error  Expected an assignment or function call and instead saw an expression      @typescript-eslint/no-unused-expressions
  15:339235  error  Expected an assignment or function call and instead saw an expression      @typescript-eslint/no-unused-expressions
  15:339299  error  Expected an assignment or function call and instead saw an expression      @typescript-eslint/no-unused-expressions
  15:339413  error  Expected an assignment or function call and instead saw an expression      @typescript-eslint/no-unused-expressions
  15:339423  error  Expected an assignment or function call and instead saw an expression      @typescript-eslint/no-unused-expressions
  15:339432  error  Expected an assignment or function call and instead saw an expression      @typescript-eslint/no-unused-expressions
  15:340358  error  Expected an assignment or function call and instead saw an expression      @typescript-eslint/no-unused-expressions
  15:340647  error  Expected an assignment or function call and instead saw an expression      @typescript-eslint/no-unused-expressions
  15:340776  error  Expected an assignment or function call and instead saw an expression      @typescript-eslint/no-unused-expressions
  15:341500  error  Expected an assignment or function call and instead saw an expression      @typescript-eslint/no-unused-expressions
  15:341693  error  Expected an assignment or function call and instead saw an expression      @typescript-eslint/no-unused-expressions
  15:341771  error  Expected an assignment or function call and instead saw an expression      @typescript-eslint/no-unused-expressions
  15:341839  error  Expected an assignment or function call and instead saw an expression      @typescript-eslint/no-unused-expressions
  15:341948  error  Expected an assignment or function call and instead saw an expression      @typescript-eslint/no-unused-expressions
  15:342119  error  Expected an assignment or function call and instead saw an expression      @typescript-eslint/no-unused-expressions
  15:342626  error  Expected an assignment or function call and instead saw an expression      @typescript-eslint/no-unused-expressions
  15:342860  error  Expected an assignment or function call and instead saw an expression      @typescript-eslint/no-unused-expressions
  15:342948  error  Expected an assignment or function call and instead saw an expression      @typescript-eslint/no-unused-expressions
  15:343568  error  Expected an assignment or function call and instead saw an expression      @typescript-eslint/no-unused-expressions
  15:343689  error  Expected an assignment or function call and instead saw an expression      @typescript-eslint/no-unused-expressions
  15:343764  error  Expected an assignment or function call and instead saw an expression      @typescript-eslint/no-unused-expressions
  15:343837  error  Expected an assignment or function call and instead saw an expression      @typescript-eslint/no-unused-expressions
  15:343925  error  Expected an assignment or function call and instead saw an expression      @typescript-eslint/no-unused-expressions
  15:344200  error  Expected an assignment or function call and instead saw an expression      @typescript-eslint/no-unused-expressions
  15:345068  error  Expected an assignment or function call and instead saw an expression      @typescript-eslint/no-unused-expressions
  15:345512  error  Expected an assignment or function call and instead saw an expression      @typescript-eslint/no-unused-expressions
  15:345594  error  Expected an assignment or function call and instead saw an expression      @typescript-eslint/no-unused-expressions
  15:346024  error  Expected an assignment or function call and instead saw an expression      @typescript-eslint/no-unused-expressions
  15:346126  error  Expected an assignment or function call and instead saw an expression      @typescript-eslint/no-unused-expressions
  15:346168  error  Expected an assignment or function call and instead saw an expression      @typescript-eslint/no-unused-expressions
  15:346186  error  Expected an assignment or function call and instead saw an expression      @typescript-eslint/no-unused-expressions
  15:346595  error  Expected an assignment or function call and instead saw an expression      @typescript-eslint/no-unused-expressions
  15:346659  error  Expected an assignment or function call and instead saw an expression      @typescript-eslint/no-unused-expressions
  15:346733  error  Expected an assignment or function call and instead saw an expression      @typescript-eslint/no-unused-expressions
  15:346799  error  Expected an assignment or function call and instead saw an expression      @typescript-eslint/no-unused-expressions
  15:347321  error  Expected an assignment or function call and instead saw an expression      @typescript-eslint/no-unused-expressions
  15:347474  error  Expected an assignment or function call and instead saw an expression      @typescript-eslint/no-unused-expressions
  15:347797  error  Expected an assignment or function call and instead saw an expression      @typescript-eslint/no-unused-expressions
  15:347901  error  Expected an assignment or function call and instead saw an expression      @typescript-eslint/no-unused-expressions
  15:348001  error  Expected an assignment or function call and instead saw an expression      @typescript-eslint/no-unused-expressions
  15:348396  error  Expected an assignment or function call and instead saw an expression      @typescript-eslint/no-unused-expressions
  15:348469  error  'UZIP' is not defined                                                      no-undef
  15:348474  error  'UZIP' is not defined                                                      no-undef
  15:348618  error  Expected an assignment or function call and instead saw an expression      @typescript-eslint/no-unused-expressions
  15:349558  error  Expected an assignment or function call and instead saw an expression      @typescript-eslint/no-unused-expressions
  15:350101  error  Expected an assignment or function call and instead saw an expression      @typescript-eslint/no-unused-expressions
  15:350209  error  Expected an assignment or function call and instead saw an expression      @typescript-eslint/no-unused-expressions
  15:350326  error  Expected an assignment or function call and instead saw an expression      @typescript-eslint/no-unused-expressions
  15:350457  error  Expected an assignment or function call and instead saw an expression      @typescript-eslint/no-unused-expressions
  15:350678  error  Expected an assignment or function call and instead saw an expression      @typescript-eslint/no-unused-expressions
  15:350949  error  Expected an assignment or function call and instead saw an expression      @typescript-eslint/no-unused-expressions
  15:351283  error  Expected an assignment or function call and instead saw an expression      @typescript-eslint/no-unused-expressions
  15:351792  error  Expected an assignment or function call and instead saw an expression      @typescript-eslint/no-unused-expressions
  15:352134  error  Expected an assignment or function call and instead saw an expression      @typescript-eslint/no-unused-expressions
  15:353544  error  Expected an assignment or function call and instead saw an expression      @typescript-eslint/no-unused-expressions
  15:353631  error  Expected an assignment or function call and instead saw an expression      @typescript-eslint/no-unused-expressions
  15:353644  error  Expected an assignment or function call and instead saw an expression      @typescript-eslint/no-unused-expressions
  15:354089  error  Expected an assignment or function call and instead saw an expression      @typescript-eslint/no-unused-expressions
  15:354236  error  Expected an assignment or function call and instead saw an expression      @typescript-eslint/no-unused-expressions
  15:354696  error  Expected an assignment or function call and instead saw an expression      @typescript-eslint/no-unused-expressions
  15:355685  error  Expected an assignment or function call and instead saw an expression      @typescript-eslint/no-unused-expressions
  15:356352  error  Expected an assignment or function call and instead saw an expression      @typescript-eslint/no-unused-expressions
  15:356426  error  Expected an assignment or function call and instead saw an expression      @typescript-eslint/no-unused-expressions
  15:356671  error  Expected an assignment or function call and instead saw an expression      @typescript-eslint/no-unused-expressions
  15:356773  error  Expected an assignment or function call and instead saw an expression      @typescript-eslint/no-unused-expressions
  15:357803  error  Expected an assignment or function call and instead saw an expression      @typescript-eslint/no-unused-expressions
  15:357949  error  Expected an assignment or function call and instead saw an expression      @typescript-eslint/no-unused-expressions
  15:358240  error  Expected an assignment or function call and instead saw an expression      @typescript-eslint/no-unused-expressions
  15:358342  error  Expected an assignment or function call and instead saw an expression      @typescript-eslint/no-unused-expressions
  15:359590  error  Expected an assignment or function call and instead saw an expression      @typescript-eslint/no-unused-expressions
  15:360091  error  Expected an assignment or function call and instead saw an expression      @typescript-eslint/no-unused-expressions
  15:360120  error  Expected an assignment or function call and instead saw an expression      @typescript-eslint/no-unused-expressions
  15:365111  error  Expected an assignment or function call and instead saw an expression      @typescript-eslint/no-unused-expressions
  15:365368  error  Expected an assignment or function call and instead saw an expression      @typescript-eslint/no-unused-expressions
  15:365475  error  Expected an assignment or function call and instead saw an expression      @typescript-eslint/no-unused-expressions
  15:365502  error  Expected an assignment or function call and instead saw an expression      @typescript-eslint/no-unused-expressions
  15:365552  error  Expected an assignment or function call and instead saw an expression      @typescript-eslint/no-unused-expressions
  15:365612  error  Expected an assignment or function call and instead saw an expression      @typescript-eslint/no-unused-expressions
  15:365713  error  Expected a conditional expression and instead saw an assignment            no-cond-assign
  15:365793  error  Expected an assignment or function call and instead saw an expression      @typescript-eslint/no-unused-expressions
  15:365922  error  Expected an assignment or function call and instead saw an expression      @typescript-eslint/no-unused-expressions
  15:366038  error  Expected an assignment or function call and instead saw an expression      @typescript-eslint/no-unused-expressions
  15:366575  error  Expected an assignment or function call and instead saw an expression      @typescript-eslint/no-unused-expressions
  15:366694  error  Expected an assignment or function call and instead saw an expression      @typescript-eslint/no-unused-expressions
  15:366971  error  Expected an assignment or function call and instead saw an expression      @typescript-eslint/no-unused-expressions
  15:367172  error  Expected an assignment or function call and instead saw an expression      @typescript-eslint/no-unused-expressions
  15:367205  error  Expected an assignment or function call and instead saw an expression      @typescript-eslint/no-unused-expressions
  15:367459  error  Expected an assignment or function call and instead saw an expression      @typescript-eslint/no-unused-expressions
  15:367605  error  Expected an assignment or function call and instead saw an expression      @typescript-eslint/no-unused-expressions
  15:367736  error  Expected an assignment or function call and instead saw an expression      @typescript-eslint/no-unused-expressions
  15:368024  error  Expected an assignment or function call and instead saw an expression      @typescript-eslint/no-unused-expressions
  15:368481  error  Expected an assignment or function call and instead saw an expression      @typescript-eslint/no-unused-expressions
  15:368523  error  Expected an assignment or function call and instead saw an expression      @typescript-eslint/no-unused-expressions
  15:368546  error  Expected an assignment or function call and instead saw an expression      @typescript-eslint/no-unused-expressions
  15:368622  error  Expected an assignment or function call and instead saw an expression      @typescript-eslint/no-unused-expressions
  15:368862  error  Expected an assignment or function call and instead saw an expression      @typescript-eslint/no-unused-expressions
  15:369096  error  Expected an assignment or function call and instead saw an expression      @typescript-eslint/no-unused-expressions
  15:369501  error  Expected an assignment or function call and instead saw an expression      @typescript-eslint/no-unused-expressions
  15:369783  error  Expected an assignment or function call and instead saw an expression      @typescript-eslint/no-unused-expressions
  15:370538  error  Expected an assignment or function call and instead saw an expression      @typescript-eslint/no-unused-expressions
  15:371621  error  Expected an assignment or function call and instead saw an expression      @typescript-eslint/no-unused-expressions
  15:376831  error  Expected an assignment or function call and instead saw an expression      @typescript-eslint/no-unused-expressions
  15:376893  error  Expected an assignment or function call and instead saw an expression      @typescript-eslint/no-unused-expressions
  15:377073  error  Expected an assignment or function call and instead saw an expression      @typescript-eslint/no-unused-expressions
  15:377306  error  Unnecessary escape character: \ .                                          no-useless-escape
  15:377322  error  Unnecessary escape character: \ .                                          no-useless-escape
  15:377352  error  Unnecessary escape character: \ .                                          no-useless-escape
  15:377390  error  Expected an assignment or function call and instead saw an expression      @typescript-eslint/no-unused-expressions
  15:378167  error  Expected an assignment or function call and instead saw an expression      @typescript-eslint/no-unused-expressions
  15:378534  error  Expected an assignment or function call and instead saw an expression      @typescript-eslint/no-unused-expressions
  15:379601  error  Expected an assignment or function call and instead saw an expression      @typescript-eslint/no-unused-expressions
  15:379724  error  Expected an assignment or function call and instead saw an expression      @typescript-eslint/no-unused-expressions
  15:379813  error  Expected an assignment or function call and instead saw an expression      @typescript-eslint/no-unused-expressions
  15:381693  error  Expected an assignment or function call and instead saw an expression      @typescript-eslint/no-unused-expressions
  15:381784  error  Expected an assignment or function call and instead saw an expression      @typescript-eslint/no-unused-expressions
  15:382441  error  Expected an assignment or function call and instead saw an expression      @typescript-eslint/no-unused-expressions
  15:383393  error  Expected an assignment or function call and instead saw an expression      @typescript-eslint/no-unused-expressions
  15:383573  error  Expected an assignment or function call and instead saw an expression      @typescript-eslint/no-unused-expressions
  15:387358  error  Expected an assignment or function call and instead saw an expression      @typescript-eslint/no-unused-expressions
  15:388140  error  Expected an assignment or function call and instead saw an expression      @typescript-eslint/no-unused-expressions
  15:389072  error  Expected an assignment or function call and instead saw an expression      @typescript-eslint/no-unused-expressions
  15:391263  error  Expected an assignment or function call and instead saw an expression      @typescript-eslint/no-unused-expressions
  15:392422  error  Expected an assignment or function call and instead saw an expression      @typescript-eslint/no-unused-expressions
  15:394703  error  Expected an assignment or function call and instead saw an expression      @typescript-eslint/no-unused-expressions
  15:395207  error  Expected an assignment or function call and instead saw an expression      @typescript-eslint/no-unused-expressions
  15:396243  error  Expected an assignment or function call and instead saw an expression      @typescript-eslint/no-unused-expressions
  15:396327  error  Expected an assignment or function call and instead saw an expression      @typescript-eslint/no-unused-expressions
  15:396793  error  Expected an assignment or function call and instead saw an expression      @typescript-eslint/no-unused-expressions
  15:396929  error  Expected an assignment or function call and instead saw an expression      @typescript-eslint/no-unused-expressions
  15:397198  error  Expected an assignment or function call and instead saw an expression      @typescript-eslint/no-unused-expressions
  15:399551  error  Expected an assignment or function call and instead saw an expression      @typescript-eslint/no-unused-expressions
  15:399690  error  Expected an assignment or function call and instead saw an expression      @typescript-eslint/no-unused-expressions
  15:400153  error  Expected an assignment or function call and instead saw an expression      @typescript-eslint/no-unused-expressions
  15:400288  error  Expected an assignment or function call and instead saw an expression      @typescript-eslint/no-unused-expressions
  15:400385  error  Expected an assignment or function call and instead saw an expression      @typescript-eslint/no-unused-expressions
  15:400540  error  Expected an assignment or function call and instead saw an expression      @typescript-eslint/no-unused-expressions
  15:400938  error  Expected an assignment or function call and instead saw an expression      @typescript-eslint/no-unused-expressions
  15:401105  error  Expected an assignment or function call and instead saw an expression      @typescript-eslint/no-unused-expressions
  15:401296  error  Expected an assignment or function call and instead saw an expression      @typescript-eslint/no-unused-expressions
  15:402942  error  Expected an assignment or function call and instead saw an expression      @typescript-eslint/no-unused-expressions
  15:404578  error  Expected an assignment or function call and instead saw an expression      @typescript-eslint/no-unused-expressions
  15:406231  error  Expected an assignment or function call and instead saw an expression      @typescript-eslint/no-unused-expressions
  15:406308  error  Expected an assignment or function call and instead saw an expression      @typescript-eslint/no-unused-expressions
  15:406493  error  Expected an assignment or function call and instead saw an expression      @typescript-eslint/no-unused-expressions
  15:406624  error  Expected an assignment or function call and instead saw an expression      @typescript-eslint/no-unused-expressions
  15:406888  error  Expected an assignment or function call and instead saw an expression      @typescript-eslint/no-unused-expressions
  15:406932  error  Expected an assignment or function call and instead saw an expression      @typescript-eslint/no-unused-expressions
  15:407640  error  Expected an assignment or function call and instead saw an expression      @typescript-eslint/no-unused-expressions
  15:408923  error  Expected an assignment or function call and instead saw an expression      @typescript-eslint/no-unused-expressions
  15:409008  error  Expected a 'break' statement before 'case'                                 no-fallthrough
  15:409212  error  Expected an assignment or function call and instead saw an expression      @typescript-eslint/no-unused-expressions
  15:409231  error  Expected a 'break' statement before 'case'                                 no-fallthrough
  15:409617  error  Expected an assignment or function call and instead saw an expression      @typescript-eslint/no-unused-expressions
  15:410892  error  Expected an assignment or function call and instead saw an expression      @typescript-eslint/no-unused-expressions
  15:411079  error  Expected an assignment or function call and instead saw an expression      @typescript-eslint/no-unused-expressions
  15:411582  error  Expected an assignment or function call and instead saw an expression      @typescript-eslint/no-unused-expressions
  15:411653  error  Expected a 'break' statement before 'case'                                 no-fallthrough
  15:412271  error  Expected an assignment or function call and instead saw an expression      @typescript-eslint/no-unused-expressions
  15:413530  error  Expected an assignment or function call and instead saw an expression      @typescript-eslint/no-unused-expressions
  15:413662  error  Expected a 'break' statement before 'case'                                 no-fallthrough
  15:413934  error  Expected an assignment or function call and instead saw an expression      @typescript-eslint/no-unused-expressions
  15:414391  error  Expected an assignment or function call and instead saw an expression      @typescript-eslint/no-unused-expressions
  15:414434  error  Expected a 'break' statement before 'case'                                 no-fallthrough
  15:414498  error  Expected an assignment or function call and instead saw an expression      @typescript-eslint/no-unused-expressions
  15:414530  error  Expected a 'break' statement before 'case'                                 no-fallthrough
  15:414556  error  Unexpected comma in middle of array                                        no-sparse-arrays
  15:414829  error  Expected an assignment or function call and instead saw an expression      @typescript-eslint/no-unused-expressions
  15:414848  error  Expected a 'break' statement before 'case'                                 no-fallthrough
  15:415294  error  Expected an assignment or function call and instead saw an expression      @typescript-eslint/no-unused-expressions
  15:416926  error  Expected an assignment or function call and instead saw an expression      @typescript-eslint/no-unused-expressions
  15:416989  error  Expected an assignment or function call and instead saw an expression      @typescript-eslint/no-unused-expressions
  15:417140  error  Expected an assignment or function call and instead saw an expression      @typescript-eslint/no-unused-expressions
  15:417675  error  Expected an assignment or function call and instead saw an expression      @typescript-eslint/no-unused-expressions
  15:418220  error  Expected an assignment or function call and instead saw an expression      @typescript-eslint/no-unused-expressions
  15:418315  error  Expected an assignment or function call and instead saw an expression      @typescript-eslint/no-unused-expressions
  15:418452  error  Expected an assignment or function call and instead saw an expression      @typescript-eslint/no-unused-expressions
  15:419265  error  Expected an assignment or function call and instead saw an expression      @typescript-eslint/no-unused-expressions
  15:419444  error  Expected an assignment or function call and instead saw an expression      @typescript-eslint/no-unused-expressions
  15:420677  error  Expected an assignment or function call and instead saw an expression      @typescript-eslint/no-unused-expressions
  15:421801  error  Expected an assignment or function call and instead saw an expression      @typescript-eslint/no-unused-expressions
  15:423611  error  Expected an assignment or function call and instead saw an expression      @typescript-eslint/no-unused-expressions
  15:423755  error  Expected an assignment or function call and instead saw an expression      @typescript-eslint/no-unused-expressions
  15:424099  error  Expected an assignment or function call and instead saw an expression      @typescript-eslint/no-unused-expressions
  15:424258  error  Expected an assignment or function call and instead saw an expression      @typescript-eslint/no-unused-expressions
  15:424455  error  Expected an assignment or function call and instead saw an expression      @typescript-eslint/no-unused-expressions
  15:425211  error  Expected an assignment or function call and instead saw an expression      @typescript-eslint/no-unused-expressions
  15:425317  error  Expected an assignment or function call and instead saw an expression      @typescript-eslint/no-unused-expressions
  15:425450  error  Expected an assignment or function call and instead saw an expression      @typescript-eslint/no-unused-expressions
  15:425480  error  Expected an assignment or function call and instead saw an expression      @typescript-eslint/no-unused-expressions
  15:425582  error  Expected an assignment or function call and instead saw an expression      @typescript-eslint/no-unused-expressions
  15:426227  error  Expected an assignment or function call and instead saw an expression      @typescript-eslint/no-unused-expressions
  15:426373  error  Expected an assignment or function call and instead saw an expression      @typescript-eslint/no-unused-expressions
  15:426575  error  Expected an assignment or function call and instead saw an expression      @typescript-eslint/no-unused-expressions
  15:426717  error  Expected an assignment or function call and instead saw an expression      @typescript-eslint/no-unused-expressions
  15:435476  error  Expected an assignment or function call and instead saw an expression      @typescript-eslint/no-unused-expressions
  15:435613  error  Expected an assignment or function call and instead saw an expression      @typescript-eslint/no-unused-expressions
  15:435808  error  Expected an assignment or function call and instead saw an expression      @typescript-eslint/no-unused-expressions
  15:436412  error  Expected an assignment or function call and instead saw an expression      @typescript-eslint/no-unused-expressions
  15:436786  error  Expected an assignment or function call and instead saw an expression      @typescript-eslint/no-unused-expressions
  15:437117  error  Expected an assignment or function call and instead saw an expression      @typescript-eslint/no-unused-expressions
  15:437599  error  Expected an assignment or function call and instead saw an expression      @typescript-eslint/no-unused-expressions
  15:437857  error  Expected an assignment or function call and instead saw an expression      @typescript-eslint/no-unused-expressions
  15:438289  error  Unnecessary escape character: \ .                                          no-useless-escape
  15:438305  error  Unnecessary escape character: \ .                                          no-useless-escape
  15:438334  error  Unnecessary escape character: \ .                                          no-useless-escape
  15:438537  error  Unnecessary escape character: \ .                                          no-useless-escape
  15:438567  error  Unnecessary escape character: \ .                                          no-useless-escape
  15:438597  error  Unnecessary escape character: \ .                                          no-useless-escape
  15:438627  error  Unnecessary escape character: \ .                                          no-useless-escape
  15:438965  error  Expected an assignment or function call and instead saw an expression      @typescript-eslint/no-unused-expressions
  15:442436  error  Expected an assignment or function call and instead saw an expression      @typescript-eslint/no-unused-expressions
  15:442555  error  Expected an assignment or function call and instead saw an expression      @typescript-eslint/no-unused-expressions
  15:442690  error  Expected an assignment or function call and instead saw an expression      @typescript-eslint/no-unused-expressions
  15:444331  error  Expected an assignment or function call and instead saw an expression      @typescript-eslint/no-unused-expressions
  15:444390  error  Expected an assignment or function call and instead saw an expression      @typescript-eslint/no-unused-expressions
  15:444628  error  Expected an assignment or function call and instead saw an expression      @typescript-eslint/no-unused-expressions
  15:445002  error  Expected an assignment or function call and instead saw an expression      @typescript-eslint/no-unused-expressions
  15:445592  error  Expected an assignment or function call and instead saw an expression      @typescript-eslint/no-unused-expressions
  15:445635  error  Expected a 'break' statement before 'case'                                 no-fallthrough
  15:445739  error  Expected an assignment or function call and instead saw an expression      @typescript-eslint/no-unused-expressions
  15:446918  error  Expected an assignment or function call and instead saw an expression      @typescript-eslint/no-unused-expressions
  15:446954  error  Expected a 'break' statement before 'case'                                 no-fallthrough
  15:447058  error  Expected an assignment or function call and instead saw an expression      @typescript-eslint/no-unused-expressions
  15:447405  error  Expected an assignment or function call and instead saw an expression      @typescript-eslint/no-unused-expressions
  15:447750  error  Unexpected aliasing of 'this' to local variable                            @typescript-eslint/no-this-alias
  15:447957  error  Expected an assignment or function call and instead saw an expression      @typescript-eslint/no-unused-expressions
  15:448090  error  Expected an assignment or function call and instead saw an expression      @typescript-eslint/no-unused-expressions
  15:448684  error  Expected an assignment or function call and instead saw an expression      @typescript-eslint/no-unused-expressions
  15:450563  error  Expected an assignment or function call and instead saw an expression      @typescript-eslint/no-unused-expressions
  15:450641  error  Expected an assignment or function call and instead saw an expression      @typescript-eslint/no-unused-expressions
  15:451683  error  Expected an assignment or function call and instead saw an expression      @typescript-eslint/no-unused-expressions
  15:452509  error  Expected an assignment or function call and instead saw an expression      @typescript-eslint/no-unused-expressions
  15:453365  error  Expected an assignment or function call and instead saw an expression      @typescript-eslint/no-unused-expressions
  15:453443  error  Expected an assignment or function call and instead saw an expression      @typescript-eslint/no-unused-expressions
  15:453662  error  Expected an assignment or function call and instead saw an expression      @typescript-eslint/no-unused-expressions
  15:454308  error  Expected an assignment or function call and instead saw an expression      @typescript-eslint/no-unused-expressions
  15:454985  error  Expected an assignment or function call and instead saw an expression      @typescript-eslint/no-unused-expressions
  15:456160  error  Expected an assignment or function call and instead saw an expression      @typescript-eslint/no-unused-expressions
  15:456287  error  Expected an assignment or function call and instead saw an expression      @typescript-eslint/no-unused-expressions
  15:456644  error  Expected an assignment or function call and instead saw an expression      @typescript-eslint/no-unused-expressions
  15:456729  error  Expected an assignment or function call and instead saw an expression      @typescript-eslint/no-unused-expressions
  15:458335  error  Expected an assignment or function call and instead saw an expression      @typescript-eslint/no-unused-expressions
  15:459084  error  Expected an assignment or function call and instead saw an expression      @typescript-eslint/no-unused-expressions
  15:459428  error  Expected an assignment or function call and instead saw an expression      @typescript-eslint/no-unused-expressions
  15:459529  error  Expected an assignment or function call and instead saw an expression      @typescript-eslint/no-unused-expressions
  15:460417  error  Expected an assignment or function call and instead saw an expression      @typescript-eslint/no-unused-expressions
  15:460609  error  Expected an assignment or function call and instead saw an expression      @typescript-eslint/no-unused-expressions
  15:460873  error  Expected an assignment or function call and instead saw an expression      @typescript-eslint/no-unused-expressions
  15:461000  error  Expected an assignment or function call and instead saw an expression      @typescript-eslint/no-unused-expressions
  15:461308  error  Expected an assignment or function call and instead saw an expression      @typescript-eslint/no-unused-expressions
  15:461393  error  Expected an assignment or function call and instead saw an expression      @typescript-eslint/no-unused-expressions
  15:462410  error  Expected an assignment or function call and instead saw an expression      @typescript-eslint/no-unused-expressions
  15:463160  error  Expected an assignment or function call and instead saw an expression      @typescript-eslint/no-unused-expressions
  15:463504  error  Expected an assignment or function call and instead saw an expression      @typescript-eslint/no-unused-expressions
  15:463605  error  Expected an assignment or function call and instead saw an expression      @typescript-eslint/no-unused-expressions
  15:464740  error  Expected an assignment or function call and instead saw an expression      @typescript-eslint/no-unused-expressions
  15:464882  error  Expected an assignment or function call and instead saw an expression      @typescript-eslint/no-unused-expressions
  15:464979  error  Expected an assignment or function call and instead saw an expression      @typescript-eslint/no-unused-expressions
  15:465057  error  Expected an assignment or function call and instead saw an expression      @typescript-eslint/no-unused-expressions
  15:465816  error  Expected an assignment or function call and instead saw an expression      @typescript-eslint/no-unused-expressions
  15:466637  error  Expected an assignment or function call and instead saw an expression      @typescript-eslint/no-unused-expressions
  15:467231  error  Expected an assignment or function call and instead saw an expression      @typescript-eslint/no-unused-expressions
  15:468149  error  Expected an assignment or function call and instead saw an expression      @typescript-eslint/no-unused-expressions
  15:468490  error  Expected an assignment or function call and instead saw an expression      @typescript-eslint/no-unused-expressions
  15:468950  error  Expected an assignment or function call and instead saw an expression      @typescript-eslint/no-unused-expressions
  15:469396  error  Expected an assignment or function call and instead saw an expression      @typescript-eslint/no-unused-expressions
  15:469595  error  Expected an assignment or function call and instead saw an expression      @typescript-eslint/no-unused-expressions
  15:469710  error  Expected an assignment or function call and instead saw an expression      @typescript-eslint/no-unused-expressions
  15:471290  error  Expected an assignment or function call and instead saw an expression      @typescript-eslint/no-unused-expressions
  15:471473  error  Expected an assignment or function call and instead saw an expression      @typescript-eslint/no-unused-expressions
  15:471892  error  Expected an assignment or function call and instead saw an expression      @typescript-eslint/no-unused-expressions
  15:472641  error  Expected an assignment or function call and instead saw an expression      @typescript-eslint/no-unused-expressions
  15:472985  error  Expected an assignment or function call and instead saw an expression      @typescript-eslint/no-unused-expressions
  15:473086  error  Expected an assignment or function call and instead saw an expression      @typescript-eslint/no-unused-expressions
  15:473451  error  Expected an assignment or function call and instead saw an expression      @typescript-eslint/no-unused-expressions
  15:473997  error  Unexpected aliasing of 'this' to local variable                            @typescript-eslint/no-this-alias
  15:474004  error  Expected an assignment or function call and instead saw an expression      @typescript-eslint/no-unused-expressions
  15:474580  error  Expected an assignment or function call and instead saw an expression      @typescript-eslint/no-unused-expressions
  15:477283  error  Expected an assignment or function call and instead saw an expression      @typescript-eslint/no-unused-expressions
  15:477934  error  Expected an assignment or function call and instead saw an expression      @typescript-eslint/no-unused-expressions
  15:477965  error  Expected an assignment or function call and instead saw an expression      @typescript-eslint/no-unused-expressions
  15:478149  error  Expected an assignment or function call and instead saw an expression      @typescript-eslint/no-unused-expressions
  15:478272  error  Expected an assignment or function call and instead saw an expression      @typescript-eslint/no-unused-expressions
  15:478398  error  Expected an assignment or function call and instead saw an expression      @typescript-eslint/no-unused-expressions
  15:478499  error  Expected an assignment or function call and instead saw an expression      @typescript-eslint/no-unused-expressions
  15:478598  error  Expected an assignment or function call and instead saw an expression      @typescript-eslint/no-unused-expressions
  15:479416  error  Expected an assignment or function call and instead saw an expression      @typescript-eslint/no-unused-expressions
  15:479776  error  Expected an assignment or function call and instead saw an expression      @typescript-eslint/no-unused-expressions
  15:479851  error  Expected an assignment or function call and instead saw an expression      @typescript-eslint/no-unused-expressions
  15:480943  error  Expected an assignment or function call and instead saw an expression      @typescript-eslint/no-unused-expressions
  15:481977  error  Expected an assignment or function call and instead saw an expression      @typescript-eslint/no-unused-expressions
  15:482155  error  Expected an assignment or function call and instead saw an expression      @typescript-eslint/no-unused-expressions
  15:482458  error  Expected an assignment or function call and instead saw an expression      @typescript-eslint/no-unused-expressions
  15:483068  error  Expected a 'break' statement before 'case'                                 no-fallthrough
  15:483172  error  Expected an assignment or function call and instead saw an expression      @typescript-eslint/no-unused-expressions
  15:483518  error  Expected an assignment or function call and instead saw an expression      @typescript-eslint/no-unused-expressions
  15:483889  error  Expected a 'break' statement before 'case'                                 no-fallthrough
  15:483991  error  Expected an assignment or function call and instead saw an expression      @typescript-eslint/no-unused-expressions
  15:484350  error  Unexpected aliasing of 'this' to local variable                            @typescript-eslint/no-this-alias
  15:484519  error  Expected an assignment or function call and instead saw an expression      @typescript-eslint/no-unused-expressions
  15:485094  error  Expected an assignment or function call and instead saw an expression      @typescript-eslint/no-unused-expressions
  15:487282  error  Expected an assignment or function call and instead saw an expression      @typescript-eslint/no-unused-expressions
  15:488935  error  Expected an assignment or function call and instead saw an expression      @typescript-eslint/no-unused-expressions
  15:489877  error  Expected an assignment or function call and instead saw an expression      @typescript-eslint/no-unused-expressions
  15:490812  error  Expected an assignment or function call and instead saw an expression      @typescript-eslint/no-unused-expressions
  15:492014  error  Expected an assignment or function call and instead saw an expression      @typescript-eslint/no-unused-expressions
  15:492035  error  Expected a 'break' statement before 'case'                                 no-fallthrough
  15:493424  error  Expected an assignment or function call and instead saw an expression      @typescript-eslint/no-unused-expressions
  15:493445  error  Expected a 'break' statement before 'case'                                 no-fallthrough
  15:494064  error  Expected an assignment or function call and instead saw an expression      @typescript-eslint/no-unused-expressions
  15:494200  error  Expected a 'break' statement before 'case'                                 no-fallthrough
  15:494280  error  Expected an assignment or function call and instead saw an expression      @typescript-eslint/no-unused-expressions
  15:494347  error  Expected a 'break' statement before 'case'                                 no-fallthrough
  15:495778  error  Expected an assignment or function call and instead saw an expression      @typescript-eslint/no-unused-expressions
  15:495971  error  Expected an assignment or function call and instead saw an expression      @typescript-eslint/no-unused-expressions
  15:496523  error  Expected an assignment or function call and instead saw an expression      @typescript-eslint/no-unused-expressions
  15:496548  error  Expected a 'break' statement before 'case'                                 no-fallthrough
  15:496596  error  Expected an assignment or function call and instead saw an expression      @typescript-eslint/no-unused-expressions
  15:496615  error  Expected a 'break' statement before 'case'                                 no-fallthrough
  15:496787  error  Expected an assignment or function call and instead saw an expression      @typescript-eslint/no-unused-expressions
  15:497317  error  Expected an assignment or function call and instead saw an expression      @typescript-eslint/no-unused-expressions
  15:497661  error  Expected an assignment or function call and instead saw an expression      @typescript-eslint/no-unused-expressions
  15:497928  error  Expected an assignment or function call and instead saw an expression      @typescript-eslint/no-unused-expressions
  15:498131  error  Expected an assignment or function call and instead saw an expression      @typescript-eslint/no-unused-expressions
  15:498409  error  Expected an assignment or function call and instead saw an expression      @typescript-eslint/no-unused-expressions
  15:498607  error  Expected an assignment or function call and instead saw an expression      @typescript-eslint/no-unused-expressions
  15:498705  error  Expected an assignment or function call and instead saw an expression      @typescript-eslint/no-unused-expressions
  15:498811  error  Expected an assignment or function call and instead saw an expression      @typescript-eslint/no-unused-expressions
  15:499017  error  Expected an assignment or function call and instead saw an expression      @typescript-eslint/no-unused-expressions
  15:499223  error  Expected an assignment or function call and instead saw an expression      @typescript-eslint/no-unused-expressions
  15:499429  error  Expected an assignment or function call and instead saw an expression      @typescript-eslint/no-unused-expressions
  15:499633  error  Expected an assignment or function call and instead saw an expression      @typescript-eslint/no-unused-expressions
  15:500713  error  Expected an assignment or function call and instead saw an expression      @typescript-eslint/no-unused-expressions
  15:501008  error  Expected an assignment or function call and instead saw an expression      @typescript-eslint/no-unused-expressions
  15:501191  error  Expected an assignment or function call and instead saw an expression      @typescript-eslint/no-unused-expressions
  15:501497  error  Expected an assignment or function call and instead saw an expression      @typescript-eslint/no-unused-expressions
  15:501615  error  Expected an assignment or function call and instead saw an expression      @typescript-eslint/no-unused-expressions
  15:501694  error  Expected an assignment or function call and instead saw an expression      @typescript-eslint/no-unused-expressions
  15:501771  error  Expected an assignment or function call and instead saw an expression      @typescript-eslint/no-unused-expressions
  15:501921  error  Expected an assignment or function call and instead saw an expression      @typescript-eslint/no-unused-expressions
  15:502003  error  Expected an assignment or function call and instead saw an expression      @typescript-eslint/no-unused-expressions
  15:502096  error  Expected an assignment or function call and instead saw an expression      @typescript-eslint/no-unused-expressions
  15:502326  error  Expected an assignment or function call and instead saw an expression      @typescript-eslint/no-unused-expressions
  15:502420  error  Expected an assignment or function call and instead saw an expression      @typescript-eslint/no-unused-expressions
  15:502491  error  Expected an assignment or function call and instead saw an expression      @typescript-eslint/no-unused-expressions
  15:502564  error  Expected an assignment or function call and instead saw an expression      @typescript-eslint/no-unused-expressions
  15:502638  error  Expected an assignment or function call and instead saw an expression      @typescript-eslint/no-unused-expressions
  15:502913  error  Expected an assignment or function call and instead saw an expression      @typescript-eslint/no-unused-expressions
  15:503933  error  Expected an assignment or function call and instead saw an expression      @typescript-eslint/no-unused-expressions
  15:504419  error  Expected an assignment or function call and instead saw an expression      @typescript-eslint/no-unused-expressions
  15:505404  error  Expected an assignment or function call and instead saw an expression      @typescript-eslint/no-unused-expressions
  15:506544  error  Expected an assignment or function call and instead saw an expression      @typescript-eslint/no-unused-expressions
  15:507311  error  Expected an assignment or function call and instead saw an expression      @typescript-eslint/no-unused-expressions
  15:507975  error  Expected an assignment or function call and instead saw an expression      @typescript-eslint/no-unused-expressions
  15:508667  error  Expected an assignment or function call and instead saw an expression      @typescript-eslint/no-unused-expressions
  15:509114  error  Expected an assignment or function call and instead saw an expression      @typescript-eslint/no-unused-expressions
  15:509998  error  Expected an assignment or function call and instead saw an expression      @typescript-eslint/no-unused-expressions
  15:510806  error  Expected an assignment or function call and instead saw an expression      @typescript-eslint/no-unused-expressions
  15:510838  error  Expected an assignment or function call and instead saw an expression      @typescript-eslint/no-unused-expressions
  15:510975  error  Expected an assignment or function call and instead saw an expression      @typescript-eslint/no-unused-expressions
  15:511761  error  Expected an assignment or function call and instead saw an expression      @typescript-eslint/no-unused-expressions
  15:512482  error  Expected an assignment or function call and instead saw an expression      @typescript-eslint/no-unused-expressions
  15:512533  error  Expected an assignment or function call and instead saw an expression      @typescript-eslint/no-unused-expressions
  15:512987  error  Expected an assignment or function call and instead saw an expression      @typescript-eslint/no-unused-expressions
  15:513841  error  Expected an assignment or function call and instead saw an expression      @typescript-eslint/no-unused-expressions
  15:513979  error  Expected an assignment or function call and instead saw an expression      @typescript-eslint/no-unused-expressions
  15:514400  error  Expected an assignment or function call and instead saw an expression      @typescript-eslint/no-unused-expressions
  15:514654  error  Expected an assignment or function call and instead saw an expression      @typescript-eslint/no-unused-expressions
  15:514785  error  Expected an assignment or function call and instead saw an expression      @typescript-eslint/no-unused-expressions
  15:515747  error  Expected an assignment or function call and instead saw an expression      @typescript-eslint/no-unused-expressions
  15:516091  error  Expected an assignment or function call and instead saw an expression      @typescript-eslint/no-unused-expressions
  15:516192  error  Expected an assignment or function call and instead saw an expression      @typescript-eslint/no-unused-expressions
  15:516539  error  Expected an assignment or function call and instead saw an expression      @typescript-eslint/no-unused-expressions
  15:523484  error  Expected an assignment or function call and instead saw an expression      @typescript-eslint/no-unused-expressions
  15:523512  error  Expected an assignment or function call and instead saw an expression      @typescript-eslint/no-unused-expressions
  15:523609  error  Expected an assignment or function call and instead saw an expression      @typescript-eslint/no-unused-expressions
  15:523669  error  Expected an assignment or function call and instead saw an expression      @typescript-eslint/no-unused-expressions
  15:523703  error  Expected an assignment or function call and instead saw an expression      @typescript-eslint/no-unused-expressions
  15:523747  error  Expected an assignment or function call and instead saw an expression      @typescript-eslint/no-unused-expressions
  15:523834  error  Expected an assignment or function call and instead saw an expression      @typescript-eslint/no-unused-expressions
  15:523895  error  Expected an assignment or function call and instead saw an expression      @typescript-eslint/no-unused-expressions

D:\code\AntiGravity\pdftoolskit-main\scripts\apply-all-translations.js
  1:12  error  A `require()` style import is forbidden  @typescript-eslint/no-require-imports
  2:14  error  A `require()` style import is forbidden  @typescript-eslint/no-require-imports

D:\code\AntiGravity\pdftoolskit-main\scripts\apply-full-translations.js
  1:12  error  A `require()` style import is forbidden  @typescript-eslint/no-require-imports
  2:14  error  A `require()` style import is forbidden  @typescript-eslint/no-require-imports

D:\code\AntiGravity\pdftoolskit-main\scripts\generate-locales.js
  1:12  error  A `require()` style import is forbidden  @typescript-eslint/no-require-imports
  2:14  error  A `require()` style import is forbidden  @typescript-eslint/no-require-imports

D:\code\AntiGravity\pdftoolskit-main\scripts\test-encryption.js
  3:21  error  A `require()` style import is forbidden  @typescript-eslint/no-require-imports
  8:25  error  A `require()` style import is forbidden  @typescript-eslint/no-require-imports

D:\code\AntiGravity\pdftoolskit-main\tailwind.config.ts
  84:9  error  A `require()` style import is forbidden  @typescript-eslint/no-require-imports

Γ£û 2510 problems (2510 errors, 0 warnings)
  5 errors and 0 warnings potentially fixable with the `--fix` option.

